Archive member included to satisfy reference by file (symbol)

C:/ST/STM32CubeIDE_1.15.1/STM32CubeIDE/plugins/com.st.stm32cube.ide.mcu.externaltools.gnu-tools-for-stm32.12.3.rel1.win32_1.0.200.202406191623/tools/bin/../lib/gcc/arm-none-eabi/12.3.1/../../../../arm-none-eabi/lib/thumb/v7-m/nofp\libc_nano.a(libc_a-exit.o)
                              C:/ST/STM32CubeIDE_1.15.1/STM32CubeIDE/plugins/com.st.stm32cube.ide.mcu.externaltools.gnu-tools-for-stm32.12.3.rel1.win32_1.0.200.202406191623/tools/bin/../lib/gcc/arm-none-eabi/12.3.1/../../../../arm-none-eabi/lib/thumb/v7-m/nofp/crt0.o (exit)
C:/ST/STM32CubeIDE_1.15.1/STM32CubeIDE/plugins/com.st.stm32cube.ide.mcu.externaltools.gnu-tools-for-stm32.12.3.rel1.win32_1.0.200.202406191623/tools/bin/../lib/gcc/arm-none-eabi/12.3.1/../../../../arm-none-eabi/lib/thumb/v7-m/nofp\libc_nano.a(libc_a-findfp.o)
                              C:/ST/STM32CubeIDE_1.15.1/STM32CubeIDE/plugins/com.st.stm32cube.ide.mcu.externaltools.gnu-tools-for-stm32.12.3.rel1.win32_1.0.200.202406191623/tools/bin/../lib/gcc/arm-none-eabi/12.3.1/../../../../arm-none-eabi/lib/thumb/v7-m/nofp\libc_nano.a(libc_a-exit.o) (__stdio_exit_handler)
C:/ST/STM32CubeIDE_1.15.1/STM32CubeIDE/plugins/com.st.stm32cube.ide.mcu.externaltools.gnu-tools-for-stm32.12.3.rel1.win32_1.0.200.202406191623/tools/bin/../lib/gcc/arm-none-eabi/12.3.1/../../../../arm-none-eabi/lib/thumb/v7-m/nofp\libc_nano.a(libc_a-fwalk.o)
                              C:/ST/STM32CubeIDE_1.15.1/STM32CubeIDE/plugins/com.st.stm32cube.ide.mcu.externaltools.gnu-tools-for-stm32.12.3.rel1.win32_1.0.200.202406191623/tools/bin/../lib/gcc/arm-none-eabi/12.3.1/../../../../arm-none-eabi/lib/thumb/v7-m/nofp\libc_nano.a(libc_a-findfp.o) (_fwalk_sglue)
C:/ST/STM32CubeIDE_1.15.1/STM32CubeIDE/plugins/com.st.stm32cube.ide.mcu.externaltools.gnu-tools-for-stm32.12.3.rel1.win32_1.0.200.202406191623/tools/bin/../lib/gcc/arm-none-eabi/12.3.1/../../../../arm-none-eabi/lib/thumb/v7-m/nofp\libc_nano.a(libc_a-stdio.o)
                              C:/ST/STM32CubeIDE_1.15.1/STM32CubeIDE/plugins/com.st.stm32cube.ide.mcu.externaltools.gnu-tools-for-stm32.12.3.rel1.win32_1.0.200.202406191623/tools/bin/../lib/gcc/arm-none-eabi/12.3.1/../../../../arm-none-eabi/lib/thumb/v7-m/nofp\libc_nano.a(libc_a-findfp.o) (__sread)
C:/ST/STM32CubeIDE_1.15.1/STM32CubeIDE/plugins/com.st.stm32cube.ide.mcu.externaltools.gnu-tools-for-stm32.12.3.rel1.win32_1.0.200.202406191623/tools/bin/../lib/gcc/arm-none-eabi/12.3.1/../../../../arm-none-eabi/lib/thumb/v7-m/nofp\libc_nano.a(libc_a-memset.o)
                              C:/ST/STM32CubeIDE_1.15.1/STM32CubeIDE/plugins/com.st.stm32cube.ide.mcu.externaltools.gnu-tools-for-stm32.12.3.rel1.win32_1.0.200.202406191623/tools/bin/../lib/gcc/arm-none-eabi/12.3.1/../../../../arm-none-eabi/lib/thumb/v7-m/nofp/crt0.o (memset)
C:/ST/STM32CubeIDE_1.15.1/STM32CubeIDE/plugins/com.st.stm32cube.ide.mcu.externaltools.gnu-tools-for-stm32.12.3.rel1.win32_1.0.200.202406191623/tools/bin/../lib/gcc/arm-none-eabi/12.3.1/../../../../arm-none-eabi/lib/thumb/v7-m/nofp\libc_nano.a(libc_a-closer.o)
                              C:/ST/STM32CubeIDE_1.15.1/STM32CubeIDE/plugins/com.st.stm32cube.ide.mcu.externaltools.gnu-tools-for-stm32.12.3.rel1.win32_1.0.200.202406191623/tools/bin/../lib/gcc/arm-none-eabi/12.3.1/../../../../arm-none-eabi/lib/thumb/v7-m/nofp\libc_nano.a(libc_a-stdio.o) (_close_r)
C:/ST/STM32CubeIDE_1.15.1/STM32CubeIDE/plugins/com.st.stm32cube.ide.mcu.externaltools.gnu-tools-for-stm32.12.3.rel1.win32_1.0.200.202406191623/tools/bin/../lib/gcc/arm-none-eabi/12.3.1/../../../../arm-none-eabi/lib/thumb/v7-m/nofp\libc_nano.a(libc_a-reent.o)
                              C:/ST/STM32CubeIDE_1.15.1/STM32CubeIDE/plugins/com.st.stm32cube.ide.mcu.externaltools.gnu-tools-for-stm32.12.3.rel1.win32_1.0.200.202406191623/tools/bin/../lib/gcc/arm-none-eabi/12.3.1/../../../../arm-none-eabi/lib/thumb/v7-m/nofp\libc_nano.a(libc_a-closer.o) (errno)
C:/ST/STM32CubeIDE_1.15.1/STM32CubeIDE/plugins/com.st.stm32cube.ide.mcu.externaltools.gnu-tools-for-stm32.12.3.rel1.win32_1.0.200.202406191623/tools/bin/../lib/gcc/arm-none-eabi/12.3.1/../../../../arm-none-eabi/lib/thumb/v7-m/nofp\libc_nano.a(libc_a-impure.o)
                              C:/ST/STM32CubeIDE_1.15.1/STM32CubeIDE/plugins/com.st.stm32cube.ide.mcu.externaltools.gnu-tools-for-stm32.12.3.rel1.win32_1.0.200.202406191623/tools/bin/../lib/gcc/arm-none-eabi/12.3.1/../../../../arm-none-eabi/lib/thumb/v7-m/nofp\libc_nano.a(libc_a-reent.o) (_impure_ptr)
C:/ST/STM32CubeIDE_1.15.1/STM32CubeIDE/plugins/com.st.stm32cube.ide.mcu.externaltools.gnu-tools-for-stm32.12.3.rel1.win32_1.0.200.202406191623/tools/bin/../lib/gcc/arm-none-eabi/12.3.1/../../../../arm-none-eabi/lib/thumb/v7-m/nofp\libc_nano.a(libc_a-lseekr.o)
[...]
Memory Configuration

Name             Origin             Length             Attributes
RAM              0x20000000         0x00005000         xrw
FLASH            0x08000000         0x00010000         xr
*default*        0x00000000         0xffffffff

Linker script and memory map

LOAD C:/ST/STM32CubeIDE_1.15.1/STM32CubeIDE/plugins/com.st.stm32cube.ide.mcu.externaltools.gnu-tools-for-stm32.12.3.rel1.win32_1.0.200.202406191623/tools/bin/../lib/gcc/arm-none-eabi/12.3.1/thumb/v7-m/nofp/crti.o
LOAD C:/ST/STM32CubeIDE_1.15.1/STM32CubeIDE/plugins/com.st.stm32cube.ide.mcu.externaltools.gnu-tools-for-stm32.12.3.rel1.win32_1.0.200.202406191623/tools/bin/../lib/gcc/arm-none-eabi/12.3.1/thumb/v7-m/nofp/crtbegin.o
LOAD C:/ST/STM32CubeIDE_1.15.1/STM32CubeIDE/plugins/com.st.stm32cube.ide.mcu.externaltools.gnu-tools-for-stm32.12.3.rel1.win32_1.0.200.202406191623/tools/bin/../lib/gcc/arm-none-eabi/12.3.1/../../../../arm-none-eabi/lib/thumb/v7-m/nofp/crt0.o
LOAD ./Core/Src/main.o
LOAD ./Core/Src/stm32f1xx_hal_msp.o
LOAD ./Core/Src/stm32f1xx_it.o
LOAD ./Core/Src/syscalls.o
LOAD ./Core/Src/sysmem.o
LOAD ./Core/Src/system_stm32f1xx.o
LOAD ./Core/Startup/startup_stm32f103c8tx.o
LOAD ./Drivers/STM32F1xx_HAL_Driver/Src/stm32f1xx_hal.o
LOAD ./Drivers/STM32F1xx_HAL_Driver/Src/stm32f1xx_hal_cortex.o
LOAD ./Drivers/STM32F1xx_HAL_Driver/Src/stm32f1xx_hal_crc.o
LOAD ./Drivers/STM32F1xx_HAL_Driver/Src/stm32f1xx_hal_dma.o
LOAD ./Drivers/STM32F1xx_HAL_Driver/Src/stm32f1xx_hal_exti.o
LOAD ./Drivers/STM32F1xx_HAL_Driver/Src/stm32f1xx_hal_flash.o
LOAD ./Drivers/STM32F1xx_HAL_Driver/Src/stm32f1xx_hal_flash_ex.o
LOAD ./Drivers/STM32F1xx_HAL_Driver/Src/stm32f1xx_hal_gpio.o
LOAD ./Drivers/STM32F1xx_HAL_Driver/Src/stm32f1xx_hal_gpio_ex.o
LOAD ./Drivers/STM32F1xx_HAL_Driver/Src/stm32f1xx_hal_i2c.o
LOAD ./Drivers/STM32F1xx_HAL_Driver/Src/stm32f1xx_hal_pcd.o
LOAD ./Drivers/STM32F1xx_HAL_Driver/Src/stm32f1xx_hal_pcd_ex.o
LOAD ./Drivers/STM32F1xx_HAL_Driver/Src/stm32f1xx_hal_pwr.o
LOAD ./Drivers/STM32F1xx_HAL_Driver/Src/stm32f1xx_hal_rcc.o
LOAD ./Drivers/STM32F1xx_HAL_Driver/Src/stm32f1xx_hal_rcc_ex.o
LOAD ./Drivers/STM32F1xx_HAL_Driver/Src/stm32f1xx_hal_tim.o
LOAD ./Drivers/STM32F1xx_HAL_Driver/Src/stm32f1xx_hal_tim_ex.o
LOAD ./Drivers/STM32F1xx_HAL_Driver/Src/stm32f1xx_ll_usb.o
LOAD ./Middlewares/ST/STM32_USB_Device_Library/Class/CDC/Src/usbd_cdc.o
LOAD ./Middlewares/ST/STM32_USB_Device_Library/Core/Src/usbd_core.o
LOAD ./Middlewares/ST/STM32_USB_Device_Library/Core/Src/usbd_ctlreq.o
LOAD ./Middlewares/ST/STM32_USB_Device_Library/Core/Src/usbd_ioreq.o
LOAD ./USB_DEVICE/App/usb_device.o
LOAD ./USB_DEVICE/App/usbd_cdc_if.o
LOAD ./USB_DEVICE/App/usbd_desc.o
LOAD ./USB_DEVICE/Target/usbd_conf.o
START GROUP
LOAD C:/ST/STM32CubeIDE_1.15.1/STM32CubeIDE/plugins/com.st.stm32cube.ide.mcu.externaltools.gnu-tools-for-stm32.12.3.rel1.win32_1.0.200.202406191623/tools/bin/../lib/gcc/arm-none-eabi/12.3.1/../../../../arm-none-eabi/lib/thumb/v7-m/nofp\libc_nano.a
LOAD C:/ST/STM32CubeIDE_1.15.1/STM32CubeIDE/plugins/com.st.stm32cube.ide.mcu.externaltools.gnu-tools-for-stm32.12.3.rel1.win32_1.0.200.202406191623/tools/bin/../lib/gcc/arm-none-eabi/12.3.1/../../../../arm-none-eabi/lib/thumb/v7-m/nofp\libm.a
END GROUP
START GROUP
LOAD C:/ST/STM32CubeIDE_1.15.1/STM32CubeIDE/plugins/com.st.stm32cube.ide.mcu.externaltools.gnu-tools-for-stm32.12.3.rel1.win32_1.0.200.202406191623/tools/bin/../lib/gcc/arm-none-eabi/12.3.1/thumb/v7-m/nofp\libgcc.a
LOAD C:/ST/STM32CubeIDE_1.15.1/STM32CubeIDE/plugins/com.st.stm32cube.ide.mcu.externaltools.gnu-tools-for-stm32.12.3.rel1.win32_1.0.200.202406191623/tools/bin/../lib/gcc/arm-none-eabi/12.3.1/../../../../arm-none-eabi/lib/thumb/v7-m/nofp\libc_nano.a
END GROUP
START GROUP
LOAD C:/ST/STM32CubeIDE_1.15.1/STM32CubeIDE/plugins/com.st.stm32cube.ide.mcu.externaltools.gnu-tools-for-stm32.12.3.rel1.win32_1.0.200.202406191623/tools/bin/../lib/gcc/arm-none-eabi/12.3.1/thumb/v7-m/nofp\libgcc.a
LOAD C:/ST/STM32CubeIDE_1.15.1/STM32CubeIDE/plugins/com.st.stm32cube.ide.mcu.externaltools.gnu-tools-for-stm32.12.3.rel1.win32_1.0.200.202406191623/tools/bin/../lib/gcc/arm-none-eabi/12.3.1/../../../../arm-none-eabi/lib/thumb/v7-m/nofp\libc_nano.a
LOAD C:/ST/STM32CubeIDE_1.15.1/STM32CubeIDE/plugins/com.st.stm32cube.ide.mcu.externaltools.gnu-tools-for-stm32.12.3.rel1.win32_1.0.200.202406191623/tools/bin/../lib/gcc/arm-none-eabi/12.3.1/../../../../arm-none-eabi/lib/thumb/v7-m/nofp\libnosys.a
END GROUP
START GROUP
LOAD C:/ST/STM32CubeIDE_1.15.1/STM32CubeIDE/plugins/com.st.stm32cube.ide.mcu.externaltools.gnu-tools-for-stm32.12.3.rel1.win32_1.0.200.202406191623/tools/bin/../lib/gcc/arm-none-eabi/12.3.1/thumb/v7-m/nofp\libgcc.a
LOAD C:/ST/STM32CubeIDE_1.15.1/STM32CubeIDE/plugins/com.st.stm32cube.ide.mcu.externaltools.gnu-tools-for-stm32.12.3.rel1.win32_1.0.200.202406191623/tools/bin/../lib/gcc/arm-none-eabi/12.3.1/../../../../arm-none-eabi/lib/thumb/v7-m/nofp\libc_nano.a
LOAD C:/ST/STM32CubeIDE_1.15.1/STM32CubeIDE/plugins/com.st.stm32cube.ide.mcu.externaltools.gnu-tools-for-stm32.12.3.rel1.win32_1.0.200.202406191623/tools/bin/../lib/gcc/arm-none-eabi/12.3.1/../../../../arm-none-eabi/lib/thumb/v7-m/nofp\libnosys.a
END GROUP
LOAD C:/ST/STM32CubeIDE_1.15.1/STM32CubeIDE/plugins/com.st.stm32cube.ide.mcu.externaltools.gnu-tools-for-stm32.12.3.rel1.win32_1.0.200.202406191623/tools/bin/../lib/gcc/arm-none-eabi/12.3.1/thumb/v7-m/nofp/crtend.o
LOAD C:/ST/STM32CubeIDE_1.15.1/STM32CubeIDE/plugins/com.st.stm32cube.ide.mcu.externaltools.gnu-tools-for-stm32.12.3.rel1.win32_1.0.200.202406191623/tools/bin/../lib/gcc/arm-none-eabi/12.3.1/thumb/v7-m/nofp/crtn.o
                0x20005000                        _estack = (ORIGIN (RAM) + LENGTH (RAM))
                0x00000200                        _Min_Heap_Size = 0x200
                0x00000400                        _Min_Stack_Size = 0x400

.isr_vector     0x08000000      0x10c
                0x08000000                        . = ALIGN (0x4)
 *(.isr_vector)
 .isr_vector    0x08000000      0x10c ./Core/Startup/startup_stm32f103c8tx.o
                0x08000000                g_pfnVectors
                0x0800010c                        . = ALIGN (0x4)

.text           0x0800010c     0x87d4
                0x0800010c                        . = ALIGN (0x4)
 *(.text)
 .text          0x0800010c       0x40 C:/ST/STM32CubeIDE_1.15.1/STM32CubeIDE/plugins/com.st.stm32cube.ide.mcu.externaltools.gnu-tools-for-stm32.12.3.rel1.win32_1.0.200.202406191623/tools/bin/../lib/gcc/arm-none-eabi/12.3.1/thumb/v7-m/nofp/crtbegin.o
 *(.text*)
 .text.main     0x0800014c      0x108 ./Core/Src/main.o
                0x0800014c                main
 .text.SystemClock_Config
                0x08000254       0xb4 ./Core/Src/main.o
                0x08000254                SystemClock_Config
 .text.MX_CRC_Init
                0x08000308       0x28 ./Core/Src/main.o
 .text.MX_I2C1_Init
                0x08000330       0x5c ./Core/Src/main.o
 .text.MX_GPIO_Init
                0x0800038c       0xb0 ./Core/Src/main.o
 .text.Error_Handler
                0x0800043c        0xc ./Core/Src/main.o
                0x0800043c                Error_Handler
 .text.HAL_MspInit
                0x08000448       0x64 ./Core/Src/stm32f1xx_hal_msp.o
                0x08000448                HAL_MspInit
 .text.HAL_CRC_MspInit
                0x080004ac       0x3c ./Core/Src/stm32f1xx_hal_msp.o
                0x080004ac                HAL_CRC_MspInit
 .text.HAL_I2C_MspInit
                0x080004e8       0x7c ./Core/Src/stm32f1xx_hal_msp.o
                0x080004e8                HAL_I2C_MspInit
 .text.NMI_Handler
                0x08000564        0x8 ./Core/Src/stm32f1xx_it.o
                0x08000564                NMI_Handler
 .text.HardFault_Handler
                0x0800056c        0x8 ./Core/Src/stm32f1xx_it.o
                0x0800056c                HardFault_Handler
 .text.MemManage_Handler
                0x08000574        0x8 ./Core/Src/stm32f1xx_it.o
                0x08000574                MemManage_Handler
 .text.BusFault_Handler
                0x0800057c        0x8 ./Core/Src/stm32f1xx_it.o
                0x0800057c                BusFault_Handler
 .text.UsageFault_Handler
                0x08000584        0x8 ./Core/Src/stm32f1xx_it.o
                0x08000584                UsageFault_Handler
 .text.SVC_Handler
                0x0800058c        0xc ./Core/Src/stm32f1xx_it.o
                0x0800058c                SVC_Handler
 .text.DebugMon_Handler
                0x08000598        0xc ./Core/Src/stm32f1xx_it.o
                0x08000598                DebugMon_Handler
 .text.PendSV_Handler
                0x080005a4        0xc ./Core/Src/stm32f1xx_it.o
                0x080005a4                PendSV_Handler
 .text.SysTick_Handler
                0x080005b0        0xc ./Core/Src/stm32f1xx_it.o
                0x080005b0                SysTick_Handler
 .text.USB_LP_CAN1_RX0_IRQHandler
                0x080005bc       0x14 ./Core/Src/stm32f1xx_it.o
                0x080005bc                USB_LP_CAN1_RX0_IRQHandler
 .text.SystemInit
                0x080005d0        0xc ./Core/Src/system_stm32f1xx.o
                0x080005d0                SystemInit
 .text.Reset_Handler
                0x080005dc       0x48 ./Core/Startup/startup_stm32f103c8tx.o
                0x080005dc                Reset_Handler
 .text.Default_Handler
                0x08000624        0x2 ./Core/Startup/startup_stm32f103c8tx.o
                0x08000624                RTC_Alarm_IRQHandler
                0x08000624                EXTI2_IRQHandler
                0x08000624                TIM1_CC_IRQHandler
                0x08000624                PVD_IRQHandler
                0x08000624                EXTI3_IRQHandler
                0x08000624                EXTI0_IRQHandler
                0x08000624                I2C2_EV_IRQHandler
                0x08000624                ADC1_2_IRQHandler
                0x08000624                SPI1_IRQHandler
                0x08000624                TAMPER_IRQHandler
                0x08000624                DMA1_Channel4_IRQHandler
                0x08000624                USART3_IRQHandler
                0x08000624                RTC_IRQHandler
                0x08000624                DMA1_Channel7_IRQHandler
                0x08000624                CAN1_RX1_IRQHandler
                0x08000624                TIM4_IRQHandler
                0x08000624                I2C1_EV_IRQHandler
                0x08000624                DMA1_Channel6_IRQHandler
                0x08000624                TIM3_IRQHandler
                0x08000624                RCC_IRQHandler
                0x08000624                TIM1_TRG_COM_IRQHandler
                0x08000624                DMA1_Channel1_IRQHandler
                0x08000624                Default_Handler
                0x08000624                EXTI15_10_IRQHandler
                0x08000624                EXTI9_5_IRQHandler
                0x08000624                SPI2_IRQHandler
                0x08000624                DMA1_Channel5_IRQHandler
                0x08000624                EXTI4_IRQHandler
                0x08000624                USB_HP_CAN1_TX_IRQHandler
                0x08000624                DMA1_Channel3_IRQHandler
                0x08000624                TIM1_UP_IRQHandler
                0x08000624                WWDG_IRQHandler
                0x08000624                TIM2_IRQHandler
                0x08000624                TIM1_BRK_IRQHandler
                0x08000624                EXTI1_IRQHandler
                0x08000624                USART2_IRQHandler
                0x08000624                I2C2_ER_IRQHandler
                0x08000624                DMA1_Channel2_IRQHandler
                0x08000624                CAN1_SCE_IRQHandler
                0x08000624                FLASH_IRQHandler
                0x08000624                USART1_IRQHandler
                0x08000624                I2C1_ER_IRQHandler
                0x08000624                USBWakeUp_IRQHandler
 *fill*         0x08000626        0x2 
 .text.HAL_Init
                0x08000628       0x2c ./Drivers/STM32F1xx_HAL_Driver/Src/stm32f1xx_hal.o
                0x08000628                HAL_Init
 .text.HAL_InitTick
                0x08000654       0x60 ./Drivers/STM32F1xx_HAL_Driver/Src/stm32f1xx_hal.o
                0x08000654                HAL_InitTick
 .text.HAL_IncTick
                0x080006b4       0x24 ./Drivers/STM32F1xx_HAL_Driver/Src/stm32f1xx_hal.o
                0x080006b4                HAL_IncTick
 .text.HAL_GetTick
                0x080006d8       0x14 ./Drivers/STM32F1xx_HAL_Driver/Src/stm32f1xx_hal.o
                0x080006d8                HAL_GetTick
 .text.HAL_Delay
                0x080006ec       0x48 ./Drivers/STM32F1xx_HAL_Driver/Src/stm32f1xx_hal.o
                0x080006ec                HAL_Delay
 .text.__NVIC_SetPriorityGrouping
                0x08000734       0x48 ./Drivers/STM32F1xx_HAL_Driver/Src/stm32f1xx_hal_cortex.o
 .text.__NVIC_GetPriorityGrouping
                0x0800077c       0x1c ./Drivers/STM32F1xx_HAL_Driver/Src/stm32f1xx_hal_cortex.o
 .text.__NVIC_EnableIRQ
                0x08000798       0x38 ./Drivers/STM32F1xx_HAL_Driver/Src/stm32f1xx_hal_cortex.o
 .text.__NVIC_SetPriority
                0x080007d0       0x54 ./Drivers/STM32F1xx_HAL_Driver/Src/stm32f1xx_hal_cortex.o
 .text.NVIC_EncodePriority
                0x08000824       0x64 ./Drivers/STM32F1xx_HAL_Driver/Src/stm32f1xx_hal_cortex.o
 .text.SysTick_Config
                0x08000888       0x44 ./Drivers/STM32F1xx_HAL_Driver/Src/stm32f1xx_hal_cortex.o
 .text.HAL_NVIC_SetPriorityGrouping
                0x080008cc       0x16 ./Drivers/STM32F1xx_HAL_Driver/Src/stm32f1xx_hal_cortex.o
                0x080008cc                HAL_NVIC_SetPriorityGrouping
 .text.HAL_NVIC_SetPriority
                0x080008e2       0x38 ./Drivers/STM32F1xx_HAL_Driver/Src/stm32f1xx_hal_cortex.o
                0x080008e2                HAL_NVIC_SetPriority
 .text.HAL_NVIC_EnableIRQ
                0x0800091a       0x1c ./Drivers/STM32F1xx_HAL_Driver/Src/stm32f1xx_hal_cortex.o
                0x0800091a                HAL_NVIC_EnableIRQ
 .text.HAL_SYSTICK_Config
                0x08000936       0x18 ./Drivers/STM32F1xx_HAL_Driver/Src/stm32f1xx_hal_cortex.o
                0x08000936                HAL_SYSTICK_Config
 .text.HAL_CRC_Init
                0x0800094e       0x38 ./Drivers/STM32F1xx_HAL_Driver/Src/stm32f1xx_hal_crc.o
                0x0800094e                HAL_CRC_Init
 .text.HAL_CRC_Calculate
                0x08000986       0x64 ./Drivers/STM32F1xx_HAL_Driver/Src/stm32f1xx_hal_crc.o
                0x08000986                HAL_CRC_Calculate
 *fill*         0x080009ea        0x2 
 .text.HAL_GPIO_Init
                0x080009ec      0x308 ./Drivers/STM32F1xx_HAL_Driver/Src/stm32f1xx_hal_gpio.o
                0x080009ec                HAL_GPIO_Init
 .text.HAL_GPIO_WritePin
                0x08000cf4       0x30 ./Drivers/STM32F1xx_HAL_Driver/Src/stm32f1xx_hal_gpio.o
                0x08000cf4                HAL_GPIO_WritePin
 .text.HAL_GPIO_TogglePin
                0x08000d24       0x32 ./Drivers/STM32F1xx_HAL_Driver/Src/stm32f1xx_hal_gpio.o
                0x08000d24                HAL_GPIO_TogglePin
 *fill*         0x08000d56        0x2 
 .text.HAL_I2C_Init
                0x08000d58      0x288 ./Drivers/STM32F1xx_HAL_Driver/Src/stm32f1xx_hal_i2c.o
                0x08000d58                HAL_I2C_Init
 .text.HAL_I2C_Master_Transmit
                0x08000fe0      0x1fc ./Drivers/STM32F1xx_HAL_Driver/Src/stm32f1xx_hal_i2c.o
                0x08000fe0                HAL_I2C_Master_Transmit
 .text.HAL_I2C_Master_Receive
                0x080011dc      0x4d8 ./Drivers/STM32F1xx_HAL_Driver/Src/stm32f1xx_hal_i2c.o
                0x080011dc                HAL_I2C_Master_Receive
 .text.I2C_MasterRequestWrite
                0x080016b4      0x104 ./Drivers/STM32F1xx_HAL_Driver/Src/stm32f1xx_hal_i2c.o
 .text.I2C_MasterRequestRead
                0x080017b8      0x19c ./Drivers/STM32F1xx_HAL_Driver/Src/stm32f1xx_hal_i2c.o
 .text.I2C_WaitOnFlagUntilTimeout
                0x08001954       0xf4 ./Drivers/STM32F1xx_HAL_Driver/Src/stm32f1xx_hal_i2c.o
 .text.I2C_WaitOnMasterAddressFlagUntilTimeout
                0x08001a48      0x140 ./Drivers/STM32F1xx_HAL_Driver/Src/stm32f1xx_hal_i2c.o
 .text.I2C_WaitOnTXEFlagUntilTimeout
                0x08001b88       0x90 ./Drivers/STM32F1xx_HAL_Driver/Src/stm32f1xx_hal_i2c.o
 .text.I2C_WaitOnBTFFlagUntilTimeout
                0x08001c18       0x90 ./Drivers/STM32F1xx_HAL_Driver/Src/stm32f1xx_hal_i2c.o
 .text.I2C_WaitOnRXNEFlagUntilTimeout
                0x08001ca8       0xba ./Drivers/STM32F1xx_HAL_Driver/Src/stm32f1xx_hal_i2c.o
 .text.I2C_IsAcknowledgeFailed
                0x08001d62       0x5c ./Drivers/STM32F1xx_HAL_Driver/Src/stm32f1xx_hal_i2c.o
 .text.HAL_PCD_Init
                0x08001dbe      0x1ec ./Drivers/STM32F1xx_HAL_Driver/Src/stm32f1xx_hal_pcd.o
                0x08001dbe                HAL_PCD_Init
 .text.HAL_PCD_Start
                0x08001faa       0x4c ./Drivers/STM32F1xx_HAL_Driver/Src/stm32f1xx_hal_pcd.o
                0x08001faa                HAL_PCD_Start
 .text.HAL_PCD_IRQHandler
                0x08001ff6      0x260 ./Drivers/STM32F1xx_HAL_Driver/Src/stm32f1xx_hal_pcd.o
                0x08001ff6                HAL_PCD_IRQHandler
 .text.HAL_PCD_SetAddress
                0x08002256       0x48 ./Drivers/STM32F1xx_HAL_Driver/Src/stm32f1xx_hal_pcd.o
                0x08002256                HAL_PCD_SetAddress
 .text.HAL_PCD_EP_Open
                0x0800229e       0xba ./Drivers/STM32F1xx_HAL_Driver/Src/stm32f1xx_hal_pcd.o
                0x0800229e                HAL_PCD_EP_Open
 .text.HAL_PCD_EP_Close
                0x08002358       0x90 ./Drivers/STM32F1xx_HAL_Driver/Src/stm32f1xx_hal_pcd.o
                0x08002358                HAL_PCD_EP_Close
 .text.HAL_PCD_EP_Receive
                0x080023e8       0x62 ./Drivers/STM32F1xx_HAL_Driver/Src/stm32f1xx_hal_pcd.o
                0x080023e8                HAL_PCD_EP_Receive
 .text.HAL_PCD_EP_GetRxCount
                0x0800244a       0x2e ./Drivers/STM32F1xx_HAL_Driver/Src/stm32f1xx_hal_pcd.o
                0x0800244a                HAL_PCD_EP_GetRxCount
 .text.HAL_PCD_EP_Transmit
                0x08002478       0x6e ./Drivers/STM32F1xx_HAL_Driver/Src/stm32f1xx_hal_pcd.o
                0x08002478                HAL_PCD_EP_Transmit
 .text.HAL_PCD_EP_SetStall
                0x080024e6       0xc0 ./Drivers/STM32F1xx_HAL_Driver/Src/stm32f1xx_hal_pcd.o
                0x080024e6                HAL_PCD_EP_SetStall
 .text.HAL_PCD_EP_ClrStall
                0x080025a6       0xa8 ./Drivers/STM32F1xx_HAL_Driver/Src/stm32f1xx_hal_pcd.o
                0x080025a6                HAL_PCD_EP_ClrStall
 .text.PCD_EP_ISR_Handler
                0x0800264e      0x79e ./Drivers/STM32F1xx_HAL_Driver/Src/stm32f1xx_hal_pcd.o
 .text.HAL_PCD_EP_DB_Receive
                0x08002dec      0x21a ./Drivers/STM32F1xx_HAL_Driver/Src/stm32f1xx_hal_pcd.o
 .text.HAL_PCD_EP_DB_Transmit
                0x08003006      0x7f4 ./Drivers/STM32F1xx_HAL_Driver/Src/stm32f1xx_hal_pcd.o
 .text.HAL_PCDEx_PMAConfig
                0x080037fa       0x84 ./Drivers/STM32F1xx_HAL_Driver/Src/stm32f1xx_hal_pcd_ex.o
                0x080037fa                HAL_PCDEx_PMAConfig
 *fill*         0x0800387e        0x2 
 .text.HAL_RCC_OscConfig
                0x08003880      0x504 ./Drivers/STM32F1xx_HAL_Driver/Src/stm32f1xx_hal_rcc.o
                0x08003880                HAL_RCC_OscConfig
 .text.HAL_RCC_ClockConfig
                0x08003d84      0x1d4 ./Drivers/STM32F1xx_HAL_Driver/Src/stm32f1xx_hal_rcc.o
                0x08003d84                HAL_RCC_ClockConfig
 .text.HAL_RCC_GetSysClockFreq
                0x08003f58       0xa8 ./Drivers/STM32F1xx_HAL_Driver/Src/stm32f1xx_hal_rcc.o
                0x08003f58                HAL_RCC_GetSysClockFreq
 .text.HAL_RCC_GetHCLKFreq
                0x08004000       0x14 ./Drivers/STM32F1xx_HAL_Driver/Src/stm32f1xx_hal_rcc.o
                0x08004000                HAL_RCC_GetHCLKFreq
 .text.HAL_RCC_GetPCLK1Freq
                0x08004014       0x28 ./Drivers/STM32F1xx_HAL_Driver/Src/stm32f1xx_hal_rcc.o
                0x08004014                HAL_RCC_GetPCLK1Freq
 .text.RCC_Delay
                0x0800403c       0x3c ./Drivers/STM32F1xx_HAL_Driver/Src/stm32f1xx_hal_rcc.o
 .text.HAL_RCCEx_PeriphCLKConfig
                0x08004078      0x16c ./Drivers/STM32F1xx_HAL_Driver/Src/stm32f1xx_hal_rcc_ex.o
                0x08004078                HAL_RCCEx_PeriphCLKConfig
 .text.USB_CoreInit
                0x080041e4       0x1a ./Drivers/STM32F1xx_HAL_Driver/Src/stm32f1xx_ll_usb.o
                0x080041e4                USB_CoreInit
 .text.USB_EnableGlobalInt
                0x080041fe       0x2c ./Drivers/STM32F1xx_HAL_Driver/Src/stm32f1xx_ll_usb.o
                0x080041fe                USB_EnableGlobalInt
 .text.USB_DisableGlobalInt
                0x0800422a       0x34 ./Drivers/STM32F1xx_HAL_Driver/Src/stm32f1xx_ll_usb.o
                0x0800422a                USB_DisableGlobalInt
 .text.USB_SetCurrentMode
                0x0800425e       0x18 ./Drivers/STM32F1xx_HAL_Driver/Src/stm32f1xx_ll_usb.o
                0x0800425e                USB_SetCurrentMode
 .text.USB_DevInit
                0x08004276       0x3a ./Drivers/STM32F1xx_HAL_Driver/Src/stm32f1xx_ll_usb.o
                0x08004276                USB_DevInit
 .text.USB_ActivateEndpoint
                0x080042b0      0x780 ./Drivers/STM32F1xx_HAL_Driver/Src/stm32f1xx_ll_usb.o
                0x080042b0                USB_ActivateEndpoint
 .text.USB_DeactivateEndpoint
                0x08004a30      0x3d8 ./Drivers/STM32F1xx_HAL_Driver/Src/stm32f1xx_ll_usb.o
                0x08004a30                USB_DeactivateEndpoint
 .text.USB_EPStartXfer
                0x08004e08     0x1762 ./Drivers/STM32F1xx_HAL_Driver/Src/stm32f1xx_ll_usb.o
                0x08004e08                USB_EPStartXfer
 .text.USB_EPSetStall
                0x0800656a       0xa0 ./Drivers/STM32F1xx_HAL_Driver/Src/stm32f1xx_ll_usb.o
                0x0800656a                USB_EPSetStall
 .text.USB_EPClearStall
                0x0800660a      0x15a ./Drivers/STM32F1xx_HAL_Driver/Src/stm32f1xx_ll_usb.o
                0x0800660a                USB_EPClearStall
 .text.USB_SetDevAddress
                0x08006764       0x26 ./Drivers/STM32F1xx_HAL_Driver/Src/stm32f1xx_ll_usb.o
                0x08006764                USB_SetDevAddress
 .text.USB_DevConnect
                0x0800678a       0x14 ./Drivers/STM32F1xx_HAL_Driver/Src/stm32f1xx_ll_usb.o
                0x0800678a                USB_DevConnect
 .text.USB_DevDisconnect
                0x0800679e       0x14 ./Drivers/STM32F1xx_HAL_Driver/Src/stm32f1xx_ll_usb.o
                0x0800679e                USB_DevDisconnect
 .text.USB_ReadInterrupts
                0x080067b2       0x1e ./Drivers/STM32F1xx_HAL_Driver/Src/stm32f1xx_ll_usb.o
                0x080067b2                USB_ReadInterrupts
 .text.USB_EP0_OutStart
                0x080067d0       0x16 ./Drivers/STM32F1xx_HAL_Driver/Src/stm32f1xx_ll_usb.o
                0x080067d0                USB_EP0_OutStart
 .text.USB_WritePMA
                0x080067e6       0x8a ./Drivers/STM32F1xx_HAL_Driver/Src/stm32f1xx_ll_usb.o
                0x080067e6                USB_WritePMA
 .text.USB_ReadPMA
                0x08006870       0x9e ./Drivers/STM32F1xx_HAL_Driver/Src/stm32f1xx_ll_usb.o
                0x08006870                USB_ReadPMA
 .text.USBD_CDC_Init
                0x0800690e       0xf4 ./Middlewares/ST/STM32_USB_Device_Library/Class/CDC/Src/usbd_cdc.o
 .text.USBD_CDC_DeInit
                0x08006a02       0x6e ./Middlewares/ST/STM32_USB_Device_Library/Class/CDC/Src/usbd_cdc.o
 .text.USBD_CDC_Setup
                0x08006a70      0x146 ./Middlewares/ST/STM32_USB_Device_Library/Class/CDC/Src/usbd_cdc.o
 .text.USBD_CDC_DataIn
                0x08006bb6       0xa6 ./Middlewares/ST/STM32_USB_Device_Library/Class/CDC/Src/usbd_cdc.o
 .text.USBD_CDC_DataOut
                0x08006c5c       0x56 ./Middlewares/ST/STM32_USB_Device_Library/Class/CDC/Src/usbd_cdc.o
 .text.USBD_CDC_EP0_RxReady
                0x08006cb2       0x4e ./Middlewares/ST/STM32_USB_Device_Library/Class/CDC/Src/usbd_cdc.o
 .text.USBD_CDC_GetFSCfgDesc
                0x08006d00       0x20 ./Middlewares/ST/STM32_USB_Device_Library/Class/CDC/Src/usbd_cdc.o
 .text.USBD_CDC_GetHSCfgDesc
                0x08006d20       0x20 ./Middlewares/ST/STM32_USB_Device_Library/Class/CDC/Src/usbd_cdc.o
 .text.USBD_CDC_GetOtherSpeedCfgDesc
                0x08006d40       0x20 ./Middlewares/ST/STM32_USB_Device_Library/Class/CDC/Src/usbd_cdc.o
 .text.USBD_CDC_GetDeviceQualifierDescriptor
                0x08006d60       0x20 ./Middlewares/ST/STM32_USB_Device_Library/Class/CDC/Src/usbd_cdc.o
                0x08006d60                USBD_CDC_GetDeviceQualifierDescriptor
 .text.USBD_CDC_RegisterInterface
                0x08006d80       0x2c ./Middlewares/ST/STM32_USB_Device_Library/Class/CDC/Src/usbd_cdc.o
                0x08006d80                USBD_CDC_RegisterInterface
 .text.USBD_CDC_SetTxBuffer
                0x08006dac       0x32 ./Middlewares/ST/STM32_USB_Device_Library/Class/CDC/Src/usbd_cdc.o
                0x08006dac                USBD_CDC_SetTxBuffer
 .text.USBD_CDC_SetRxBuffer
                0x08006dde       0x26 ./Middlewares/ST/STM32_USB_Device_Library/Class/CDC/Src/usbd_cdc.o
                0x08006dde                USBD_CDC_SetRxBuffer
 .text.USBD_CDC_ReceivePacket
                0x08006e04       0x54 ./Middlewares/ST/STM32_USB_Device_Library/Class/CDC/Src/usbd_cdc.o
                0x08006e04                USBD_CDC_ReceivePacket
 .text.USBD_Init
                0x08006e58       0x56 ./Middlewares/ST/STM32_USB_Device_Library/Core/Src/usbd_core.o
                0x08006e58                USBD_Init
 .text.USBD_RegisterClass
                0x08006eae       0x32 ./Middlewares/ST/STM32_USB_Device_Library/Core/Src/usbd_core.o
                0x08006eae                USBD_RegisterClass
 .text.USBD_Start
                0x08006ee0       0x18 ./Middlewares/ST/STM32_USB_Device_Library/Core/Src/usbd_core.o
                0x08006ee0                USBD_Start
 .text.USBD_RunTestMode
                0x08006ef8       0x14 ./Middlewares/ST/STM32_USB_Device_Library/Core/Src/usbd_core.o
                0x08006ef8                USBD_RunTestMode
 .text.USBD_SetClassConfig
                0x08006f0c       0x3e ./Middlewares/ST/STM32_USB_Device_Library/Core/Src/usbd_core.o
                0x08006f0c                USBD_SetClassConfig
 .text.USBD_ClrClassConfig
                0x08006f4a       0x26 ./Middlewares/ST/STM32_USB_Device_Library/Core/Src/usbd_core.o
                0x08006f4a                USBD_ClrClassConfig
 .text.USBD_LL_SetupStage
                0x08006f70       0x9a ./Middlewares/ST/STM32_USB_Device_Library/Core/Src/usbd_core.o
                0x08006f70                USBD_LL_SetupStage
 .text.USBD_LL_DataOutStage
                0x0800700a       0xe2 ./Middlewares/ST/STM32_USB_Device_Library/Core/Src/usbd_core.o
                0x0800700a                USBD_LL_DataOutStage
 .text.USBD_LL_DataInStage
                0x080070ec      0x14a ./Middlewares/ST/STM32_USB_Device_Library/Core/Src/usbd_core.o
                0x080070ec                USBD_LL_DataInStage
 .text.USBD_LL_Reset
                0x08007236       0x82 ./Middlewares/ST/STM32_USB_Device_Library/Core/Src/usbd_core.o
                0x08007236                USBD_LL_Reset
 .text.USBD_LL_SetSpeed
                0x080072b8       0x1e ./Middlewares/ST/STM32_USB_Device_Library/Core/Src/usbd_core.o
                0x080072b8                USBD_LL_SetSpeed
 .text.USBD_LL_Suspend
                0x080072d6       0x28 ./Middlewares/ST/STM32_USB_Device_Library/Core/Src/usbd_core.o
                0x080072d6                USBD_LL_Suspend
 .text.USBD_LL_Resume
                0x080072fe       0x2a ./Middlewares/ST/STM32_USB_Device_Library/Core/Src/usbd_core.o
                0x080072fe                USBD_LL_Resume
 .text.USBD_LL_SOF
                0x08007328       0x34 ./Middlewares/ST/STM32_USB_Device_Library/Core/Src/usbd_core.o
                0x08007328                USBD_LL_SOF
 .text.USBD_StdDevReq
                0x0800735c       0xd4 ./Middlewares/ST/STM32_USB_Device_Library/Core/Src/usbd_ctlreq.o
                0x0800735c                USBD_StdDevReq
 .text.USBD_StdItfReq
                0x08007430       0x90 ./Middlewares/ST/STM32_USB_Device_Library/Core/Src/usbd_ctlreq.o
                0x08007430                USBD_StdItfReq
 .text.USBD_StdEPReq
                0x080074c0      0x2c6 ./Middlewares/ST/STM32_USB_Device_Library/Core/Src/usbd_ctlreq.o
                0x080074c0                USBD_StdEPReq
 *fill*         0x08007786        0x2 
 .text.USBD_GetDescriptor
                0x08007788      0x2d0 ./Middlewares/ST/STM32_USB_Device_Library/Core/Src/usbd_ctlreq.o
 .text.USBD_SetAddress
                0x08007a58       0x86 ./Middlewares/ST/STM32_USB_Device_Library/Core/Src/usbd_ctlreq.o
 *fill*         0x08007ade        0x2 
 .text.USBD_SetConfig
                0x08007ae0      0x11c ./Middlewares/ST/STM32_USB_Device_Library/Core/Src/usbd_ctlreq.o
 .text.USBD_GetConfig
                0x08007bfc       0x6a ./Middlewares/ST/STM32_USB_Device_Library/Core/Src/usbd_ctlreq.o
 .text.USBD_GetStatus
                0x08007c66       0x66 ./Middlewares/ST/STM32_USB_Device_Library/Core/Src/usbd_ctlreq.o
 .text.USBD_SetFeature
                0x08007ccc       0x28 ./Middlewares/ST/STM32_USB_Device_Library/Core/Src/usbd_ctlreq.o
 .text.USBD_ClrFeature
                0x08007cf4       0x42 ./Middlewares/ST/STM32_USB_Device_Library/Core/Src/usbd_ctlreq.o
 .text.USBD_ParseSetupRequest
                0x08007d36       0x72 ./Middlewares/ST/STM32_USB_Device_Library/Core/Src/usbd_ctlreq.o
                0x08007d36                USBD_ParseSetupRequest
 .text.USBD_CtlError
                0x08007da8       0x22 ./Middlewares/ST/STM32_USB_Device_Library/Core/Src/usbd_ctlreq.o
                0x08007da8                USBD_CtlError
 .text.USBD_GetString
                0x08007dca       0x84 ./Middlewares/ST/STM32_USB_Device_Library/Core/Src/usbd_ctlreq.o
                0x08007dca                USBD_GetString
 .text.USBD_GetLen
                0x08007e4e       0x2e ./Middlewares/ST/STM32_USB_Device_Library/Core/Src/usbd_ctlreq.o
 .text.USBD_CtlSendData
                0x08007e7c       0x38 ./Middlewares/ST/STM32_USB_Device_Library/Core/Src/usbd_ioreq.o
                0x08007e7c                USBD_CtlSendData
 .text.USBD_CtlContinueSendData
                0x08007eb4       0x24 ./Middlewares/ST/STM32_USB_Device_Library/Core/Src/usbd_ioreq.o
                0x08007eb4                USBD_CtlContinueSendData
 .text.USBD_CtlPrepareRx
                0x08007ed8       0x3c ./Middlewares/ST/STM32_USB_Device_Library/Core/Src/usbd_ioreq.o
                0x08007ed8                USBD_CtlPrepareRx
 .text.USBD_CtlContinueRx
                0x08007f14       0x24 ./Middlewares/ST/STM32_USB_Device_Library/Core/Src/usbd_ioreq.o
                0x08007f14                USBD_CtlContinueRx
 .text.USBD_CtlSendStatus
                0x08007f38       0x26 ./Middlewares/ST/STM32_USB_Device_Library/Core/Src/usbd_ioreq.o
                0x08007f38                USBD_CtlSendStatus
 .text.USBD_CtlReceiveStatus
                0x08007f5e       0x26 ./Middlewares/ST/STM32_USB_Device_Library/Core/Src/usbd_ioreq.o
                0x08007f5e                USBD_CtlReceiveStatus
 .text.MX_USB_DEVICE_Init
                0x08007f84       0x60 ./USB_DEVICE/App/usb_device.o
                0x08007f84                MX_USB_DEVICE_Init
 .text.CDC_Init_FS
                0x08007fe4       0x28 ./USB_DEVICE/App/usbd_cdc_if.o
 .text.CDC_DeInit_FS
                0x0800800c        0xe ./USB_DEVICE/App/usbd_cdc_if.o
 *fill*         0x0800801a        0x2 
 .text.CDC_Control_FS
                0x0800801c       0xbc ./USB_DEVICE/App/usbd_cdc_if.o
 .text.CDC_Receive_FS
                0x080080d8       0x28 ./USB_DEVICE/App/usbd_cdc_if.o
 .text.USBD_FS_DeviceDescriptor
                0x08008100       0x24 ./USB_DEVICE/App/usbd_desc.o
                0x08008100                USBD_FS_DeviceDescriptor
 .text.USBD_FS_LangIDStrDescriptor
                0x08008124       0x24 ./USB_DEVICE/App/usbd_desc.o
                0x08008124                USBD_FS_LangIDStrDescriptor
 .text.USBD_FS_ProductStrDescriptor
                0x08008148       0x3c ./USB_DEVICE/App/usbd_desc.o
                0x08008148                USBD_FS_ProductStrDescriptor
 .text.USBD_FS_ManufacturerStrDescriptor
                0x08008184       0x28 ./USB_DEVICE/App/usbd_desc.o
                0x08008184                USBD_FS_ManufacturerStrDescriptor
 .text.USBD_FS_SerialStrDescriptor
                0x080081ac       0x24 ./USB_DEVICE/App/usbd_desc.o
                0x080081ac                USBD_FS_SerialStrDescriptor
 .text.USBD_FS_ConfigStrDescriptor
                0x080081d0       0x3c ./USB_DEVICE/App/usbd_desc.o
                0x080081d0                USBD_FS_ConfigStrDescriptor
 .text.USBD_FS_InterfaceStrDescriptor
                0x0800820c       0x3c ./USB_DEVICE/App/usbd_desc.o
                0x0800820c                USBD_FS_InterfaceStrDescriptor
 .text.Get_SerialNum
                0x08008248       0x58 ./USB_DEVICE/App/usbd_desc.o
 .text.IntToUnicode
                0x080082a0       0x7c ./USB_DEVICE/App/usbd_desc.o
 .text.HAL_PCD_MspInit
                0x0800831c       0x4c ./USB_DEVICE/Target/usbd_conf.o
                0x0800831c                HAL_PCD_MspInit
 .text.HAL_PCD_SetupStageCallback
                0x08008368       0x24 ./USB_DEVICE/Target/usbd_conf.o
                0x08008368                HAL_PCD_SetupStageCallback
 .text.HAL_PCD_DataOutStageCallback
                0x0800838c       0x36 ./USB_DEVICE/Target/usbd_conf.o
                0x0800838c                HAL_PCD_DataOutStageCallback
 .text.HAL_PCD_DataInStageCallback
                0x080083c2       0x34 ./USB_DEVICE/Target/usbd_conf.o
                0x080083c2                HAL_PCD_DataInStageCallback
 .text.HAL_PCD_SOFCallback
                0x080083f6       0x1c ./USB_DEVICE/Target/usbd_conf.o
                0x080083f6                HAL_PCD_SOFCallback
 .text.HAL_PCD_ResetCallback
                0x08008412       0x3c ./USB_DEVICE/Target/usbd_conf.o
                0x08008412                HAL_PCD_ResetCallback
 *fill*         0x0800844e        0x2 
 .text.HAL_PCD_SuspendCallback
                0x08008450       0x34 ./USB_DEVICE/Target/usbd_conf.o
                0x08008450                HAL_PCD_SuspendCallback
 .text.HAL_PCD_ResumeCallback
                0x08008484       0x1c ./USB_DEVICE/Target/usbd_conf.o
                0x08008484                HAL_PCD_ResumeCallback
 .text.USBD_LL_Init
                0x080084a0       0xb4 ./USB_DEVICE/Target/usbd_conf.o
                0x080084a0                USBD_LL_Init
 .text.USBD_LL_Start
                0x08008554       0x36 ./USB_DEVICE/Target/usbd_conf.o
                0x08008554                USBD_LL_Start
 .text.USBD_LL_OpenEP
                0x0800858a       0x4c ./USB_DEVICE/Target/usbd_conf.o
                0x0800858a                USBD_LL_OpenEP
 .text.USBD_LL_CloseEP
                0x080085d6       0x3e ./USB_DEVICE/Target/usbd_conf.o
                0x080085d6                USBD_LL_CloseEP
 .text.USBD_LL_StallEP
                0x08008614       0x3e ./USB_DEVICE/Target/usbd_conf.o
                0x08008614                USBD_LL_StallEP
 .text.USBD_LL_ClearStallEP
                0x08008652       0x3e ./USB_DEVICE/Target/usbd_conf.o
                0x08008652                USBD_LL_ClearStallEP
 .text.USBD_LL_IsStallEP
                0x08008690       0x56 ./USB_DEVICE/Target/usbd_conf.o
                0x08008690                USBD_LL_IsStallEP
 .text.USBD_LL_SetUSBAddress
                0x080086e6       0x3e ./USB_DEVICE/Target/usbd_conf.o
                0x080086e6                USBD_LL_SetUSBAddress
 .text.USBD_LL_Transmit
                0x08008724       0x46 ./USB_DEVICE/Target/usbd_conf.o
                0x08008724                USBD_LL_Transmit
 .text.USBD_LL_PrepareReceive
                0x0800876a       0x46 ./USB_DEVICE/Target/usbd_conf.o
                0x0800876a                USBD_LL_PrepareReceive
 .text.USBD_LL_GetRxDataSize
                0x080087b0       0x26 ./USB_DEVICE/Target/usbd_conf.o
                0x080087b0                USBD_LL_GetRxDataSize
 *fill*         0x080087d6        0x2 
 .text.USBD_static_malloc
                0x080087d8       0x18 ./USB_DEVICE/Target/usbd_conf.o
                0x080087d8                USBD_static_malloc
 .text.USBD_static_free
                0x080087f0       0x12 ./USB_DEVICE/Target/usbd_conf.o
                0x080087f0                USBD_static_free
 .text.HAL_PCDEx_SetConnectionState
                0x08008802       0x16 ./USB_DEVICE/Target/usbd_conf.o
                0x08008802                HAL_PCDEx_SetConnectionState
 .text.USBD_Get_USB_Status
                0x08008818       0x58 ./USB_DEVICE/Target/usbd_conf.o
 .text.memset   0x08008870       0x10 C:/ST/STM32CubeIDE_1.15.1/STM32CubeIDE/plugins/com.st.stm32cube.ide.mcu.externaltools.gnu-tools-for-stm32.12.3.rel1.win32_1.0.200.202406191623/tools/bin/../lib/gcc/arm-none-eabi/12.3.1/../../../../arm-none-eabi/lib/thumb/v7-m/nofp\libc_nano.a(libc_a-memset.o)
                0x08008870                memset
 .text.__libc_init_array
                0x08008880       0x48 C:/ST/STM32CubeIDE_1.15.1/STM32CubeIDE/plugins/com.st.stm32cube.ide.mcu.externaltools.gnu-tools-for-stm32.12.3.rel1.win32_1.0.200.202406191623/tools/bin/../lib/gcc/arm-none-eabi/12.3.1/../../../../arm-none-eabi/lib/thumb/v7-m/nofp\libc_nano.a(libc_a-init.o)
                0x08008880                __libc_init_array
 *(.glue_7)
 .glue_7        0x080088c8        0x0 linker stubs
 *(.glue_7t)
 .glue_7t       0x080088c8        0x0 linker stubs
 *(.eh_frame)
 .eh_frame      0x080088c8        0x0 C:/ST/STM32CubeIDE_1.15.1/STM32CubeIDE/plugins/com.st.stm32cube.ide.mcu.externaltools.gnu-tools-for-stm32.12.3.rel1.win32_1.0.200.202406191623/tools/bin/../lib/gcc/arm-none-eabi/12.3.1/thumb/v7-m/nofp/crtbegin.o
 *(.init)
 .init          0x080088c8        0x4 C:/ST/STM32CubeIDE_1.15.1/STM32CubeIDE/plugins/com.st.stm32cube.ide.mcu.externaltools.gnu-tools-for-stm32.12.3.rel1.win32_1.0.200.202406191623/tools/bin/../lib/gcc/arm-none-eabi/12.3.1/thumb/v7-m/nofp/crti.o
                0x080088c8                _init
 .init          0x080088cc        0x8 C:/ST/STM32CubeIDE_1.15.1/STM32CubeIDE/plugins/com.st.stm32cube.ide.mcu.externaltools.gnu-tools-for-stm32.12.3.rel1.win32_1.0.200.202406191623/tools/bin/../lib/gcc/arm-none-eabi/12.3.1/thumb/v7-m/nofp/crtn.o
 *(.fini)
 .fini          0x080088d4        0x4 C:/ST/STM32CubeIDE_1.15.1/STM32CubeIDE/plugins/com.st.stm32cube.ide.mcu.externaltools.gnu-tools-for-stm32.12.3.rel1.win32_1.0.200.202406191623/tools/bin/../lib/gcc/arm-none-eabi/12.3.1/thumb/v7-m/nofp/crti.o
                0x080088d4                _fini
 .fini          0x080088d8        0x8 C:/ST/STM32CubeIDE_1.15.1/STM32CubeIDE/plugins/com.st.stm32cube.ide.mcu.externaltools.gnu-tools-for-stm32.12.3.rel1.win32_1.0.200.202406191623/tools/bin/../lib/gcc/arm-none-eabi/12.3.1/thumb/v7-m/nofp/crtn.o
                0x080088e0                        . = ALIGN (0x4)
                0x080088e0                        _etext = .

.vfp11_veneer   0x080088e0        0x0
 .vfp11_veneer  0x080088e0        0x0 linker stubs

.v4_bx          0x080088e0        0x0
 .v4_bx         0x080088e0        0x0 linker stubs

.iplt           0x080088e0        0x0
 .iplt          0x080088e0        0x0 C:/ST/STM32CubeIDE_1.15.1/STM32CubeIDE/plugins/com.st.stm32cube.ide.mcu.externaltools.gnu-tools-for-stm32.12.3.rel1.win32_1.0.200.202406191623/tools/bin/../lib/gcc/arm-none-eabi/12.3.1/thumb/v7-m/nofp/crtbegin.o

.rodata         0x080088e0       0x74
                0x080088e0                        . = ALIGN (0x4)
 *(.rodata)
 .rodata        0x080088e0       0x46 ./USB_DEVICE/App/usbd_desc.o
 *(.rodata*)
 *fill*         0x08008926        0x2 
 .rodata.AHBPrescTable
                0x08008928       0x10 ./Core/Src/system_stm32f1xx.o
                0x08008928                AHBPrescTable
 .rodata.APBPrescTable
                0x08008938        0x8 ./Core/Src/system_stm32f1xx.o
                0x08008938                APBPrescTable
 .rodata.aPLLMULFactorTable.1
                0x08008940       0x10 ./Drivers/STM32F1xx_HAL_Driver/Src/stm32f1xx_hal_rcc.o
 .rodata.aPredivFactorTable.0
                0x08008950        0x2 ./Drivers/STM32F1xx_HAL_Driver/Src/stm32f1xx_hal_rcc.o
                0x08008954                        . = ALIGN (0x4)
 *fill*         0x08008952        0x2 

.ARM.extab      0x08008954        0x0
                0x08008954                        . = ALIGN (0x4)
 *(.ARM.extab* .gnu.linkonce.armextab.*)
                0x08008954                        . = ALIGN (0x4)

.ARM            0x08008954        0x0
                0x08008954                        . = ALIGN (0x4)
                0x08008954                        __exidx_start = .
 *(.ARM.exidx*)
                0x08008954                        __exidx_end = .
                0x08008954                        . = ALIGN (0x4)

.preinit_array  0x08008954        0x0
                0x08008954                        . = ALIGN (0x4)
                0x08008954                        PROVIDE (__preinit_array_start = .)
 *(.preinit_array*)
                0x08008954                        PROVIDE (__preinit_array_end = .)
                0x08008954                        . = ALIGN (0x4)

.init_array     0x08008954        0x4
                0x08008954                        . = ALIGN (0x4)
                0x08008954                        PROVIDE (__init_array_start = .)
 *(SORT_BY_NAME(.init_array.*))
 *(.init_array*)
 .init_array    0x08008954        0x4 C:/ST/STM32CubeIDE_1.15.1/STM32CubeIDE/plugins/com.st.stm32cube.ide.mcu.externaltools.gnu-tools-for-stm32.12.3.rel1.win32_1.0.200.202406191623/tools/bin/../lib/gcc/arm-none-eabi/12.3.1/thumb/v7-m/nofp/crtbegin.o
                0x08008958                        PROVIDE (__init_array_end = .)
                0x08008958                        . = ALIGN (0x4)

.fini_array     0x08008958        0x4
                0x08008958                        . = ALIGN (0x4)
                [!provide]                        PROVIDE (__fini_array_start = .)
 *(SORT_BY_NAME(.fini_array.*))
 *(.fini_array*)
 .fini_array    0x08008958        0x4 C:/ST/STM32CubeIDE_1.15.1/STM32CubeIDE/plugins/com.st.stm32cube.ide.mcu.externaltools.gnu-tools-for-stm32.12.3.rel1.win32_1.0.200.202406191623/tools/bin/../lib/gcc/arm-none-eabi/12.3.1/thumb/v7-m/nofp/crtbegin.o
                [!provide]                        PROVIDE (__fini_array_end = .)
                0x0800895c                        . = ALIGN (0x4)
                0x0800895c                        _sidata = LOADADDR (.data)

.rel.dyn        0x0800895c        0x0
 .rel.iplt      0x0800895c        0x0 C:/ST/STM32CubeIDE_1.15.1/STM32CubeIDE/plugins/com.st.stm32cube.ide.mcu.externaltools.gnu-tools-for-stm32.12.3.rel1.win32_1.0.200.202406191623/tools/bin/../lib/gcc/arm-none-eabi/12.3.1/thumb/v7-m/nofp/crtbegin.o

.data           0x20000000      0x17c load address 0x0800895c
                0x20000000                        . = ALIGN (0x4)
                0x20000000                        _sdata = .
 *(.data)
 *(.data*)
 .data.SystemCoreClock
                0x20000000        0x4 ./Core/Src/system_stm32f1xx.o
                0x20000000                SystemCoreClock
 .data.uwTickPrio
                0x20000004        0x4 ./Drivers/STM32F1xx_HAL_Driver/Src/stm32f1xx_hal.o
                0x20000004                uwTickPrio
 .data.uwTickFreq
                0x20000008        0x1 ./Drivers/STM32F1xx_HAL_Driver/Src/stm32f1xx_hal.o
                0x20000008                uwTickFreq
 *fill*         0x20000009        0x3 
 .data.USBD_CDC_DeviceQualifierDesc
                0x2000000c        0xa ./Middlewares/ST/STM32_USB_Device_Library/Class/CDC/Src/usbd_cdc.o
 *fill*         0x20000016        0x2 
 .data.USBD_CDC
                0x20000018       0x38 ./Middlewares/ST/STM32_USB_Device_Library/Class/CDC/Src/usbd_cdc.o
                0x20000018                USBD_CDC
 .data.USBD_CDC_CfgHSDesc
                0x20000050       0x43 ./Middlewares/ST/STM32_USB_Device_Library/Class/CDC/Src/usbd_cdc.o
                0x20000050                USBD_CDC_CfgHSDesc
 *fill*         0x20000093        0x1 
 .data.USBD_CDC_CfgFSDesc
                0x20000094       0x43 ./Middlewares/ST/STM32_USB_Device_Library/Class/CDC/Src/usbd_cdc.o
                0x20000094                USBD_CDC_CfgFSDesc
 *fill*         0x200000d7        0x1 
 .data.USBD_CDC_OtherSpeedCfgDesc
                0x200000d8       0x43 ./Middlewares/ST/STM32_USB_Device_Library/Class/CDC/Src/usbd_cdc.o
                0x200000d8                USBD_CDC_OtherSpeedCfgDesc
 *fill*         0x2000011b        0x1 
 .data.USBD_Interface_fops_FS
                0x2000011c       0x10 ./USB_DEVICE/App/usbd_cdc_if.o
                0x2000011c                USBD_Interface_fops_FS
 .data.FS_Desc  0x2000012c       0x1c ./USB_DEVICE/App/usbd_desc.o
                0x2000012c                FS_Desc
 .data.USBD_FS_DeviceDesc
                0x20000148       0x12 ./USB_DEVICE/App/usbd_desc.o
                0x20000148                USBD_FS_DeviceDesc
 *fill*         0x2000015a        0x2 
 .data.USBD_LangIDDesc
                0x2000015c        0x4 ./USB_DEVICE/App/usbd_desc.o
                0x2000015c                USBD_LangIDDesc
 .data.USBD_StringSerial
                0x20000160       0x1a ./USB_DEVICE/App/usbd_desc.o
                0x20000160                USBD_StringSerial
 *(.RamFunc)
 *(.RamFunc*)
                0x2000017c                        . = ALIGN (0x4)
 *fill*         0x2000017a        0x2 
                0x2000017c                        _edata = .

.igot.plt       0x2000017c        0x0 load address 0x08008ad8
 .igot.plt      0x2000017c        0x0 C:/ST/STM32CubeIDE_1.15.1/STM32CubeIDE/plugins/com.st.stm32cube.ide.mcu.externaltools.gnu-tools-for-stm32.12.3.rel1.win32_1.0.200.202406191623/tools/bin/../lib/gcc/arm-none-eabi/12.3.1/thumb/v7-m/nofp/crtbegin.o
                0x2000017c                        . = ALIGN (0x4)

.bss            0x2000017c     0x1278 load address 0x08008ad8
                0x2000017c                        _sbss = .
                0x2000017c                        __bss_start__ = _sbss
 *(.bss)
 .bss           0x2000017c       0x1c C:/ST/STM32CubeIDE_1.15.1/STM32CubeIDE/plugins/com.st.stm32cube.ide.mcu.externaltools.gnu-tools-for-stm32.12.3.rel1.win32_1.0.200.202406191623/tools/bin/../lib/gcc/arm-none-eabi/12.3.1/thumb/v7-m/nofp/crtbegin.o
 *(.bss*)
 .bss.hcrc      0x20000198        0x8 ./Core/Src/main.o
                0x20000198                hcrc
 .bss.hi2c1     0x200001a0       0x54 ./Core/Src/main.o
                0x200001a0                hi2c1
 .bss.masterTxBuf
                0x200001f4       0x10 ./Core/Src/main.o
                0x200001f4                masterTxBuf
 .bss.masterRxBuf
                0x20000204       0x10 ./Core/Src/main.o
                0x20000204                masterRxBuf
 .bss.uSP       0x20000214        0x4 ./Core/Src/main.o
                0x20000214                uSP
 .bss.iSP       0x20000218        0x4 ./Core/Src/main.o
                0x20000218                iSP
 .bss.outU      0x2000021c        0x4 ./Core/Src/main.o
                0x2000021c                outU
 .bss.outI      0x20000220        0x4 ./Core/Src/main.o
                0x20000220                outI
 .bss.on_off    0x20000224        0x1 ./Core/Src/main.o
                0x20000224                on_off
 .bss.on_off_slave_state
                0x20000225        0x1 ./Core/Src/main.o
                0x20000225                on_off_slave_state
 *fill*         0x20000226        0x2 
 .bss.tempCRC   0x20000228        0x4 ./Core/Src/main.o
                0x20000228                tempCRC
 .bss.i2cError  0x2000022c        0x1 ./Core/Src/main.o
                0x2000022c                i2cError
 *fill*         0x2000022d        0x3 
 .bss.uwTick    0x20000230        0x4 ./Drivers/STM32F1xx_HAL_Driver/Src/stm32f1xx_hal.o
                0x20000230                uwTick
 .bss.cfgidx.0  0x20000234        0x1 ./Middlewares/ST/STM32_USB_Device_Library/Core/Src/usbd_ctlreq.o
 *fill*         0x20000235        0x3 
 .bss.hUsbDeviceFS
                0x20000238      0x2c4 ./USB_DEVICE/App/usb_device.o
                0x20000238                hUsbDeviceFS
 .bss.UserRxBufferFS
                0x200004fc      0x400 ./USB_DEVICE/App/usbd_cdc_if.o
                0x200004fc                UserRxBufferFS
 .bss.UserTxBufferFS
                0x200008fc      0x400 ./USB_DEVICE/App/usbd_cdc_if.o
                0x200008fc                UserTxBufferFS
 .bss.USBD_StrDesc
                0x20000cfc      0x200 ./USB_DEVICE/App/usbd_desc.o
                0x20000cfc                USBD_StrDesc
 .bss.hpcd_USB_FS
                0x20000efc      0x2d8 ./USB_DEVICE/Target/usbd_conf.o
                0x20000efc                hpcd_USB_FS
 .bss.mem.0     0x200011d4      0x220 ./USB_DEVICE/Target/usbd_conf.o
 *(COMMON)
                0x200013f4                        . = ALIGN (0x4)
                0x200013f4                        _ebss = .
                0x200013f4                        __bss_end__ = _ebss

._user_heap_stack
                0x200013f4      0x604 load address 0x08008ad8
                0x200013f8                        . = ALIGN (0x8)
 *fill*         0x200013f4        0x4 
                [!provide]                        PROVIDE (end = .)
                0x200013f8                        PROVIDE (_end = .)
                0x200015f8                        . = (. + _Min_Heap_Size)
 *fill*         0x200013f8      0x200 
                0x200019f8                        . = (. + _Min_Stack_Size)
 *fill*         0x200015f8      0x400 
                0x200019f8                        . = ALIGN (0x8)

/DISCARD/
 libc.a(*)
 libm.a(*)
 libgcc.a(*)

.ARM.attributes
                0x00000000       0x29
 *(.ARM.attributes)
 .ARM.attributes
                0x00000000       0x1d C:/ST/STM32CubeIDE_1.15.1/STM32CubeIDE/plugins/com.st.stm32cube.ide.mcu.externaltools.gnu-tools-for-stm32.12.3.rel1.win32_1.0.200.202406191623/tools/bin/../lib/gcc/arm-none-eabi/12.3.1/thumb/v7-m/nofp/crti.o
 .ARM.attributes
                0x0000001d       0x2d C:/ST/STM32CubeIDE_1.15.1/STM32CubeIDE/plugins/com.st.stm32cube.ide.mcu.externaltools.gnu-tools-for-stm32.12.3.rel1.win32_1.0.200.202406191623/tools/bin/../lib/gcc/arm-none-eabi/12.3.1/thumb/v7-m/nofp/crtbegin.o
 .ARM.attributes
                0x0000004a       0x2d ./Core/Src/main.o
 .ARM.attributes
                0x00000077       0x2d ./Core/Src/stm32f1xx_hal_msp.o
 .ARM.attributes
                0x000000a4       0x2d ./Core/Src/stm32f1xx_it.o
 .ARM.attributes
                0x000000d1       0x2d ./Core/Src/system_stm32f1xx.o
 .ARM.attributes
                0x000000fe       0x21 ./Core/Startup/startup_stm32f103c8tx.o
 .ARM.attributes
                0x0000011f       0x2d ./Drivers/STM32F1xx_HAL_Driver/Src/stm32f1xx_hal.o
 .ARM.attributes
                0x0000014c       0x2d ./Drivers/STM32F1xx_HAL_Driver/Src/stm32f1xx_hal_cortex.o
 .ARM.attributes
                0x00000179       0x2d ./Drivers/STM32F1xx_HAL_Driver/Src/stm32f1xx_hal_crc.o
 .ARM.attributes
                0x000001a6       0x2d ./Drivers/STM32F1xx_HAL_Driver/Src/stm32f1xx_hal_gpio.o
 .ARM.attributes
                0x000001d3       0x2d ./Drivers/STM32F1xx_HAL_Driver/Src/stm32f1xx_hal_i2c.o
 .ARM.attributes
                0x00000200       0x2d ./Drivers/STM32F1xx_HAL_Driver/Src/stm32f1xx_hal_pcd.o
 .ARM.attributes
                0x0000022d       0x2d ./Drivers/STM32F1xx_HAL_Driver/Src/stm32f1xx_hal_pcd_ex.o
 .ARM.attributes
                0x0000025a       0x2d ./Drivers/STM32F1xx_HAL_Driver/Src/stm32f1xx_hal_rcc.o
 .ARM.attributes
                0x00000287       0x2d ./Drivers/STM32F1xx_HAL_Driver/Src/stm32f1xx_hal_rcc_ex.o
 .ARM.attributes
                0x000002b4       0x2d ./Drivers/STM32F1xx_HAL_Driver/Src/stm32f1xx_ll_usb.o
 .ARM.attributes
                0x000002e1       0x2d ./Middlewares/ST/STM32_USB_Device_Library/Class/CDC/Src/usbd_cdc.o
 .ARM.attributes
                0x0000030e       0x2d ./Middlewares/ST/STM32_USB_Device_Library/Core/Src/usbd_core.o
 .ARM.attributes
                0x0000033b       0x2d ./Middlewares/ST/STM32_USB_Device_Library/Core/Src/usbd_ctlreq.o
 .ARM.attributes
                0x00000368       0x2d ./Middlewares/ST/STM32_USB_Device_Library/Core/Src/usbd_ioreq.o
 .ARM.attributes
                0x00000395       0x2d ./USB_DEVICE/App/usb_device.o
 .ARM.attributes
                0x000003c2       0x2d ./USB_DEVICE/App/usbd_cdc_if.o
 .ARM.attributes
                0x000003ef       0x2d ./USB_DEVICE/App/usbd_desc.o
 .ARM.attributes
                0x0000041c       0x2d ./USB_DEVICE/Target/usbd_conf.o
 .ARM.attributes
                0x00000449       0x2d C:/ST/STM32CubeIDE_1.15.1/STM32CubeIDE/plugins/com.st.stm32cube.ide.mcu.externaltools.gnu-tools-for-stm32.12.3.rel1.win32_1.0.200.202406191623/tools/bin/../lib/gcc/arm-none-eabi/12.3.1/../../../../arm-none-eabi/lib/thumb/v7-m/nofp\libc_nano.a(libc_a-memset.o)
 .ARM.attributes
                0x00000476       0x2d C:/ST/STM32CubeIDE_1.15.1/STM32CubeIDE/plugins/com.st.stm32cube.ide.mcu.externaltools.gnu-tools-for-stm32.12.3.rel1.win32_1.0.200.202406191623/tools/bin/../lib/gcc/arm-none-eabi/12.3.1/../../../../arm-none-eabi/lib/thumb/v7-m/nofp\libc_nano.a(libc_a-init.o)
 .ARM.attributes
                0x000004a3       0x1d C:/ST/STM32CubeIDE_1.15.1/STM32CubeIDE/plugins/com.st.stm32cube.ide.mcu.externaltools.gnu-tools-for-stm32.12.3.rel1.win32_1.0.200.202406191623/tools/bin/../lib/gcc/arm-none-eabi/12.3.1/thumb/v7-m/nofp/crtn.o
OUTPUT(iSTM32PSU-IIC.elf elf32-littlearm)
LOAD linker stubs
LOAD C:/ST/STM32CubeIDE_1.15.1/STM32CubeIDE/plugins/com.st.stm32cube.ide.mcu.externaltools.gnu-tools-for-stm32.12.3.rel1.win32_1.0.200.202406191623/tools/bin/../lib/gcc/arm-none-eabi/12.3.1/../../../../arm-none-eabi/lib/thumb/v7-m/nofp\libc.a
LOAD C:/ST/STM32CubeIDE_1.15.1/STM32CubeIDE/plugins/com.st.stm32cube.ide.mcu.externaltools.gnu-tools-for-stm32.12.3.rel1.win32_1.0.200.202406191623/tools/bin/../lib/gcc/arm-none-eabi/12.3.1/../../../../arm-none-eabi/lib/thumb/v7-m/nofp\libm.a
LOAD C:/ST/STM32CubeIDE_1.15.1/STM32CubeIDE/plugins/com.st.stm32cube.ide.mcu.externaltools.gnu-tools-for-stm32.12.3.rel1.win32_1.0.200.202406191623/tools/bin/../lib/gcc/arm-none-eabi/12.3.1/thumb/v7-m/nofp\libgcc.a

.debug_info     0x00000000     0xf4bc
 .debug_info    0x00000000      0xcfe ./Core/Src/main.o
 .debug_info    0x00000cfe      0x980 ./Core/Src/stm32f1xx_hal_msp.o
 .debug_info    0x0000167e      0x609 ./Core/Src/stm32f1xx_it.o
 .debug_info    0x00001c87      0x222 ./Core/Src/system_stm32f1xx.o
 .debug_info    0x00001ea9       0x30 ./Core/Startup/startup_stm32f103c8tx.o
 .debug_info    0x00001ed9      0x704 ./Drivers/STM32F1xx_HAL_Driver/Src/stm32f1xx_hal.o
 .debug_info    0x000025dd      0xa87 ./Drivers/STM32F1xx_HAL_Driver/Src/stm32f1xx_hal_cortex.o
 .debug_info    0x00003064      0x37f ./Drivers/STM32F1xx_HAL_Driver/Src/stm32f1xx_hal_crc.o
 .debug_info    0x000033e3      0x5ab ./Drivers/STM32F1xx_HAL_Driver/Src/stm32f1xx_hal_gpio.o
 .debug_info    0x0000398e     0x2524 ./Drivers/STM32F1xx_HAL_Driver/Src/stm32f1xx_hal_i2c.o
 .debug_info    0x00005eb2     0x16dc ./Drivers/STM32F1xx_HAL_Driver/Src/stm32f1xx_hal_pcd.o
 .debug_info    0x0000758e      0x6c3 ./Drivers/STM32F1xx_HAL_Driver/Src/stm32f1xx_hal_pcd_ex.o
 .debug_info    0x00007c51      0x7d5 ./Drivers/STM32F1xx_HAL_Driver/Src/stm32f1xx_hal_rcc.o
 .debug_info    0x00008426      0x3c0 ./Drivers/STM32F1xx_HAL_Driver/Src/stm32f1xx_hal_rcc_ex.o
 .debug_info    0x000087e6     0x17ae ./Drivers/STM32F1xx_HAL_Driver/Src/stm32f1xx_ll_usb.o
 .debug_info    0x00009f94     0x1043 ./Middlewares/ST/STM32_USB_Device_Library/Class/CDC/Src/usbd_cdc.o
 .debug_info    0x0000afd7      0xa52 ./Middlewares/ST/STM32_USB_Device_Library/Core/Src/usbd_core.o
 .debug_info    0x0000ba29      0x91c ./Middlewares/ST/STM32_USB_Device_Library/Core/Src/usbd_ctlreq.o
 .debug_info    0x0000c345      0x6a0 ./Middlewares/ST/STM32_USB_Device_Library/Core/Src/usbd_ioreq.o
 .debug_info    0x0000c9e5      0x63d ./USB_DEVICE/App/usb_device.o
 .debug_info    0x0000d022      0x7ec ./USB_DEVICE/App/usbd_cdc_if.o
 .debug_info    0x0000d80e      0x44a ./USB_DEVICE/App/usbd_desc.o
 .debug_info    0x0000dc58     0x1864 ./USB_DEVICE/Target/usbd_conf.o

.debug_abbrev   0x00000000     0x2f02
 .debug_abbrev  0x00000000      0x2a5 ./Core/Src/main.o
 .debug_abbrev  0x000002a5      0x1c0 ./Core/Src/stm32f1xx_hal_msp.o
 .debug_abbrev  0x00000465      0x192 ./Core/Src/stm32f1xx_it.o
 .debug_abbrev  0x000005f7      0x13f ./Core/Src/system_stm32f1xx.o
 .debug_abbrev  0x00000736       0x24 ./Core/Startup/startup_stm32f103c8tx.o
 .debug_abbrev  0x0000075a      0x201 ./Drivers/STM32F1xx_HAL_Driver/Src/stm32f1xx_hal.o
 .debug_abbrev  0x0000095b      0x2f8 ./Drivers/STM32F1xx_HAL_Driver/Src/stm32f1xx_hal_cortex.o
 .debug_abbrev  0x00000c53      0x1b1 ./Drivers/STM32F1xx_HAL_Driver/Src/stm32f1xx_hal_crc.o
 .debug_abbrev  0x00000e04      0x1ca ./Drivers/STM32F1xx_HAL_Driver/Src/stm32f1xx_hal_gpio.o
 .debug_abbrev  0x00000fce      0x2a3 ./Drivers/STM32F1xx_HAL_Driver/Src/stm32f1xx_hal_i2c.o
 .debug_abbrev  0x00001271      0x2d6 ./Drivers/STM32F1xx_HAL_Driver/Src/stm32f1xx_hal_pcd.o
 .debug_abbrev  0x00001547      0x189 ./Drivers/STM32F1xx_HAL_Driver/Src/stm32f1xx_hal_pcd_ex.o
 .debug_abbrev  0x000016d0      0x2b3 ./Drivers/STM32F1xx_HAL_Driver/Src/stm32f1xx_hal_rcc.o
 .debug_abbrev  0x00001983      0x188 ./Drivers/STM32F1xx_HAL_Driver/Src/stm32f1xx_hal_rcc_ex.o
 .debug_abbrev  0x00001b0b      0x1de ./Drivers/STM32F1xx_HAL_Driver/Src/stm32f1xx_ll_usb.o
 .debug_abbrev  0x00001ce9      0x2d3 ./Middlewares/ST/STM32_USB_Device_Library/Class/CDC/Src/usbd_cdc.o
 .debug_abbrev  0x00001fbc      0x24a ./Middlewares/ST/STM32_USB_Device_Library/Core/Src/usbd_core.o
 .debug_abbrev  0x00002206      0x26b ./Middlewares/ST/STM32_USB_Device_Library/Core/Src/usbd_ctlreq.o
 .debug_abbrev  0x00002471      0x192 ./Middlewares/ST/STM32_USB_Device_Library/Core/Src/usbd_ioreq.o
 .debug_abbrev  0x00002603      0x18d ./USB_DEVICE/App/usb_device.o
 .debug_abbrev  0x00002790      0x25d ./USB_DEVICE/App/usbd_cdc_if.o
 .debug_abbrev  0x000029ed      0x1ff ./USB_DEVICE/App/usbd_desc.o
 .debug_abbrev  0x00002bec      0x316 ./USB_DEVICE/Target/usbd_conf.o

.debug_aranges  0x00000000      0xd98
 .debug_aranges
                0x00000000       0x48 ./Core/Src/main.o
 .debug_aranges
                0x00000048       0x40 ./Core/Src/stm32f1xx_hal_msp.o
 .debug_aranges
                0x00000088       0x68 ./Core/Src/stm32f1xx_it.o
 .debug_aranges
                0x000000f0       0x28 ./Core/Src/system_stm32f1xx.o
 .debug_aranges
                0x00000118       0x28 ./Core/Startup/startup_stm32f103c8tx.o
 .debug_aranges
                0x00000140       0xe0 ./Drivers/STM32F1xx_HAL_Driver/Src/stm32f1xx_hal.o
 .debug_aranges
                0x00000220      0x100 ./Drivers/STM32F1xx_HAL_Driver/Src/stm32f1xx_hal_cortex.o
 .debug_aranges
                0x00000320       0x50 ./Drivers/STM32F1xx_HAL_Driver/Src/stm32f1xx_hal_crc.o
 .debug_aranges
                0x00000370       0x58 ./Drivers/STM32F1xx_HAL_Driver/Src/stm32f1xx_hal_gpio.o
 .debug_aranges
                0x000003c8      0x2a8 ./Drivers/STM32F1xx_HAL_Driver/Src/stm32f1xx_hal_i2c.o
 .debug_aranges
                0x00000670      0x140 ./Drivers/STM32F1xx_HAL_Driver/Src/stm32f1xx_hal_pcd.o
 .debug_aranges
                0x000007b0       0x38 ./Drivers/STM32F1xx_HAL_Driver/Src/stm32f1xx_hal_pcd_ex.o
 .debug_aranges
                0x000007e8       0x90 ./Drivers/STM32F1xx_HAL_Driver/Src/stm32f1xx_hal_rcc.o
 .debug_aranges
                0x00000878       0x30 ./Drivers/STM32F1xx_HAL_Driver/Src/stm32f1xx_hal_rcc_ex.o
 .debug_aranges
                0x000008a8       0xf8 ./Drivers/STM32F1xx_HAL_Driver/Src/stm32f1xx_ll_usb.o
 .debug_aranges
                0x000009a0       0x90 ./Middlewares/ST/STM32_USB_Device_Library/Class/CDC/Src/usbd_cdc.o
 .debug_aranges
                0x00000a30       0xb8 ./Middlewares/ST/STM32_USB_Device_Library/Core/Src/usbd_core.o
 .debug_aranges
                0x00000ae8       0x88 ./Middlewares/ST/STM32_USB_Device_Library/Core/Src/usbd_ctlreq.o
 .debug_aranges
                0x00000b70       0x50 ./Middlewares/ST/STM32_USB_Device_Library/Core/Src/usbd_ioreq.o
 .debug_aranges
                0x00000bc0       0x20 ./USB_DEVICE/App/usb_device.o
 .debug_aranges
                0x00000be0       0x40 ./USB_DEVICE/App/usbd_cdc_if.o
 .debug_aranges
                0x00000c20       0x60 ./USB_DEVICE/App/usbd_desc.o
 .debug_aranges
                0x00000c80      0x118 ./USB_DEVICE/Target/usbd_conf.o

.debug_rnglists
                0x00000000      0xa31
 .debug_rnglists
                0x00000000       0x34 ./Core/Src/main.o
 .debug_rnglists
                0x00000034       0x2b ./Core/Src/stm32f1xx_hal_msp.o
 .debug_rnglists
                0x0000005f       0x49 ./Core/Src/stm32f1xx_it.o
 .debug_rnglists
                0x000000a8       0x1a ./Core/Src/system_stm32f1xx.o
 .debug_rnglists
                0x000000c2       0x19 ./Core/Startup/startup_stm32f103c8tx.o
 .debug_rnglists
                0x000000db       0xa3 ./Drivers/STM32F1xx_HAL_Driver/Src/stm32f1xx_hal.o
 .debug_rnglists
                0x0000017e       0xbb ./Drivers/STM32F1xx_HAL_Driver/Src/stm32f1xx_hal_cortex.o
 .debug_rnglists
                0x00000239       0x37 ./Drivers/STM32F1xx_HAL_Driver/Src/stm32f1xx_hal_crc.o
 .debug_rnglists
                0x00000270       0x3f ./Drivers/STM32F1xx_HAL_Driver/Src/stm32f1xx_hal_gpio.o
 .debug_rnglists
                0x000002af      0x23c ./Drivers/STM32F1xx_HAL_Driver/Src/stm32f1xx_hal_i2c.o
 .debug_rnglists
                0x000004eb       0xf4 ./Drivers/STM32F1xx_HAL_Driver/Src/stm32f1xx_hal_pcd.o
 .debug_rnglists
                0x000005df       0x26 ./Drivers/STM32F1xx_HAL_Driver/Src/stm32f1xx_hal_pcd_ex.o
 .debug_rnglists
                0x00000605       0x6c ./Drivers/STM32F1xx_HAL_Driver/Src/stm32f1xx_hal_rcc.o
 .debug_rnglists
                0x00000671       0x21 ./Drivers/STM32F1xx_HAL_Driver/Src/stm32f1xx_hal_rcc_ex.o
 .debug_rnglists
                0x00000692       0xbd ./Drivers/STM32F1xx_HAL_Driver/Src/stm32f1xx_ll_usb.o
 .debug_rnglists
                0x0000074f       0x6a ./Middlewares/ST/STM32_USB_Device_Library/Class/CDC/Src/usbd_cdc.o
 .debug_rnglists
                0x000007b9       0x89 ./Middlewares/ST/STM32_USB_Device_Library/Core/Src/usbd_core.o
 .debug_rnglists
                0x00000842       0x68 ./Middlewares/ST/STM32_USB_Device_Library/Core/Src/usbd_ctlreq.o
 .debug_rnglists
                0x000008aa       0x37 ./Middlewares/ST/STM32_USB_Device_Library/Core/Src/usbd_ioreq.o
 .debug_rnglists
                0x000008e1       0x13 ./USB_DEVICE/App/usb_device.o
 .debug_rnglists
                0x000008f4       0x2c ./USB_DEVICE/App/usbd_cdc_if.o
 .debug_rnglists
                0x00000920       0x43 ./USB_DEVICE/App/usbd_desc.o
 .debug_rnglists
                0x00000963       0xce ./USB_DEVICE/Target/usbd_conf.o

.debug_macro    0x00000000    0x19b03
 .debug_macro   0x00000000      0x33e ./Core/Src/main.o
 .debug_macro   0x0000033e      0xaa8 ./Core/Src/main.o
 .debug_macro   0x00000de6      0x221 ./Core/Src/main.o
 .debug_macro   0x00001007       0x2e ./Core/Src/main.o
 .debug_macro   0x00001035       0x22 ./Core/Src/main.o
 .debug_macro   0x00001057       0x22 ./Core/Src/main.o
 .debug_macro   0x00001079       0x8e ./Core/Src/main.o
 .debug_macro   0x00001107       0x51 ./Core/Src/main.o
 .debug_macro   0x00001158      0x103 ./Core/Src/main.o
 .debug_macro   0x0000125b       0x6a ./Core/Src/main.o
 .debug_macro   0x000012c5      0x1df ./Core/Src/main.o
 .debug_macro   0x000014a4       0x1c ./Core/Src/main.o
 .debug_macro   0x000014c0       0x22 ./Core/Src/main.o
 .debug_macro   0x000014e2       0xbd ./Core/Src/main.o
 .debug_macro   0x0000159f      0xd23 ./Core/Src/main.o
 .debug_macro   0x000022c2     0xe09e ./Core/Src/main.o
 .debug_macro   0x00010360       0x6d ./Core/Src/main.o
 .debug_macro   0x000103cd     0x34a2 ./Core/Src/main.o
 .debug_macro   0x0001386f      0x189 ./Core/Src/main.o
 .debug_macro   0x000139f8       0x5c ./Core/Src/main.o
 .debug_macro   0x00013a54      0x5bc ./Core/Src/main.o
 .debug_macro   0x00014010      0x289 ./Core/Src/main.o
 .debug_macro   0x00014299      0x1cb ./Core/Src/main.o
 .debug_macro   0x00014464      0x114 ./Core/Src/main.o
 .debug_macro   0x00014578      0x1b2 ./Core/Src/main.o
 .debug_macro   0x0001472a       0x27 ./Core/Src/main.o
 .debug_macro   0x00014751      0x136 ./Core/Src/main.o
 .debug_macro   0x00014887      0x1bc ./Core/Src/main.o
 .debug_macro   0x00014a43       0x34 ./Core/Src/main.o
 .debug_macro   0x00014a77       0x3c ./Core/Src/main.o
 .debug_macro   0x00014ab3       0x57 ./Core/Src/main.o
 .debug_macro   0x00014b0a       0x22 ./Core/Src/main.o
 .debug_macro   0x00014b2c       0x87 ./Core/Src/main.o
 .debug_macro   0x00014bb3      0x240 ./Core/Src/main.o
 .debug_macro   0x00014df3      0x287 ./Core/Src/main.o
 .debug_macro   0x0001507a      0x140 ./Core/Src/main.o
 .debug_macro   0x000151ba       0xb7 ./Core/Src/main.o
 .debug_macro   0x00015271      0x242 ./Core/Src/main.o
 .debug_macro   0x000154b3       0x83 ./Core/Src/main.o
 .debug_macro   0x00015536       0x22 ./Core/Src/main.o
 .debug_macro   0x00015558       0x61 ./Core/Src/main.o
 .debug_macro   0x000155b9       0x24 ./Core/Src/main.o
 .debug_macro   0x000155dd       0x43 ./Core/Src/main.o
 .debug_macro   0x00015620       0x34 ./Core/Src/main.o
 .debug_macro   0x00015654       0x16 ./Core/Src/main.o
 .debug_macro   0x0001566a       0x43 ./Core/Src/main.o
 .debug_macro   0x000156ad       0x34 ./Core/Src/main.o
 .debug_macro   0x000156e1       0x10 ./Core/Src/main.o
 .debug_macro   0x000156f1       0x58 ./Core/Src/main.o
 .debug_macro   0x00015749       0x8e ./Core/Src/main.o
 .debug_macro   0x000157d7       0x1c ./Core/Src/main.o
 .debug_macro   0x000157f3      0x177 ./Core/Src/main.o
 .debug_macro   0x0001596a      0x369 ./Core/Src/main.o
 .debug_macro   0x00015cd3       0x10 ./Core/Src/main.o
 .debug_macro   0x00015ce3       0x35 ./Core/Src/main.o
 .debug_macro   0x00015d18       0x20 ./Core/Src/main.o
 .debug_macro   0x00015d38       0x10 ./Core/Src/main.o
 .debug_macro   0x00015d48       0x1c ./Core/Src/main.o
 .debug_macro   0x00015d64       0x10 ./Core/Src/main.o
 .debug_macro   0x00015d74       0x1c ./Core/Src/main.o
 .debug_macro   0x00015d90       0x16 ./Core/Src/main.o
 .debug_macro   0x00015da6      0x146 ./Core/Src/main.o
 .debug_macro   0x00015eec       0x16 ./Core/Src/main.o
 .debug_macro   0x00015f02       0x16 ./Core/Src/main.o
 .debug_macro   0x00015f18       0x29 ./Core/Src/main.o
 .debug_macro   0x00015f41       0x5f ./Core/Src/main.o
 .debug_macro   0x00015fa0      0x1c8 ./Core/Src/main.o
 .debug_macro   0x00016168      0x2a2 ./Core/Src/stm32f1xx_hal_msp.o
 .debug_macro   0x0001640a      0x2ac ./Core/Src/stm32f1xx_it.o
 .debug_macro   0x000166b6      0x1bc ./Core/Src/system_stm32f1xx.o
 .debug_macro   0x00016872      0x1e0 ./Drivers/STM32F1xx_HAL_Driver/Src/stm32f1xx_hal.o
 .debug_macro   0x00016a52      0x1bc ./Drivers/STM32F1xx_HAL_Driver/Src/stm32f1xx_hal_cortex.o
 .debug_macro   0x00016c0e      0x1bc ./Drivers/STM32F1xx_HAL_Driver/Src/stm32f1xx_hal_crc.o
 .debug_macro   0x00016dca      0x227 ./Drivers/STM32F1xx_HAL_Driver/Src/stm32f1xx_hal_gpio.o
 .debug_macro   0x00016ff1      0x20a ./Drivers/STM32F1xx_HAL_Driver/Src/stm32f1xx_hal_i2c.o
 .debug_macro   0x000171fb      0x1c8 ./Drivers/STM32F1xx_HAL_Driver/Src/stm32f1xx_hal_pcd.o
 .debug_macro   0x000173c3      0x1bc ./Drivers/STM32F1xx_HAL_Driver/Src/stm32f1xx_hal_pcd_ex.o
 .debug_macro   0x0001757f      0x1ce ./Drivers/STM32F1xx_HAL_Driver/Src/stm32f1xx_hal_rcc.o
 .debug_macro   0x0001774d      0x1bc ./Drivers/STM32F1xx_HAL_Driver/Src/stm32f1xx_hal_rcc_ex.o
 .debug_macro   0x00017909      0x1bc ./Drivers/STM32F1xx_HAL_Driver/Src/stm32f1xx_ll_usb.o
 .debug_macro   0x00017ac5      0x363 ./Middlewares/ST/STM32_USB_Device_Library/Class/CDC/Src/usbd_cdc.o
 .debug_macro   0x00017e28       0x16 ./Middlewares/ST/STM32_USB_Device_Library/Class/CDC/Src/usbd_cdc.o
 .debug_macro   0x00017e3e       0x9e ./Middlewares/ST/STM32_USB_Device_Library/Class/CDC/Src/usbd_cdc.o
 .debug_macro   0x00017edc      0x10b ./Middlewares/ST/STM32_USB_Device_Library/Class/CDC/Src/usbd_cdc.o
 .debug_macro   0x00017fe7       0x16 ./Middlewares/ST/STM32_USB_Device_Library/Class/CDC/Src/usbd_cdc.o
 .debug_macro   0x00017ffd       0x16 ./Middlewares/ST/STM32_USB_Device_Library/Class/CDC/Src/usbd_cdc.o
 .debug_macro   0x00018013       0x56 ./Middlewares/ST/STM32_USB_Device_Library/Class/CDC/Src/usbd_cdc.o
 .debug_macro   0x00018069       0x8f ./Middlewares/ST/STM32_USB_Device_Library/Class/CDC/Src/usbd_cdc.o
 .debug_macro   0x000180f8      0x34a ./Middlewares/ST/STM32_USB_Device_Library/Core/Src/usbd_core.o
 .debug_macro   0x00018442      0x1ce ./Middlewares/ST/STM32_USB_Device_Library/Core/Src/usbd_core.o
 .debug_macro   0x00018610      0x354 ./Middlewares/ST/STM32_USB_Device_Library/Core/Src/usbd_ctlreq.o
 .debug_macro   0x00018964      0x350 ./Middlewares/ST/STM32_USB_Device_Library/Core/Src/usbd_ioreq.o
 .debug_macro   0x00018cb4      0x389 ./USB_DEVICE/App/usb_device.o
 .debug_macro   0x0001903d       0x22 ./USB_DEVICE/App/usb_device.o
 .debug_macro   0x0001905f       0x16 ./USB_DEVICE/App/usb_device.o
 .debug_macro   0x00019075      0x36e ./USB_DEVICE/App/usbd_cdc_if.o
 .debug_macro   0x000193e3       0x10 ./USB_DEVICE/App/usbd_cdc_if.o
 .debug_macro   0x000193f3      0x387 ./USB_DEVICE/App/usbd_desc.o
 .debug_macro   0x0001977a       0x1c ./USB_DEVICE/App/usbd_desc.o
 .debug_macro   0x00019796      0x36d ./USB_DEVICE/Target/usbd_conf.o

.debug_line     0x00000000    0x1309d
 .debug_line    0x00000000      0xaa8 ./Core/Src/main.o
 .debug_line    0x00000aa8      0x924 ./Core/Src/stm32f1xx_hal_msp.o
 .debug_line    0x000013cc      0x97b ./Core/Src/stm32f1xx_it.o
 .debug_line    0x00001d47      0x7af ./Core/Src/system_stm32f1xx.o
 .debug_line    0x000024f6       0x78 ./Core/Startup/startup_stm32f103c8tx.o
 .debug_line    0x0000256e      0x9dc ./Drivers/STM32F1xx_HAL_Driver/Src/stm32f1xx_hal.o
 .debug_line    0x00002f4a      0xbc8 ./Drivers/STM32F1xx_HAL_Driver/Src/stm32f1xx_hal_cortex.o
 .debug_line    0x00003b12      0x877 ./Drivers/STM32F1xx_HAL_Driver/Src/stm32f1xx_hal_crc.o
 .debug_line    0x00004389      0xa75 ./Drivers/STM32F1xx_HAL_Driver/Src/stm32f1xx_hal_gpio.o
 .debug_line    0x00004dfe     0x3c79 ./Drivers/STM32F1xx_HAL_Driver/Src/stm32f1xx_hal_i2c.o
 .debug_line    0x00008a77     0x1431 ./Drivers/STM32F1xx_HAL_Driver/Src/stm32f1xx_hal_pcd.o
 .debug_line    0x00009ea8      0x7aa ./Drivers/STM32F1xx_HAL_Driver/Src/stm32f1xx_hal_pcd_ex.o
 .debug_line    0x0000a652      0xde5 ./Drivers/STM32F1xx_HAL_Driver/Src/stm32f1xx_hal_rcc.o
 .debug_line    0x0000b437      0x926 ./Drivers/STM32F1xx_HAL_Driver/Src/stm32f1xx_hal_rcc_ex.o
 .debug_line    0x0000bd5d     0x10ad ./Drivers/STM32F1xx_HAL_Driver/Src/stm32f1xx_ll_usb.o
 .debug_line    0x0000ce0a      0xd41 ./Middlewares/ST/STM32_USB_Device_Library/Class/CDC/Src/usbd_cdc.o
 .debug_line    0x0000db4b      0xdbd ./Middlewares/ST/STM32_USB_Device_Library/Core/Src/usbd_core.o
 .debug_line    0x0000e908      0xffd ./Middlewares/ST/STM32_USB_Device_Library/Core/Src/usbd_ctlreq.o
 .debug_line    0x0000f905      0xa53 ./Middlewares/ST/STM32_USB_Device_Library/Core/Src/usbd_ioreq.o
 .debug_line    0x00010358      0xa13 ./USB_DEVICE/App/usb_device.o
 .debug_line    0x00010d6b      0xa5b ./USB_DEVICE/App/usbd_cdc_if.o
 .debug_line    0x000117c6      0xadc ./USB_DEVICE/App/usbd_desc.o
 .debug_line    0x000122a2      0xdfb ./USB_DEVICE/Target/usbd_conf.o

.debug_str      0x00000000    0x87222
 .debug_str     0x00000000    0x838b5 ./Core/Src/main.o
                              0x83cdb (size before relaxing)
 .debug_str     0x000838b5       0xa9 ./Core/Src/stm32f1xx_hal_msp.o
                              0x82923 (size before relaxing)
 .debug_str     0x0008395e      0x3ce ./Core/Src/stm32f1xx_it.o
                              0x82735 (size before relaxing)
 .debug_str     0x00083d2c       0x7e ./Core/Src/system_stm32f1xx.o
                              0x7f1d2 (size before relaxing)
 .debug_str     0x00083daa       0x44 ./Core/Startup/startup_stm32f103c8tx.o
                                 0x80 (size before relaxing)
 .debug_str     0x00083dee      0x607 ./Drivers/STM32F1xx_HAL_Driver/Src/stm32f1xx_hal.o
                              0x7f905 (size before relaxing)
 .debug_str     0x000843f5      0x293 ./Drivers/STM32F1xx_HAL_Driver/Src/stm32f1xx_hal_cortex.o
                              0x7f851 (size before relaxing)
 .debug_str     0x00084688       0x85 ./Drivers/STM32F1xx_HAL_Driver/Src/stm32f1xx_hal_crc.o
                              0x7f314 (size before relaxing)
 .debug_str     0x0008470d      0x2ce ./Drivers/STM32F1xx_HAL_Driver/Src/stm32f1xx_hal_gpio.o
                              0x7f558 (size before relaxing)
 .debug_str     0x000849db      0xb8e ./Drivers/STM32F1xx_HAL_Driver/Src/stm32f1xx_hal_i2c.o
                              0x80299 (size before relaxing)
 .debug_str     0x00085569      0x5bd ./Drivers/STM32F1xx_HAL_Driver/Src/stm32f1xx_hal_pcd.o
                              0x7faef (size before relaxing)
 .debug_str     0x00085b26      0x170 ./Drivers/STM32F1xx_HAL_Driver/Src/stm32f1xx_hal_pcd_ex.o
                              0x7f651 (size before relaxing)
 .debug_str     0x00085c96      0x209 ./Drivers/STM32F1xx_HAL_Driver/Src/stm32f1xx_hal_rcc.o
                              0x7f601 (size before relaxing)
 .debug_str     0x00085e9f       0x9f ./Drivers/STM32F1xx_HAL_Driver/Src/stm32f1xx_hal_rcc_ex.o
                              0x7f351 (size before relaxing)
 .debug_str     0x00085f3e      0x129 ./Drivers/STM32F1xx_HAL_Driver/Src/stm32f1xx_ll_usb.o
                              0x7f6a3 (size before relaxing)
 .debug_str     0x00086067      0x967 ./Middlewares/ST/STM32_USB_Device_Library/Class/CDC/Src/usbd_cdc.o
                              0x84109 (size before relaxing)
 .debug_str     0x000869ce      0x281 ./Middlewares/ST/STM32_USB_Device_Library/Core/Src/usbd_core.o
                              0x83a39 (size before relaxing)
 .debug_str     0x00086c4f      0x120 ./Middlewares/ST/STM32_USB_Device_Library/Core/Src/usbd_ctlreq.o
                              0x83953 (size before relaxing)
 .debug_str     0x00086d6f       0x51 ./Middlewares/ST/STM32_USB_Device_Library/Core/Src/usbd_ioreq.o
                              0x83880 (size before relaxing)
 .debug_str     0x00086dc0      0x105 ./USB_DEVICE/App/usb_device.o
                              0x83c0b (size before relaxing)
 .debug_str     0x00086ec5       0x8d ./USB_DEVICE/App/usbd_cdc_if.o
                              0x83c31 (size before relaxing)
 .debug_str     0x00086f52      0x258 ./USB_DEVICE/App/usbd_desc.o
                              0x837bc (size before relaxing)
 .debug_str     0x000871aa       0x78 ./USB_DEVICE/Target/usbd_conf.o
                              0x84696 (size before relaxing)

.comment        0x00000000       0x43
 .comment       0x00000000       0x43 ./Core/Src/main.o
                                 0x44 (size before relaxing)
 .comment       0x00000043       0x44 ./Core/Src/stm32f1xx_hal_msp.o
 .comment       0x00000043       0x44 ./Core/Src/stm32f1xx_it.o
 .comment       0x00000043       0x44 ./Core/Src/system_stm32f1xx.o
 .comment       0x00000043       0x44 ./Drivers/STM32F1xx_HAL_Driver/Src/stm32f1xx_hal.o
 .comment       0x00000043       0x44 ./Drivers/STM32F1xx_HAL_Driver/Src/stm32f1xx_hal_cortex.o
 .comment       0x00000043       0x44 ./Drivers/STM32F1xx_HAL_Driver/Src/stm32f1xx_hal_crc.o
 .comment       0x00000043       0x44 ./Drivers/STM32F1xx_HAL_Driver/Src/stm32f1xx_hal_gpio.o
 .comment       0x00000043       0x44 ./Drivers/STM32F1xx_HAL_Driver/Src/stm32f1xx_hal_i2c.o
 .comment       0x00000043       0x44 ./Drivers/STM32F1xx_HAL_Driver/Src/stm32f1xx_hal_pcd.o
 .comment       0x00000043       0x44 ./Drivers/STM32F1xx_HAL_Driver/Src/stm32f1xx_hal_pcd_ex.o
 .comment       0x00000043       0x44 ./Drivers/STM32F1xx_HAL_Driver/Src/stm32f1xx_hal_rcc.o
 .comment       0x00000043       0x44 ./Drivers/STM32F1xx_HAL_Driver/Src/stm32f1xx_hal_rcc_ex.o
 .comment       0x00000043       0x44 ./Drivers/STM32F1xx_HAL_Driver/Src/stm32f1xx_ll_usb.o
 .comment       0x00000043       0x44 ./Middlewares/ST/STM32_USB_Device_Library/Class/CDC/Src/usbd_cdc.o
 .comment       0x00000043       0x44 ./Middlewares/ST/STM32_USB_Device_Library/Core/Src/usbd_core.o
 .comment       0x00000043       0x44 ./Middlewares/ST/STM32_USB_Device_Library/Core/Src/usbd_ctlreq.o
 .comment       0x00000043       0x44 ./Middlewares/ST/STM32_USB_Device_Library/Core/Src/usbd_ioreq.o
 .comment       0x00000043       0x44 ./USB_DEVICE/App/usb_device.o
 .comment       0x00000043       0x44 ./USB_DEVICE/App/usbd_cdc_if.o
 .comment       0x00000043       0x44 ./USB_DEVICE/App/usbd_desc.o
 .comment       0x00000043       0x44 ./USB_DEVICE/Target/usbd_conf.o

.debug_frame    0x00000000     0x364c
 .debug_frame   0x00000000       0xc8 ./Core/Src/main.o
 .debug_frame   0x000000c8       0xd0 ./Core/Src/stm32f1xx_hal_msp.o
 .debug_frame   0x00000198      0x120 ./Core/Src/stm32f1xx_it.o
 .debug_frame   0x000002b8       0x58 ./Core/Src/system_stm32f1xx.o
 .debug_frame   0x00000310      0x334 ./Drivers/STM32F1xx_HAL_Driver/Src/stm32f1xx_hal.o
 .debug_frame   0x00000644      0x428 ./Drivers/STM32F1xx_HAL_Driver/Src/stm32f1xx_hal_cortex.o
 .debug_frame   0x00000a6c      0x120 ./Drivers/STM32F1xx_HAL_Driver/Src/stm32f1xx_hal_crc.o
 .debug_frame   0x00000b8c      0x14c ./Drivers/STM32F1xx_HAL_Driver/Src/stm32f1xx_hal_gpio.o
 .debug_frame   0x00000cd8      0xc84 ./Drivers/STM32F1xx_HAL_Driver/Src/stm32f1xx_hal_i2c.o
 .debug_frame   0x0000195c      0x594 ./Drivers/STM32F1xx_HAL_Driver/Src/stm32f1xx_hal_pcd.o
 .debug_frame   0x00001ef0       0xb0 ./Drivers/STM32F1xx_HAL_Driver/Src/stm32f1xx_hal_pcd_ex.o
 .debug_frame   0x00001fa0      0x218 ./Drivers/STM32F1xx_HAL_Driver/Src/stm32f1xx_hal_rcc.o
 .debug_frame   0x000021b8       0x80 ./Drivers/STM32F1xx_HAL_Driver/Src/stm32f1xx_hal_rcc_ex.o
 .debug_frame   0x00002238      0x470 ./Drivers/STM32F1xx_HAL_Driver/Src/stm32f1xx_ll_usb.o
 .debug_frame   0x000026a8      0x248 ./Middlewares/ST/STM32_USB_Device_Library/Class/CDC/Src/usbd_cdc.o
 .debug_frame   0x000028f0      0x300 ./Middlewares/ST/STM32_USB_Device_Library/Core/Src/usbd_core.o
 .debug_frame   0x00002bf0      0x218 ./Middlewares/ST/STM32_USB_Device_Library/Core/Src/usbd_ctlreq.o
 .debug_frame   0x00002e08      0x10c ./Middlewares/ST/STM32_USB_Device_Library/Core/Src/usbd_ioreq.o
 .debug_frame   0x00002f14       0x2c ./USB_DEVICE/App/usb_device.o
 .debug_frame   0x00002f40       0xbc ./USB_DEVICE/App/usbd_cdc_if.o
 .debug_frame   0x00002ffc      0x160 ./USB_DEVICE/App/usbd_desc.o
 .debug_frame   0x0000315c      0x4a4 ./USB_DEVICE/Target/usbd_conf.o
 .debug_frame   0x00003600       0x20 C:/ST/STM32CubeIDE_1.15.1/STM32CubeIDE/plugins/com.st.stm32cube.ide.mcu.externaltools.gnu-tools-for-stm32.12.3.rel1.win32_1.0.200.202406191623/tools/bin/../lib/gcc/arm-none-eabi/12.3.1/../../../../arm-none-eabi/lib/thumb/v7-m/nofp\libc_nano.a(libc_a-memset.o)
 .debug_frame   0x00003620       0x2c C:/ST/STM32CubeIDE_1.15.1/STM32CubeIDE/plugins/com.st.stm32cube.ide.mcu.externaltools.gnu-tools-for-stm32.12.3.rel1.win32_1.0.200.202406191623/tools/bin/../lib/gcc/arm-none-eabi/12.3.1/../../../../arm-none-eabi/lib/thumb/v7-m/nofp\libc_nano.a(libc_a-init.o)

.debug_line_str
                0x00000000       0x64
 .debug_line_str
                0x00000000       0x64 ./Core/Startup/startup_stm32f103c8tx.o
