Archive member included to satisfy reference by file (symbol)

C:/ST/STM32CubeIDE_1.15.1/STM32CubeIDE/plugins/com.st.stm32cube.ide.mcu.externaltools.gnu-tools-for-stm32.12.3.rel1.win32_1.1.0.202410251130/tools/bin/../lib/gcc/arm-none-eabi/12.3.1/../../../../arm-none-eabi/lib/thumb/v7-m/nofp\libc_nano.a(libc_a-exit.o)
                              C:/ST/STM32CubeIDE_1.15.1/STM32CubeIDE/plugins/com.st.stm32cube.ide.mcu.externaltools.gnu-tools-for-stm32.12.3.rel1.win32_1.1.0.202410251130/tools/bin/../lib/gcc/arm-none-eabi/12.3.1/../../../../arm-none-eabi/lib/thumb/v7-m/nofp/crt0.o (exit)
C:/ST/STM32CubeIDE_1.15.1/STM32CubeIDE/plugins/com.st.stm32cube.ide.mcu.externaltools.gnu-tools-for-stm32.12.3.rel1.win32_1.1.0.202410251130/tools/bin/../lib/gcc/arm-none-eabi/12.3.1/../../../../arm-none-eabi/lib/thumb/v7-m/nofp\libc_nano.a(libc_a-findfp.o)
                              C:/ST/STM32CubeIDE_1.15.1/STM32CubeIDE/plugins/com.st.stm32cube.ide.mcu.externaltools.gnu-tools-for-stm32.12.3.rel1.win32_1.1.0.202410251130/tools/bin/../lib/gcc/arm-none-eabi/12.3.1/../../../../arm-none-eabi/lib/thumb/v7-m/nofp\libc_nano.a(libc_a-exit.o) (__stdio_exit_handler)
C:/ST/STM32CubeIDE_1.15.1/STM32CubeIDE/plugins/com.st.stm32cube.ide.mcu.externaltools.gnu-tools-for-stm32.12.3.rel1.win32_1.1.0.202410251130/tools/bin/../lib/gcc/arm-none-eabi/12.3.1/../../../../arm-none-eabi/lib/thumb/v7-m/nofp\libc_nano.a(libc_a-fwalk.o)
                              C:/ST/STM32CubeIDE_1.15.1/STM32CubeIDE/plugins/com.st.stm32cube.ide.mcu.externaltools.gnu-tools-for-stm32.12.3.rel1.win32_1.1.0.202410251130/tools/bin/../lib/gcc/arm-none-eabi/12.3.1/../../../../arm-none-eabi/lib/thumb/v7-m/nofp\libc_nano.a(libc_a-findfp.o) (_fwalk_sglue)
C:/ST/STM32CubeIDE_1.15.1/STM32CubeIDE/plugins/com.st.stm32cube.ide.mcu.externaltools.gnu-tools-for-stm32.12.3.rel1.win32_1.1.0.202410251130/tools/bin/../lib/gcc/arm-none-eabi/12.3.1/../../../../arm-none-eabi/lib/thumb/v7-m/nofp\libc_nano.a(libc_a-stdio.o)
                              C:/ST/STM32CubeIDE_1.15.1/STM32CubeIDE/plugins/com.st.stm32cube.ide.mcu.externaltools.gnu-tools-for-stm32.12.3.rel1.win32_1.1.0.202410251130/tools/bin/../lib/gcc/arm-none-eabi/12.3.1/../../../../arm-none-eabi/lib/thumb/v7-m/nofp\libc_nano.a(libc_a-findfp.o) (__sread)
C:/ST/STM32CubeIDE_1.15.1/STM32CubeIDE/plugins/com.st.stm32cube.ide.mcu.externaltools.gnu-tools-for-stm32.12.3.rel1.win32_1.1.0.202410251130/tools/bin/../lib/gcc/arm-none-eabi/12.3.1/../../../../arm-none-eabi/lib/thumb/v7-m/nofp\libc_nano.a(libc_a-memset.o)
                              C:/ST/STM32CubeIDE_1.15.1/STM32CubeIDE/plugins/com.st.stm32cube.ide.mcu.externaltools.gnu-tools-for-stm32.12.3.rel1.win32_1.1.0.202410251130/tools/bin/../lib/gcc/arm-none-eabi/12.3.1/../../../../arm-none-eabi/lib/thumb/v7-m/nofp/crt0.o (memset)
C:/ST/STM32CubeIDE_1.15.1/STM32CubeIDE/plugins/com.st.stm32cube.ide.mcu.externaltools.gnu-tools-for-stm32.12.3.rel1.win32_1.1.0.202410251130/tools/bin/../lib/gcc/arm-none-eabi/12.3.1/../../../../arm-none-eabi/lib/thumb/v7-m/nofp\libc_nano.a(libc_a-closer.o)
                              C:/ST/STM32CubeIDE_1.15.1/STM32CubeIDE/plugins/com.st.stm32cube.ide.mcu.externaltools.gnu-tools-for-stm32.12.3.rel1.win32_1.1.0.202410251130/tools/bin/../lib/gcc/arm-none-eabi/12.3.1/../../../../arm-none-eabi/lib/thumb/v7-m/nofp\libc_nano.a(libc_a-stdio.o) (_close_r)
C:/ST/STM32CubeIDE_1.15.1/STM32CubeIDE/plugins/com.st.stm32cube.ide.mcu.externaltools.gnu-tools-for-stm32.12.3.rel1.win32_1.1.0.202410251130/tools/bin/../lib/gcc/arm-none-eabi/12.3.1/../../../../arm-none-eabi/lib/thumb/v7-m/nofp\libc_nano.a(libc_a-reent.o)
                              C:/ST/STM32CubeIDE_1.15.1/STM32CubeIDE/plugins/com.st.stm32cube.ide.mcu.externaltools.gnu-tools-for-stm32.12.3.rel1.win32_1.1.0.202410251130/tools/bin/../lib/gcc/arm-none-eabi/12.3.1/../../../../arm-none-eabi/lib/thumb/v7-m/nofp\libc_nano.a(libc_a-closer.o) (errno)
C:/ST/STM32CubeIDE_1.15.1/STM32CubeIDE/plugins/com.st.stm32cube.ide.mcu.externaltools.gnu-tools-for-stm32.12.3.rel1.win32_1.1.0.202410251130/tools/bin/../lib/gcc/arm-none-eabi/12.3.1/../../../../arm-none-eabi/lib/thumb/v7-m/nofp\libc_nano.a(libc_a-impure.o)
                              C:/ST/STM32CubeIDE_1.15.1/STM32CubeIDE/plugins/com.st.stm32cube.ide.mcu.externaltools.gnu-tools-for-stm32.12.3.rel1.win32_1.1.0.202410251130/tools/bin/../lib/gcc/arm-none-eabi/12.3.1/../../../../arm-none-eabi/lib/thumb/v7-m/nofp\libc_nano.a(libc_a-reent.o) (_impure_ptr)
C:/ST/STM32CubeIDE_1.15.1/STM32CubeIDE/plugins/com.st.stm32cube.ide.mcu.externaltools.gnu-tools-for-stm32.12.3.rel1.win32_1.1.0.202410251130/tools/bin/../lib/gcc/arm-none-eabi/12.3.1/../../../../arm-none-eabi/lib/thumb/v7-m/nofp\libc_nano.a(libc_a-lseekr.o)
[...]
Memory Configuration

Name             Origin             Length             Attributes
RAM              0x20000000         0x00005000         xrw
FLASH            0x08000000         0x00010000         xr
*default*        0x00000000         0xffffffff

Linker script and memory map

LOAD C:/ST/STM32CubeIDE_1.15.1/STM32CubeIDE/plugins/com.st.stm32cube.ide.mcu.externaltools.gnu-tools-for-stm32.12.3.rel1.win32_1.1.0.202410251130/tools/bin/../lib/gcc/arm-none-eabi/12.3.1/thumb/v7-m/nofp/crti.o
LOAD C:/ST/STM32CubeIDE_1.15.1/STM32CubeIDE/plugins/com.st.stm32cube.ide.mcu.externaltools.gnu-tools-for-stm32.12.3.rel1.win32_1.1.0.202410251130/tools/bin/../lib/gcc/arm-none-eabi/12.3.1/thumb/v7-m/nofp/crtbegin.o
LOAD C:/ST/STM32CubeIDE_1.15.1/STM32CubeIDE/plugins/com.st.stm32cube.ide.mcu.externaltools.gnu-tools-for-stm32.12.3.rel1.win32_1.1.0.202410251130/tools/bin/../lib/gcc/arm-none-eabi/12.3.1/../../../../arm-none-eabi/lib/thumb/v7-m/nofp/crt0.o
LOAD ./Core/Src/main.o
LOAD ./Core/Src/stm32f1xx_hal_msp.o
LOAD ./Core/Src/stm32f1xx_it.o
LOAD ./Core/Src/syscalls.o
LOAD ./Core/Src/sysmem.o
LOAD ./Core/Src/system_stm32f1xx.o
LOAD ./Core/Startup/startup_stm32f103c8tx.o
LOAD ./Drivers/STM32F1xx_HAL_Driver/Src/stm32f1xx_hal.o
LOAD ./Drivers/STM32F1xx_HAL_Driver/Src/stm32f1xx_hal_cortex.o
LOAD ./Drivers/STM32F1xx_HAL_Driver/Src/stm32f1xx_hal_crc.o
LOAD ./Drivers/STM32F1xx_HAL_Driver/Src/stm32f1xx_hal_dma.o
LOAD ./Drivers/STM32F1xx_HAL_Driver/Src/stm32f1xx_hal_exti.o
LOAD ./Drivers/STM32F1xx_HAL_Driver/Src/stm32f1xx_hal_flash.o
LOAD ./Drivers/STM32F1xx_HAL_Driver/Src/stm32f1xx_hal_flash_ex.o
LOAD ./Drivers/STM32F1xx_HAL_Driver/Src/stm32f1xx_hal_gpio.o
LOAD ./Drivers/STM32F1xx_HAL_Driver/Src/stm32f1xx_hal_gpio_ex.o
LOAD ./Drivers/STM32F1xx_HAL_Driver/Src/stm32f1xx_hal_i2c.o
LOAD ./Drivers/STM32F1xx_HAL_Driver/Src/stm32f1xx_hal_pcd.o
LOAD ./Drivers/STM32F1xx_HAL_Driver/Src/stm32f1xx_hal_pcd_ex.o
LOAD ./Drivers/STM32F1xx_HAL_Driver/Src/stm32f1xx_hal_pwr.o
LOAD ./Drivers/STM32F1xx_HAL_Driver/Src/stm32f1xx_hal_rcc.o
LOAD ./Drivers/STM32F1xx_HAL_Driver/Src/stm32f1xx_hal_rcc_ex.o
LOAD ./Drivers/STM32F1xx_HAL_Driver/Src/stm32f1xx_hal_tim.o
LOAD ./Drivers/STM32F1xx_HAL_Driver/Src/stm32f1xx_hal_tim_ex.o
LOAD ./Drivers/STM32F1xx_HAL_Driver/Src/stm32f1xx_ll_usb.o
LOAD ./Middlewares/ST/STM32_USB_Device_Library/Class/CDC/Src/usbd_cdc.o
LOAD ./Middlewares/ST/STM32_USB_Device_Library/Core/Src/usbd_core.o
LOAD ./Middlewares/ST/STM32_USB_Device_Library/Core/Src/usbd_ctlreq.o
LOAD ./Middlewares/ST/STM32_USB_Device_Library/Core/Src/usbd_ioreq.o
LOAD ./USB_DEVICE/App/usb_device.o
LOAD ./USB_DEVICE/App/usbd_cdc_if.o
LOAD ./USB_DEVICE/App/usbd_desc.o
LOAD ./USB_DEVICE/Target/usbd_conf.o
START GROUP
LOAD C:/ST/STM32CubeIDE_1.15.1/STM32CubeIDE/plugins/com.st.stm32cube.ide.mcu.externaltools.gnu-tools-for-stm32.12.3.rel1.win32_1.1.0.202410251130/tools/bin/../lib/gcc/arm-none-eabi/12.3.1/../../../../arm-none-eabi/lib/thumb/v7-m/nofp\libc_nano.a
LOAD C:/ST/STM32CubeIDE_1.15.1/STM32CubeIDE/plugins/com.st.stm32cube.ide.mcu.externaltools.gnu-tools-for-stm32.12.3.rel1.win32_1.1.0.202410251130/tools/bin/../lib/gcc/arm-none-eabi/12.3.1/../../../../arm-none-eabi/lib/thumb/v7-m/nofp\libm.a
END GROUP
START GROUP
LOAD C:/ST/STM32CubeIDE_1.15.1/STM32CubeIDE/plugins/com.st.stm32cube.ide.mcu.externaltools.gnu-tools-for-stm32.12.3.rel1.win32_1.1.0.202410251130/tools/bin/../lib/gcc/arm-none-eabi/12.3.1/thumb/v7-m/nofp\libgcc.a
LOAD C:/ST/STM32CubeIDE_1.15.1/STM32CubeIDE/plugins/com.st.stm32cube.ide.mcu.externaltools.gnu-tools-for-stm32.12.3.rel1.win32_1.1.0.202410251130/tools/bin/../lib/gcc/arm-none-eabi/12.3.1/../../../../arm-none-eabi/lib/thumb/v7-m/nofp\libc_nano.a
END GROUP
START GROUP
LOAD C:/ST/STM32CubeIDE_1.15.1/STM32CubeIDE/plugins/com.st.stm32cube.ide.mcu.externaltools.gnu-tools-for-stm32.12.3.rel1.win32_1.1.0.202410251130/tools/bin/../lib/gcc/arm-none-eabi/12.3.1/thumb/v7-m/nofp\libgcc.a
LOAD C:/ST/STM32CubeIDE_1.15.1/STM32CubeIDE/plugins/com.st.stm32cube.ide.mcu.externaltools.gnu-tools-for-stm32.12.3.rel1.win32_1.1.0.202410251130/tools/bin/../lib/gcc/arm-none-eabi/12.3.1/../../../../arm-none-eabi/lib/thumb/v7-m/nofp\libc_nano.a
LOAD C:/ST/STM32CubeIDE_1.15.1/STM32CubeIDE/plugins/com.st.stm32cube.ide.mcu.externaltools.gnu-tools-for-stm32.12.3.rel1.win32_1.1.0.202410251130/tools/bin/../lib/gcc/arm-none-eabi/12.3.1/../../../../arm-none-eabi/lib/thumb/v7-m/nofp\libnosys.a
END GROUP
START GROUP
LOAD C:/ST/STM32CubeIDE_1.15.1/STM32CubeIDE/plugins/com.st.stm32cube.ide.mcu.externaltools.gnu-tools-for-stm32.12.3.rel1.win32_1.1.0.202410251130/tools/bin/../lib/gcc/arm-none-eabi/12.3.1/thumb/v7-m/nofp\libgcc.a
LOAD C:/ST/STM32CubeIDE_1.15.1/STM32CubeIDE/plugins/com.st.stm32cube.ide.mcu.externaltools.gnu-tools-for-stm32.12.3.rel1.win32_1.1.0.202410251130/tools/bin/../lib/gcc/arm-none-eabi/12.3.1/../../../../arm-none-eabi/lib/thumb/v7-m/nofp\libc_nano.a
LOAD C:/ST/STM32CubeIDE_1.15.1/STM32CubeIDE/plugins/com.st.stm32cube.ide.mcu.externaltools.gnu-tools-for-stm32.12.3.rel1.win32_1.1.0.202410251130/tools/bin/../lib/gcc/arm-none-eabi/12.3.1/../../../../arm-none-eabi/lib/thumb/v7-m/nofp\libnosys.a
END GROUP
LOAD C:/ST/STM32CubeIDE_1.15.1/STM32CubeIDE/plugins/com.st.stm32cube.ide.mcu.externaltools.gnu-tools-for-stm32.12.3.rel1.win32_1.1.0.202410251130/tools/bin/../lib/gcc/arm-none-eabi/12.3.1/thumb/v7-m/nofp/crtend.o
LOAD C:/ST/STM32CubeIDE_1.15.1/STM32CubeIDE/plugins/com.st.stm32cube.ide.mcu.externaltools.gnu-tools-for-stm32.12.3.rel1.win32_1.1.0.202410251130/tools/bin/../lib/gcc/arm-none-eabi/12.3.1/thumb/v7-m/nofp/crtn.o
                0x20005000                        _estack = (ORIGIN (RAM) + LENGTH (RAM))
                0x00000200                        _Min_Heap_Size = 0x200
                0x00000400                        _Min_Stack_Size = 0x400

.isr_vector     0x08000000      0x10c
                0x08000000                        . = ALIGN (0x4)
 *(.isr_vector)
 .isr_vector    0x08000000      0x10c ./Core/Startup/startup_stm32f103c8tx.o
                0x08000000                g_pfnVectors
                0x0800010c                        . = ALIGN (0x4)

.text           0x0800010c     0x8964
                0x0800010c                        . = ALIGN (0x4)
 *(.text)
 .text          0x0800010c       0x40 C:/ST/STM32CubeIDE_1.15.1/STM32CubeIDE/plugins/com.st.stm32cube.ide.mcu.externaltools.gnu-tools-for-stm32.12.3.rel1.win32_1.1.0.202410251130/tools/bin/../lib/gcc/arm-none-eabi/12.3.1/thumb/v7-m/nofp/crtbegin.o
 *(.text*)
 .text.main     0x0800014c      0x1c4 ./Core/Src/main.o
                0x0800014c                main
 .text.SystemClock_Config
                0x08000310       0xb4 ./Core/Src/main.o
                0x08000310                SystemClock_Config
 .text.MX_CRC_Init
                0x080003c4       0x28 ./Core/Src/main.o
 .text.MX_I2C1_Init
                0x080003ec       0x5c ./Core/Src/main.o
 .text.MX_GPIO_Init
                0x08000448       0xb0 ./Core/Src/main.o
 .text.Error_Handler
                0x080004f8        0xc ./Core/Src/main.o
                0x080004f8                Error_Handler
 .text.HAL_MspInit
                0x08000504       0x64 ./Core/Src/stm32f1xx_hal_msp.o
                0x08000504                HAL_MspInit
 .text.HAL_CRC_MspInit
                0x08000568       0x3c ./Core/Src/stm32f1xx_hal_msp.o
                0x08000568                HAL_CRC_MspInit
 .text.HAL_I2C_MspInit
                0x080005a4       0x7c ./Core/Src/stm32f1xx_hal_msp.o
                0x080005a4                HAL_I2C_MspInit
 .text.NMI_Handler
                0x08000620        0x8 ./Core/Src/stm32f1xx_it.o
                0x08000620                NMI_Handler
 .text.HardFault_Handler
                0x08000628        0x8 ./Core/Src/stm32f1xx_it.o
                0x08000628                HardFault_Handler
 .text.MemManage_Handler
                0x08000630        0x8 ./Core/Src/stm32f1xx_it.o
                0x08000630                MemManage_Handler
 .text.BusFault_Handler
                0x08000638        0x8 ./Core/Src/stm32f1xx_it.o
                0x08000638                BusFault_Handler
 .text.UsageFault_Handler
                0x08000640        0x8 ./Core/Src/stm32f1xx_it.o
                0x08000640                UsageFault_Handler
 .text.SVC_Handler
                0x08000648        0xc ./Core/Src/stm32f1xx_it.o
                0x08000648                SVC_Handler
 .text.DebugMon_Handler
                0x08000654        0xc ./Core/Src/stm32f1xx_it.o
                0x08000654                DebugMon_Handler
 .text.PendSV_Handler
                0x08000660        0xc ./Core/Src/stm32f1xx_it.o
                0x08000660                PendSV_Handler
 .text.SysTick_Handler
                0x0800066c        0xc ./Core/Src/stm32f1xx_it.o
                0x0800066c                SysTick_Handler
 .text.USB_LP_CAN1_RX0_IRQHandler
                0x08000678       0x14 ./Core/Src/stm32f1xx_it.o
                0x08000678                USB_LP_CAN1_RX0_IRQHandler
 .text.SystemInit
                0x0800068c        0xc ./Core/Src/system_stm32f1xx.o
                0x0800068c                SystemInit
 .text.Reset_Handler
                0x08000698       0x48 ./Core/Startup/startup_stm32f103c8tx.o
                0x08000698                Reset_Handler
 .text.Default_Handler
                0x080006e0        0x2 ./Core/Startup/startup_stm32f103c8tx.o
                0x080006e0                RTC_Alarm_IRQHandler
                0x080006e0                EXTI2_IRQHandler
                0x080006e0                TIM1_CC_IRQHandler
                0x080006e0                PVD_IRQHandler
                0x080006e0                EXTI3_IRQHandler
                0x080006e0                EXTI0_IRQHandler
                0x080006e0                I2C2_EV_IRQHandler
                0x080006e0                ADC1_2_IRQHandler
                0x080006e0                SPI1_IRQHandler
                0x080006e0                TAMPER_IRQHandler
                0x080006e0                DMA1_Channel4_IRQHandler
                0x080006e0                USART3_IRQHandler
                0x080006e0                RTC_IRQHandler
                0x080006e0                DMA1_Channel7_IRQHandler
                0x080006e0                CAN1_RX1_IRQHandler
                0x080006e0                TIM4_IRQHandler
                0x080006e0                I2C1_EV_IRQHandler
                0x080006e0                DMA1_Channel6_IRQHandler
                0x080006e0                TIM3_IRQHandler
                0x080006e0                RCC_IRQHandler
                0x080006e0                TIM1_TRG_COM_IRQHandler
                0x080006e0                DMA1_Channel1_IRQHandler
                0x080006e0                Default_Handler
                0x080006e0                EXTI15_10_IRQHandler
                0x080006e0                EXTI9_5_IRQHandler
                0x080006e0                SPI2_IRQHandler
                0x080006e0                DMA1_Channel5_IRQHandler
                0x080006e0                EXTI4_IRQHandler
                0x080006e0                USB_HP_CAN1_TX_IRQHandler
                0x080006e0                DMA1_Channel3_IRQHandler
                0x080006e0                TIM1_UP_IRQHandler
                0x080006e0                WWDG_IRQHandler
                0x080006e0                TIM2_IRQHandler
                0x080006e0                TIM1_BRK_IRQHandler
                0x080006e0                EXTI1_IRQHandler
                0x080006e0                USART2_IRQHandler
                0x080006e0                I2C2_ER_IRQHandler
                0x080006e0                DMA1_Channel2_IRQHandler
                0x080006e0                CAN1_SCE_IRQHandler
                0x080006e0                FLASH_IRQHandler
                0x080006e0                USART1_IRQHandler
                0x080006e0                I2C1_ER_IRQHandler
                0x080006e0                USBWakeUp_IRQHandler
 *fill*         0x080006e2        0x2 
 .text.HAL_Init
                0x080006e4       0x2c ./Drivers/STM32F1xx_HAL_Driver/Src/stm32f1xx_hal.o
                0x080006e4                HAL_Init
 .text.HAL_InitTick
                0x08000710       0x60 ./Drivers/STM32F1xx_HAL_Driver/Src/stm32f1xx_hal.o
                0x08000710                HAL_InitTick
 .text.HAL_IncTick
                0x08000770       0x24 ./Drivers/STM32F1xx_HAL_Driver/Src/stm32f1xx_hal.o
                0x08000770                HAL_IncTick
 .text.HAL_GetTick
                0x08000794       0x14 ./Drivers/STM32F1xx_HAL_Driver/Src/stm32f1xx_hal.o
                0x08000794                HAL_GetTick
 .text.HAL_Delay
                0x080007a8       0x48 ./Drivers/STM32F1xx_HAL_Driver/Src/stm32f1xx_hal.o
                0x080007a8                HAL_Delay
 .text.__NVIC_SetPriorityGrouping
                0x080007f0       0x48 ./Drivers/STM32F1xx_HAL_Driver/Src/stm32f1xx_hal_cortex.o
 .text.__NVIC_GetPriorityGrouping
                0x08000838       0x1c ./Drivers/STM32F1xx_HAL_Driver/Src/stm32f1xx_hal_cortex.o
 .text.__NVIC_EnableIRQ
                0x08000854       0x38 ./Drivers/STM32F1xx_HAL_Driver/Src/stm32f1xx_hal_cortex.o
 .text.__NVIC_SetPriority
                0x0800088c       0x54 ./Drivers/STM32F1xx_HAL_Driver/Src/stm32f1xx_hal_cortex.o
 .text.NVIC_EncodePriority
                0x080008e0       0x64 ./Drivers/STM32F1xx_HAL_Driver/Src/stm32f1xx_hal_cortex.o
 .text.SysTick_Config
                0x08000944       0x44 ./Drivers/STM32F1xx_HAL_Driver/Src/stm32f1xx_hal_cortex.o
 .text.HAL_NVIC_SetPriorityGrouping
                0x08000988       0x16 ./Drivers/STM32F1xx_HAL_Driver/Src/stm32f1xx_hal_cortex.o
                0x08000988                HAL_NVIC_SetPriorityGrouping
 .text.HAL_NVIC_SetPriority
                0x0800099e       0x38 ./Drivers/STM32F1xx_HAL_Driver/Src/stm32f1xx_hal_cortex.o
                0x0800099e                HAL_NVIC_SetPriority
 .text.HAL_NVIC_EnableIRQ
                0x080009d6       0x1c ./Drivers/STM32F1xx_HAL_Driver/Src/stm32f1xx_hal_cortex.o
                0x080009d6                HAL_NVIC_EnableIRQ
 .text.HAL_SYSTICK_Config
                0x080009f2       0x18 ./Drivers/STM32F1xx_HAL_Driver/Src/stm32f1xx_hal_cortex.o
                0x080009f2                HAL_SYSTICK_Config
 .text.HAL_CRC_Init
                0x08000a0a       0x38 ./Drivers/STM32F1xx_HAL_Driver/Src/stm32f1xx_hal_crc.o
                0x08000a0a                HAL_CRC_Init
 .text.HAL_CRC_Calculate
                0x08000a42       0x64 ./Drivers/STM32F1xx_HAL_Driver/Src/stm32f1xx_hal_crc.o
                0x08000a42                HAL_CRC_Calculate
 *fill*         0x08000aa6        0x2 
 .text.HAL_GPIO_Init
                0x08000aa8      0x308 ./Drivers/STM32F1xx_HAL_Driver/Src/stm32f1xx_hal_gpio.o
                0x08000aa8                HAL_GPIO_Init
 .text.HAL_GPIO_WritePin
                0x08000db0       0x30 ./Drivers/STM32F1xx_HAL_Driver/Src/stm32f1xx_hal_gpio.o
                0x08000db0                HAL_GPIO_WritePin
 .text.HAL_GPIO_TogglePin
                0x08000de0       0x32 ./Drivers/STM32F1xx_HAL_Driver/Src/stm32f1xx_hal_gpio.o
                0x08000de0                HAL_GPIO_TogglePin
 *fill*         0x08000e12        0x2 
 .text.HAL_I2C_Init
                0x08000e14      0x288 ./Drivers/STM32F1xx_HAL_Driver/Src/stm32f1xx_hal_i2c.o
                0x08000e14                HAL_I2C_Init
 .text.HAL_I2C_Master_Transmit
                0x0800109c      0x1fc ./Drivers/STM32F1xx_HAL_Driver/Src/stm32f1xx_hal_i2c.o
                0x0800109c                HAL_I2C_Master_Transmit
 .text.HAL_I2C_Master_Receive
                0x08001298      0x4d8 ./Drivers/STM32F1xx_HAL_Driver/Src/stm32f1xx_hal_i2c.o
                0x08001298                HAL_I2C_Master_Receive
 .text.I2C_MasterRequestWrite
                0x08001770      0x104 ./Drivers/STM32F1xx_HAL_Driver/Src/stm32f1xx_hal_i2c.o
 .text.I2C_MasterRequestRead
                0x08001874      0x19c ./Drivers/STM32F1xx_HAL_Driver/Src/stm32f1xx_hal_i2c.o
 .text.I2C_WaitOnFlagUntilTimeout
                0x08001a10       0xf4 ./Drivers/STM32F1xx_HAL_Driver/Src/stm32f1xx_hal_i2c.o
 .text.I2C_WaitOnMasterAddressFlagUntilTimeout
                0x08001b04      0x140 ./Drivers/STM32F1xx_HAL_Driver/Src/stm32f1xx_hal_i2c.o
 .text.I2C_WaitOnTXEFlagUntilTimeout
                0x08001c44       0x90 ./Drivers/STM32F1xx_HAL_Driver/Src/stm32f1xx_hal_i2c.o
 .text.I2C_WaitOnBTFFlagUntilTimeout
                0x08001cd4       0x90 ./Drivers/STM32F1xx_HAL_Driver/Src/stm32f1xx_hal_i2c.o
 .text.I2C_WaitOnRXNEFlagUntilTimeout
                0x08001d64       0xba ./Drivers/STM32F1xx_HAL_Driver/Src/stm32f1xx_hal_i2c.o
 .text.I2C_IsAcknowledgeFailed
                0x08001e1e       0x5c ./Drivers/STM32F1xx_HAL_Driver/Src/stm32f1xx_hal_i2c.o
 .text.HAL_PCD_Init
                0x08001e7a      0x1ec ./Drivers/STM32F1xx_HAL_Driver/Src/stm32f1xx_hal_pcd.o
                0x08001e7a                HAL_PCD_Init
 .text.HAL_PCD_Start
                0x08002066       0x4c ./Drivers/STM32F1xx_HAL_Driver/Src/stm32f1xx_hal_pcd.o
                0x08002066                HAL_PCD_Start
 .text.HAL_PCD_IRQHandler
                0x080020b2      0x260 ./Drivers/STM32F1xx_HAL_Driver/Src/stm32f1xx_hal_pcd.o
                0x080020b2                HAL_PCD_IRQHandler
 .text.HAL_PCD_SetAddress
                0x08002312       0x48 ./Drivers/STM32F1xx_HAL_Driver/Src/stm32f1xx_hal_pcd.o
                0x08002312                HAL_PCD_SetAddress
 .text.HAL_PCD_EP_Open
                0x0800235a       0xba ./Drivers/STM32F1xx_HAL_Driver/Src/stm32f1xx_hal_pcd.o
                0x0800235a                HAL_PCD_EP_Open
 .text.HAL_PCD_EP_Close
                0x08002414       0x90 ./Drivers/STM32F1xx_HAL_Driver/Src/stm32f1xx_hal_pcd.o
                0x08002414                HAL_PCD_EP_Close
 .text.HAL_PCD_EP_Receive
                0x080024a4       0x62 ./Drivers/STM32F1xx_HAL_Driver/Src/stm32f1xx_hal_pcd.o
                0x080024a4                HAL_PCD_EP_Receive
 .text.HAL_PCD_EP_GetRxCount
                0x08002506       0x2e ./Drivers/STM32F1xx_HAL_Driver/Src/stm32f1xx_hal_pcd.o
                0x08002506                HAL_PCD_EP_GetRxCount
 .text.HAL_PCD_EP_Transmit
                0x08002534       0x6e ./Drivers/STM32F1xx_HAL_Driver/Src/stm32f1xx_hal_pcd.o
                0x08002534                HAL_PCD_EP_Transmit
 .text.HAL_PCD_EP_SetStall
                0x080025a2       0xc0 ./Drivers/STM32F1xx_HAL_Driver/Src/stm32f1xx_hal_pcd.o
                0x080025a2                HAL_PCD_EP_SetStall
 .text.HAL_PCD_EP_ClrStall
                0x08002662       0xa8 ./Drivers/STM32F1xx_HAL_Driver/Src/stm32f1xx_hal_pcd.o
                0x08002662                HAL_PCD_EP_ClrStall
 .text.PCD_EP_ISR_Handler
                0x0800270a      0x79e ./Drivers/STM32F1xx_HAL_Driver/Src/stm32f1xx_hal_pcd.o
 .text.HAL_PCD_EP_DB_Receive
                0x08002ea8      0x21a ./Drivers/STM32F1xx_HAL_Driver/Src/stm32f1xx_hal_pcd.o
 .text.HAL_PCD_EP_DB_Transmit
                0x080030c2      0x7f4 ./Drivers/STM32F1xx_HAL_Driver/Src/stm32f1xx_hal_pcd.o
 .text.HAL_PCDEx_PMAConfig
                0x080038b6       0x84 ./Drivers/STM32F1xx_HAL_Driver/Src/stm32f1xx_hal_pcd_ex.o
                0x080038b6                HAL_PCDEx_PMAConfig
 *fill*         0x0800393a        0x2 
 .text.HAL_RCC_OscConfig
                0x0800393c      0x504 ./Drivers/STM32F1xx_HAL_Driver/Src/stm32f1xx_hal_rcc.o
                0x0800393c                HAL_RCC_OscConfig
 .text.HAL_RCC_ClockConfig
                0x08003e40      0x1d4 ./Drivers/STM32F1xx_HAL_Driver/Src/stm32f1xx_hal_rcc.o
                0x08003e40                HAL_RCC_ClockConfig
 .text.HAL_RCC_GetSysClockFreq
                0x08004014       0xa8 ./Drivers/STM32F1xx_HAL_Driver/Src/stm32f1xx_hal_rcc.o
                0x08004014                HAL_RCC_GetSysClockFreq
 .text.HAL_RCC_GetHCLKFreq
                0x080040bc       0x14 ./Drivers/STM32F1xx_HAL_Driver/Src/stm32f1xx_hal_rcc.o
                0x080040bc                HAL_RCC_GetHCLKFreq
 .text.HAL_RCC_GetPCLK1Freq
                0x080040d0       0x28 ./Drivers/STM32F1xx_HAL_Driver/Src/stm32f1xx_hal_rcc.o
                0x080040d0                HAL_RCC_GetPCLK1Freq
 .text.RCC_Delay
                0x080040f8       0x3c ./Drivers/STM32F1xx_HAL_Driver/Src/stm32f1xx_hal_rcc.o
 .text.HAL_RCCEx_PeriphCLKConfig
                0x08004134      0x16c ./Drivers/STM32F1xx_HAL_Driver/Src/stm32f1xx_hal_rcc_ex.o
                0x08004134                HAL_RCCEx_PeriphCLKConfig
 .text.USB_CoreInit
                0x080042a0       0x1a ./Drivers/STM32F1xx_HAL_Driver/Src/stm32f1xx_ll_usb.o
                0x080042a0                USB_CoreInit
 .text.USB_EnableGlobalInt
                0x080042ba       0x2c ./Drivers/STM32F1xx_HAL_Driver/Src/stm32f1xx_ll_usb.o
                0x080042ba                USB_EnableGlobalInt
 .text.USB_DisableGlobalInt
                0x080042e6       0x34 ./Drivers/STM32F1xx_HAL_Driver/Src/stm32f1xx_ll_usb.o
                0x080042e6                USB_DisableGlobalInt
 .text.USB_SetCurrentMode
                0x0800431a       0x18 ./Drivers/STM32F1xx_HAL_Driver/Src/stm32f1xx_ll_usb.o
                0x0800431a                USB_SetCurrentMode
 .text.USB_DevInit
                0x08004332       0x3a ./Drivers/STM32F1xx_HAL_Driver/Src/stm32f1xx_ll_usb.o
                0x08004332                USB_DevInit
 .text.USB_ActivateEndpoint
                0x0800436c      0x780 ./Drivers/STM32F1xx_HAL_Driver/Src/stm32f1xx_ll_usb.o
                0x0800436c                USB_ActivateEndpoint
 .text.USB_DeactivateEndpoint
                0x08004aec      0x3d8 ./Drivers/STM32F1xx_HAL_Driver/Src/stm32f1xx_ll_usb.o
                0x08004aec                USB_DeactivateEndpoint
 .text.USB_EPStartXfer
                0x08004ec4     0x1762 ./Drivers/STM32F1xx_HAL_Driver/Src/stm32f1xx_ll_usb.o
                0x08004ec4                USB_EPStartXfer
 .text.USB_EPSetStall
                0x08006626       0xa0 ./Drivers/STM32F1xx_HAL_Driver/Src/stm32f1xx_ll_usb.o
                0x08006626                USB_EPSetStall
 .text.USB_EPClearStall
                0x080066c6      0x15a ./Drivers/STM32F1xx_HAL_Driver/Src/stm32f1xx_ll_usb.o
                0x080066c6                USB_EPClearStall
 .text.USB_SetDevAddress
                0x08006820       0x26 ./Drivers/STM32F1xx_HAL_Driver/Src/stm32f1xx_ll_usb.o
                0x08006820                USB_SetDevAddress
 .text.USB_DevConnect
                0x08006846       0x14 ./Drivers/STM32F1xx_HAL_Driver/Src/stm32f1xx_ll_usb.o
                0x08006846                USB_DevConnect
 .text.USB_DevDisconnect
                0x0800685a       0x14 ./Drivers/STM32F1xx_HAL_Driver/Src/stm32f1xx_ll_usb.o
                0x0800685a                USB_DevDisconnect
 .text.USB_ReadInterrupts
                0x0800686e       0x1e ./Drivers/STM32F1xx_HAL_Driver/Src/stm32f1xx_ll_usb.o
                0x0800686e                USB_ReadInterrupts
 .text.USB_EP0_OutStart
                0x0800688c       0x16 ./Drivers/STM32F1xx_HAL_Driver/Src/stm32f1xx_ll_usb.o
                0x0800688c                USB_EP0_OutStart
 .text.USB_WritePMA
                0x080068a2       0x8a ./Drivers/STM32F1xx_HAL_Driver/Src/stm32f1xx_ll_usb.o
                0x080068a2                USB_WritePMA
 .text.USB_ReadPMA
                0x0800692c       0x9e ./Drivers/STM32F1xx_HAL_Driver/Src/stm32f1xx_ll_usb.o
                0x0800692c                USB_ReadPMA
 .text.USBD_CDC_Init
                0x080069ca       0xf4 ./Middlewares/ST/STM32_USB_Device_Library/Class/CDC/Src/usbd_cdc.o
 .text.USBD_CDC_DeInit
                0x08006abe       0x6e ./Middlewares/ST/STM32_USB_Device_Library/Class/CDC/Src/usbd_cdc.o
 .text.USBD_CDC_Setup
                0x08006b2c      0x146 ./Middlewares/ST/STM32_USB_Device_Library/Class/CDC/Src/usbd_cdc.o
 .text.USBD_CDC_DataIn
                0x08006c72       0xa6 ./Middlewares/ST/STM32_USB_Device_Library/Class/CDC/Src/usbd_cdc.o
 .text.USBD_CDC_DataOut
                0x08006d18       0x56 ./Middlewares/ST/STM32_USB_Device_Library/Class/CDC/Src/usbd_cdc.o
 .text.USBD_CDC_EP0_RxReady
                0x08006d6e       0x4e ./Middlewares/ST/STM32_USB_Device_Library/Class/CDC/Src/usbd_cdc.o
 .text.USBD_CDC_GetFSCfgDesc
                0x08006dbc       0x20 ./Middlewares/ST/STM32_USB_Device_Library/Class/CDC/Src/usbd_cdc.o
 .text.USBD_CDC_GetHSCfgDesc
                0x08006ddc       0x20 ./Middlewares/ST/STM32_USB_Device_Library/Class/CDC/Src/usbd_cdc.o
 .text.USBD_CDC_GetOtherSpeedCfgDesc
                0x08006dfc       0x20 ./Middlewares/ST/STM32_USB_Device_Library/Class/CDC/Src/usbd_cdc.o
 .text.USBD_CDC_GetDeviceQualifierDescriptor
                0x08006e1c       0x20 ./Middlewares/ST/STM32_USB_Device_Library/Class/CDC/Src/usbd_cdc.o
                0x08006e1c                USBD_CDC_GetDeviceQualifierDescriptor
 .text.USBD_CDC_RegisterInterface
                0x08006e3c       0x2c ./Middlewares/ST/STM32_USB_Device_Library/Class/CDC/Src/usbd_cdc.o
                0x08006e3c                USBD_CDC_RegisterInterface
 .text.USBD_CDC_SetTxBuffer
                0x08006e68       0x32 ./Middlewares/ST/STM32_USB_Device_Library/Class/CDC/Src/usbd_cdc.o
                0x08006e68                USBD_CDC_SetTxBuffer
 .text.USBD_CDC_SetRxBuffer
                0x08006e9a       0x26 ./Middlewares/ST/STM32_USB_Device_Library/Class/CDC/Src/usbd_cdc.o
                0x08006e9a                USBD_CDC_SetRxBuffer
 .text.USBD_CDC_TransmitPacket
                0x08006ec0       0x5e ./Middlewares/ST/STM32_USB_Device_Library/Class/CDC/Src/usbd_cdc.o
                0x08006ec0                USBD_CDC_TransmitPacket
 .text.USBD_CDC_ReceivePacket
                0x08006f1e       0x54 ./Middlewares/ST/STM32_USB_Device_Library/Class/CDC/Src/usbd_cdc.o
                0x08006f1e                USBD_CDC_ReceivePacket
 .text.USBD_Init
                0x08006f72       0x56 ./Middlewares/ST/STM32_USB_Device_Library/Core/Src/usbd_core.o
                0x08006f72                USBD_Init
 .text.USBD_RegisterClass
                0x08006fc8       0x32 ./Middlewares/ST/STM32_USB_Device_Library/Core/Src/usbd_core.o
                0x08006fc8                USBD_RegisterClass
 .text.USBD_Start
                0x08006ffa       0x18 ./Middlewares/ST/STM32_USB_Device_Library/Core/Src/usbd_core.o
                0x08006ffa                USBD_Start
 .text.USBD_RunTestMode
                0x08007012       0x14 ./Middlewares/ST/STM32_USB_Device_Library/Core/Src/usbd_core.o
                0x08007012                USBD_RunTestMode
 .text.USBD_SetClassConfig
                0x08007026       0x3e ./Middlewares/ST/STM32_USB_Device_Library/Core/Src/usbd_core.o
                0x08007026                USBD_SetClassConfig
 .text.USBD_ClrClassConfig
                0x08007064       0x26 ./Middlewares/ST/STM32_USB_Device_Library/Core/Src/usbd_core.o
                0x08007064                USBD_ClrClassConfig
 .text.USBD_LL_SetupStage
                0x0800708a       0x9a ./Middlewares/ST/STM32_USB_Device_Library/Core/Src/usbd_core.o
                0x0800708a                USBD_LL_SetupStage
 .text.USBD_LL_DataOutStage
                0x08007124       0xe2 ./Middlewares/ST/STM32_USB_Device_Library/Core/Src/usbd_core.o
                0x08007124                USBD_LL_DataOutStage
 .text.USBD_LL_DataInStage
                0x08007206      0x14a ./Middlewares/ST/STM32_USB_Device_Library/Core/Src/usbd_core.o
                0x08007206                USBD_LL_DataInStage
 .text.USBD_LL_Reset
                0x08007350       0x82 ./Middlewares/ST/STM32_USB_Device_Library/Core/Src/usbd_core.o
                0x08007350                USBD_LL_Reset
 .text.USBD_LL_SetSpeed
                0x080073d2       0x1e ./Middlewares/ST/STM32_USB_Device_Library/Core/Src/usbd_core.o
                0x080073d2                USBD_LL_SetSpeed
 .text.USBD_LL_Suspend
                0x080073f0       0x28 ./Middlewares/ST/STM32_USB_Device_Library/Core/Src/usbd_core.o
                0x080073f0                USBD_LL_Suspend
 .text.USBD_LL_Resume
                0x08007418       0x2a ./Middlewares/ST/STM32_USB_Device_Library/Core/Src/usbd_core.o
                0x08007418                USBD_LL_Resume
 .text.USBD_LL_SOF
                0x08007442       0x34 ./Middlewares/ST/STM32_USB_Device_Library/Core/Src/usbd_core.o
                0x08007442                USBD_LL_SOF
 *fill*         0x08007476        0x2 
 .text.USBD_StdDevReq
                0x08007478       0xd4 ./Middlewares/ST/STM32_USB_Device_Library/Core/Src/usbd_ctlreq.o
                0x08007478                USBD_StdDevReq
 .text.USBD_StdItfReq
                0x0800754c       0x90 ./Middlewares/ST/STM32_USB_Device_Library/Core/Src/usbd_ctlreq.o
                0x0800754c                USBD_StdItfReq
 .text.USBD_StdEPReq
                0x080075dc      0x2c6 ./Middlewares/ST/STM32_USB_Device_Library/Core/Src/usbd_ctlreq.o
                0x080075dc                USBD_StdEPReq
 *fill*         0x080078a2        0x2 
 .text.USBD_GetDescriptor
                0x080078a4      0x2d0 ./Middlewares/ST/STM32_USB_Device_Library/Core/Src/usbd_ctlreq.o
 .text.USBD_SetAddress
                0x08007b74       0x86 ./Middlewares/ST/STM32_USB_Device_Library/Core/Src/usbd_ctlreq.o
 *fill*         0x08007bfa        0x2 
 .text.USBD_SetConfig
                0x08007bfc      0x11c ./Middlewares/ST/STM32_USB_Device_Library/Core/Src/usbd_ctlreq.o
 .text.USBD_GetConfig
                0x08007d18       0x6a ./Middlewares/ST/STM32_USB_Device_Library/Core/Src/usbd_ctlreq.o
 .text.USBD_GetStatus
                0x08007d82       0x66 ./Middlewares/ST/STM32_USB_Device_Library/Core/Src/usbd_ctlreq.o
 .text.USBD_SetFeature
                0x08007de8       0x28 ./Middlewares/ST/STM32_USB_Device_Library/Core/Src/usbd_ctlreq.o
 .text.USBD_ClrFeature
                0x08007e10       0x42 ./Middlewares/ST/STM32_USB_Device_Library/Core/Src/usbd_ctlreq.o
 .text.USBD_ParseSetupRequest
                0x08007e52       0x72 ./Middlewares/ST/STM32_USB_Device_Library/Core/Src/usbd_ctlreq.o
                0x08007e52                USBD_ParseSetupRequest
 .text.USBD_CtlError
                0x08007ec4       0x22 ./Middlewares/ST/STM32_USB_Device_Library/Core/Src/usbd_ctlreq.o
                0x08007ec4                USBD_CtlError
 .text.USBD_GetString
                0x08007ee6       0x84 ./Middlewares/ST/STM32_USB_Device_Library/Core/Src/usbd_ctlreq.o
                0x08007ee6                USBD_GetString
 .text.USBD_GetLen
                0x08007f6a       0x2e ./Middlewares/ST/STM32_USB_Device_Library/Core/Src/usbd_ctlreq.o
 .text.USBD_CtlSendData
                0x08007f98       0x38 ./Middlewares/ST/STM32_USB_Device_Library/Core/Src/usbd_ioreq.o
                0x08007f98                USBD_CtlSendData
 .text.USBD_CtlContinueSendData
                0x08007fd0       0x24 ./Middlewares/ST/STM32_USB_Device_Library/Core/Src/usbd_ioreq.o
                0x08007fd0                USBD_CtlContinueSendData
 .text.USBD_CtlPrepareRx
                0x08007ff4       0x3c ./Middlewares/ST/STM32_USB_Device_Library/Core/Src/usbd_ioreq.o
                0x08007ff4                USBD_CtlPrepareRx
 .text.USBD_CtlContinueRx
                0x08008030       0x24 ./Middlewares/ST/STM32_USB_Device_Library/Core/Src/usbd_ioreq.o
                0x08008030                USBD_CtlContinueRx
 .text.USBD_CtlSendStatus
                0x08008054       0x26 ./Middlewares/ST/STM32_USB_Device_Library/Core/Src/usbd_ioreq.o
                0x08008054                USBD_CtlSendStatus
 .text.USBD_CtlReceiveStatus
                0x0800807a       0x26 ./Middlewares/ST/STM32_USB_Device_Library/Core/Src/usbd_ioreq.o
                0x0800807a                USBD_CtlReceiveStatus
 .text.MX_USB_DEVICE_Init
                0x080080a0       0x60 ./USB_DEVICE/App/usb_device.o
                0x080080a0                MX_USB_DEVICE_Init
 .text.CDC_Init_FS
                0x08008100       0x28 ./USB_DEVICE/App/usbd_cdc_if.o
 .text.CDC_DeInit_FS
                0x08008128        0xe ./USB_DEVICE/App/usbd_cdc_if.o
 *fill*         0x08008136        0x2 
 .text.CDC_Control_FS
                0x08008138       0xbc ./USB_DEVICE/App/usbd_cdc_if.o
 .text.CDC_Receive_FS
                0x080081f4       0x38 ./USB_DEVICE/App/usbd_cdc_if.o
 .text.CDC_Transmit_FS
                0x0800822c       0x4c ./USB_DEVICE/App/usbd_cdc_if.o
                0x0800822c                CDC_Transmit_FS
 .text.USBD_FS_DeviceDescriptor
                0x08008278       0x24 ./USB_DEVICE/App/usbd_desc.o
                0x08008278                USBD_FS_DeviceDescriptor
 .text.USBD_FS_LangIDStrDescriptor
                0x0800829c       0x24 ./USB_DEVICE/App/usbd_desc.o
                0x0800829c                USBD_FS_LangIDStrDescriptor
 .text.USBD_FS_ProductStrDescriptor
                0x080082c0       0x3c ./USB_DEVICE/App/usbd_desc.o
                0x080082c0                USBD_FS_ProductStrDescriptor
 .text.USBD_FS_ManufacturerStrDescriptor
                0x080082fc       0x28 ./USB_DEVICE/App/usbd_desc.o
                0x080082fc                USBD_FS_ManufacturerStrDescriptor
 .text.USBD_FS_SerialStrDescriptor
                0x08008324       0x24 ./USB_DEVICE/App/usbd_desc.o
                0x08008324                USBD_FS_SerialStrDescriptor
 .text.USBD_FS_ConfigStrDescriptor
                0x08008348       0x3c ./USB_DEVICE/App/usbd_desc.o
                0x08008348                USBD_FS_ConfigStrDescriptor
 .text.USBD_FS_InterfaceStrDescriptor
                0x08008384       0x3c ./USB_DEVICE/App/usbd_desc.o
                0x08008384                USBD_FS_InterfaceStrDescriptor
 .text.Get_SerialNum
                0x080083c0       0x58 ./USB_DEVICE/App/usbd_desc.o
 .text.IntToUnicode
                0x08008418       0x7c ./USB_DEVICE/App/usbd_desc.o
 .text.HAL_PCD_MspInit
                0x08008494       0x4c ./USB_DEVICE/Target/usbd_conf.o
                0x08008494                HAL_PCD_MspInit
 .text.HAL_PCD_SetupStageCallback
                0x080084e0       0x24 ./USB_DEVICE/Target/usbd_conf.o
                0x080084e0                HAL_PCD_SetupStageCallback
 .text.HAL_PCD_DataOutStageCallback
                0x08008504       0x36 ./USB_DEVICE/Target/usbd_conf.o
                0x08008504                HAL_PCD_DataOutStageCallback
 .text.HAL_PCD_DataInStageCallback
                0x0800853a       0x34 ./USB_DEVICE/Target/usbd_conf.o
                0x0800853a                HAL_PCD_DataInStageCallback
 .text.HAL_PCD_SOFCallback
                0x0800856e       0x1c ./USB_DEVICE/Target/usbd_conf.o
                0x0800856e                HAL_PCD_SOFCallback
 .text.HAL_PCD_ResetCallback
                0x0800858a       0x3c ./USB_DEVICE/Target/usbd_conf.o
                0x0800858a                HAL_PCD_ResetCallback
 *fill*         0x080085c6        0x2 
 .text.HAL_PCD_SuspendCallback
                0x080085c8       0x40 ./USB_DEVICE/Target/usbd_conf.o
                0x080085c8                HAL_PCD_SuspendCallback
 .text.HAL_PCD_ResumeCallback
                0x08008608       0x28 ./USB_DEVICE/Target/usbd_conf.o
                0x08008608                HAL_PCD_ResumeCallback
 .text.USBD_LL_Init
                0x08008630       0xb4 ./USB_DEVICE/Target/usbd_conf.o
                0x08008630                USBD_LL_Init
 .text.USBD_LL_Start
                0x080086e4       0x36 ./USB_DEVICE/Target/usbd_conf.o
                0x080086e4                USBD_LL_Start
 .text.USBD_LL_OpenEP
                0x0800871a       0x4c ./USB_DEVICE/Target/usbd_conf.o
                0x0800871a                USBD_LL_OpenEP
 .text.USBD_LL_CloseEP
                0x08008766       0x3e ./USB_DEVICE/Target/usbd_conf.o
                0x08008766                USBD_LL_CloseEP
 .text.USBD_LL_StallEP
                0x080087a4       0x3e ./USB_DEVICE/Target/usbd_conf.o
                0x080087a4                USBD_LL_StallEP
 .text.USBD_LL_ClearStallEP
                0x080087e2       0x3e ./USB_DEVICE/Target/usbd_conf.o
                0x080087e2                USBD_LL_ClearStallEP
 .text.USBD_LL_IsStallEP
                0x08008820       0x56 ./USB_DEVICE/Target/usbd_conf.o
                0x08008820                USBD_LL_IsStallEP
 .text.USBD_LL_SetUSBAddress
                0x08008876       0x3e ./USB_DEVICE/Target/usbd_conf.o
                0x08008876                USBD_LL_SetUSBAddress
 .text.USBD_LL_Transmit
                0x080088b4       0x46 ./USB_DEVICE/Target/usbd_conf.o
                0x080088b4                USBD_LL_Transmit
 .text.USBD_LL_PrepareReceive
                0x080088fa       0x46 ./USB_DEVICE/Target/usbd_conf.o
                0x080088fa                USBD_LL_PrepareReceive
 .text.USBD_LL_GetRxDataSize
                0x08008940       0x26 ./USB_DEVICE/Target/usbd_conf.o
                0x08008940                USBD_LL_GetRxDataSize
 *fill*         0x08008966        0x2 
 .text.USBD_static_malloc
                0x08008968       0x18 ./USB_DEVICE/Target/usbd_conf.o
                0x08008968                USBD_static_malloc
 .text.USBD_static_free
                0x08008980       0x12 ./USB_DEVICE/Target/usbd_conf.o
                0x08008980                USBD_static_free
 .text.HAL_PCDEx_SetConnectionState
                0x08008992       0x16 ./USB_DEVICE/Target/usbd_conf.o
                0x08008992                HAL_PCDEx_SetConnectionState
 .text.USBD_Get_USB_Status
                0x080089a8       0x58 ./USB_DEVICE/Target/usbd_conf.o
 .text.memset   0x08008a00       0x10 C:/ST/STM32CubeIDE_1.15.1/STM32CubeIDE/plugins/com.st.stm32cube.ide.mcu.externaltools.gnu-tools-for-stm32.12.3.rel1.win32_1.1.0.202410251130/tools/bin/../lib/gcc/arm-none-eabi/12.3.1/../../../../arm-none-eabi/lib/thumb/v7-m/nofp\libc_nano.a(libc_a-memset.o)
                0x08008a00                memset
 .text.__libc_init_array
                0x08008a10       0x48 C:/ST/STM32CubeIDE_1.15.1/STM32CubeIDE/plugins/com.st.stm32cube.ide.mcu.externaltools.gnu-tools-for-stm32.12.3.rel1.win32_1.1.0.202410251130/tools/bin/../lib/gcc/arm-none-eabi/12.3.1/../../../../arm-none-eabi/lib/thumb/v7-m/nofp\libc_nano.a(libc_a-init.o)
                0x08008a10                __libc_init_array
 *(.glue_7)
 .glue_7        0x08008a58        0x0 linker stubs
 *(.glue_7t)
 .glue_7t       0x08008a58        0x0 linker stubs
 *(.eh_frame)
 .eh_frame      0x08008a58        0x0 C:/ST/STM32CubeIDE_1.15.1/STM32CubeIDE/plugins/com.st.stm32cube.ide.mcu.externaltools.gnu-tools-for-stm32.12.3.rel1.win32_1.1.0.202410251130/tools/bin/../lib/gcc/arm-none-eabi/12.3.1/thumb/v7-m/nofp/crtbegin.o
 *(.init)
 .init          0x08008a58        0x4 C:/ST/STM32CubeIDE_1.15.1/STM32CubeIDE/plugins/com.st.stm32cube.ide.mcu.externaltools.gnu-tools-for-stm32.12.3.rel1.win32_1.1.0.202410251130/tools/bin/../lib/gcc/arm-none-eabi/12.3.1/thumb/v7-m/nofp/crti.o
                0x08008a58                _init
 .init          0x08008a5c        0x8 C:/ST/STM32CubeIDE_1.15.1/STM32CubeIDE/plugins/com.st.stm32cube.ide.mcu.externaltools.gnu-tools-for-stm32.12.3.rel1.win32_1.1.0.202410251130/tools/bin/../lib/gcc/arm-none-eabi/12.3.1/thumb/v7-m/nofp/crtn.o
 *(.fini)
 .fini          0x08008a64        0x4 C:/ST/STM32CubeIDE_1.15.1/STM32CubeIDE/plugins/com.st.stm32cube.ide.mcu.externaltools.gnu-tools-for-stm32.12.3.rel1.win32_1.1.0.202410251130/tools/bin/../lib/gcc/arm-none-eabi/12.3.1/thumb/v7-m/nofp/crti.o
                0x08008a64                _fini
 .fini          0x08008a68        0x8 C:/ST/STM32CubeIDE_1.15.1/STM32CubeIDE/plugins/com.st.stm32cube.ide.mcu.externaltools.gnu-tools-for-stm32.12.3.rel1.win32_1.1.0.202410251130/tools/bin/../lib/gcc/arm-none-eabi/12.3.1/thumb/v7-m/nofp/crtn.o
                0x08008a70                        . = ALIGN (0x4)
                0x08008a70                        _etext = .

.vfp11_veneer   0x08008a70        0x0
 .vfp11_veneer  0x08008a70        0x0 linker stubs

.v4_bx          0x08008a70        0x0
 .v4_bx         0x08008a70        0x0 linker stubs

.iplt           0x08008a70        0x0
 .iplt          0x08008a70        0x0 C:/ST/STM32CubeIDE_1.15.1/STM32CubeIDE/plugins/com.st.stm32cube.ide.mcu.externaltools.gnu-tools-for-stm32.12.3.rel1.win32_1.1.0.202410251130/tools/bin/../lib/gcc/arm-none-eabi/12.3.1/thumb/v7-m/nofp/crtbegin.o

.rodata         0x08008a70       0x64
                0x08008a70                        . = ALIGN (0x4)
 *(.rodata)
 .rodata        0x08008a70       0x36 ./USB_DEVICE/App/usbd_desc.o
 *(.rodata*)
 *fill*         0x08008aa6        0x2 
 .rodata.AHBPrescTable
                0x08008aa8       0x10 ./Core/Src/system_stm32f1xx.o
                0x08008aa8                AHBPrescTable
 .rodata.APBPrescTable
                0x08008ab8        0x8 ./Core/Src/system_stm32f1xx.o
                0x08008ab8                APBPrescTable
 .rodata.aPLLMULFactorTable.1
                0x08008ac0       0x10 ./Drivers/STM32F1xx_HAL_Driver/Src/stm32f1xx_hal_rcc.o
 .rodata.aPredivFactorTable.0
                0x08008ad0        0x2 ./Drivers/STM32F1xx_HAL_Driver/Src/stm32f1xx_hal_rcc.o
                0x08008ad4                        . = ALIGN (0x4)
 *fill*         0x08008ad2        0x2 

.ARM.extab      0x08008ad4        0x0
                0x08008ad4                        . = ALIGN (0x4)
 *(.ARM.extab* .gnu.linkonce.armextab.*)
                0x08008ad4                        . = ALIGN (0x4)

.ARM            0x08008ad4        0x0
                0x08008ad4                        . = ALIGN (0x4)
                0x08008ad4                        __exidx_start = .
 *(.ARM.exidx*)
                0x08008ad4                        __exidx_end = .
                0x08008ad4                        . = ALIGN (0x4)

.preinit_array  0x08008ad4        0x0
                0x08008ad4                        . = ALIGN (0x4)
                0x08008ad4                        PROVIDE (__preinit_array_start = .)
 *(.preinit_array*)
                0x08008ad4                        PROVIDE (__preinit_array_end = .)
                0x08008ad4                        . = ALIGN (0x4)

.init_array     0x08008ad4        0x4
                0x08008ad4                        . = ALIGN (0x4)
                0x08008ad4                        PROVIDE (__init_array_start = .)
 *(SORT_BY_NAME(.init_array.*))
 *(.init_array*)
 .init_array    0x08008ad4        0x4 C:/ST/STM32CubeIDE_1.15.1/STM32CubeIDE/plugins/com.st.stm32cube.ide.mcu.externaltools.gnu-tools-for-stm32.12.3.rel1.win32_1.1.0.202410251130/tools/bin/../lib/gcc/arm-none-eabi/12.3.1/thumb/v7-m/nofp/crtbegin.o
                0x08008ad8                        PROVIDE (__init_array_end = .)
                0x08008ad8                        . = ALIGN (0x4)

.fini_array     0x08008ad8        0x4
                0x08008ad8                        . = ALIGN (0x4)
                [!provide]                        PROVIDE (__fini_array_start = .)
 *(SORT_BY_NAME(.fini_array.*))
 *(.fini_array*)
 .fini_array    0x08008ad8        0x4 C:/ST/STM32CubeIDE_1.15.1/STM32CubeIDE/plugins/com.st.stm32cube.ide.mcu.externaltools.gnu-tools-for-stm32.12.3.rel1.win32_1.1.0.202410251130/tools/bin/../lib/gcc/arm-none-eabi/12.3.1/thumb/v7-m/nofp/crtbegin.o
                [!provide]                        PROVIDE (__fini_array_end = .)
                0x08008adc                        . = ALIGN (0x4)
                0x08008adc                        _sidata = LOADADDR (.data)

.rel.dyn        0x08008adc        0x0
 .rel.iplt      0x08008adc        0x0 C:/ST/STM32CubeIDE_1.15.1/STM32CubeIDE/plugins/com.st.stm32cube.ide.mcu.externaltools.gnu-tools-for-stm32.12.3.rel1.win32_1.1.0.202410251130/tools/bin/../lib/gcc/arm-none-eabi/12.3.1/thumb/v7-m/nofp/crtbegin.o

.data           0x20000000      0x17c load address 0x08008adc
                0x20000000                        . = ALIGN (0x4)
                0x20000000                        _sdata = .
 *(.data)
 *(.data*)
 .data.SystemCoreClock
                0x20000000        0x4 ./Core/Src/system_stm32f1xx.o
                0x20000000                SystemCoreClock
 .data.uwTickPrio
                0x20000004        0x4 ./Drivers/STM32F1xx_HAL_Driver/Src/stm32f1xx_hal.o
                0x20000004                uwTickPrio
 .data.uwTickFreq
                0x20000008        0x1 ./Drivers/STM32F1xx_HAL_Driver/Src/stm32f1xx_hal.o
                0x20000008                uwTickFreq
 *fill*         0x20000009        0x3 
 .data.USBD_CDC_DeviceQualifierDesc
                0x2000000c        0xa ./Middlewares/ST/STM32_USB_Device_Library/Class/CDC/Src/usbd_cdc.o
 *fill*         0x20000016        0x2 
 .data.USBD_CDC
                0x20000018       0x38 ./Middlewares/ST/STM32_USB_Device_Library/Class/CDC/Src/usbd_cdc.o
                0x20000018                USBD_CDC
 .data.USBD_CDC_CfgHSDesc
                0x20000050       0x43 ./Middlewares/ST/STM32_USB_Device_Library/Class/CDC/Src/usbd_cdc.o
                0x20000050                USBD_CDC_CfgHSDesc
 *fill*         0x20000093        0x1 
 .data.USBD_CDC_CfgFSDesc
                0x20000094       0x43 ./Middlewares/ST/STM32_USB_Device_Library/Class/CDC/Src/usbd_cdc.o
                0x20000094                USBD_CDC_CfgFSDesc
 *fill*         0x200000d7        0x1 
 .data.USBD_CDC_OtherSpeedCfgDesc
                0x200000d8       0x43 ./Middlewares/ST/STM32_USB_Device_Library/Class/CDC/Src/usbd_cdc.o
                0x200000d8                USBD_CDC_OtherSpeedCfgDesc
 *fill*         0x2000011b        0x1 
 .data.USBD_Interface_fops_FS
                0x2000011c       0x10 ./USB_DEVICE/App/usbd_cdc_if.o
                0x2000011c                USBD_Interface_fops_FS
 .data.FS_Desc  0x2000012c       0x1c ./USB_DEVICE/App/usbd_desc.o
                0x2000012c                FS_Desc
 .data.USBD_FS_DeviceDesc
                0x20000148       0x12 ./USB_DEVICE/App/usbd_desc.o
                0x20000148                USBD_FS_DeviceDesc
 *fill*         0x2000015a        0x2 
 .data.USBD_LangIDDesc
                0x2000015c        0x4 ./USB_DEVICE/App/usbd_desc.o
                0x2000015c                USBD_LangIDDesc
 .data.USBD_StringSerial
                0x20000160       0x1a ./USB_DEVICE/App/usbd_desc.o
                0x20000160                USBD_StringSerial
 *(.RamFunc)
 *(.RamFunc*)
                0x2000017c                        . = ALIGN (0x4)
 *fill*         0x2000017a        0x2 
                0x2000017c                        _edata = .

.igot.plt       0x2000017c        0x0 load address 0x08008c58
 .igot.plt      0x2000017c        0x0 C:/ST/STM32CubeIDE_1.15.1/STM32CubeIDE/plugins/com.st.stm32cube.ide.mcu.externaltools.gnu-tools-for-stm32.12.3.rel1.win32_1.1.0.202410251130/tools/bin/../lib/gcc/arm-none-eabi/12.3.1/thumb/v7-m/nofp/crtbegin.o
                0x2000017c                        . = ALIGN (0x4)

.bss            0x2000017c     0x1280 load address 0x08008c58
                0x2000017c                        _sbss = .
                0x2000017c                        __bss_start__ = _sbss
 *(.bss)
 .bss           0x2000017c       0x1c C:/ST/STM32CubeIDE_1.15.1/STM32CubeIDE/plugins/com.st.stm32cube.ide.mcu.externaltools.gnu-tools-for-stm32.12.3.rel1.win32_1.1.0.202410251130/tools/bin/../lib/gcc/arm-none-eabi/12.3.1/thumb/v7-m/nofp/crtbegin.o
 *(.bss*)
 .bss.hcrc      0x20000198        0x8 ./Core/Src/main.o
                0x20000198                hcrc
 .bss.hi2c1     0x200001a0       0x54 ./Core/Src/main.o
                0x200001a0                hi2c1
 .bss.masterTxBuf
                0x200001f4       0x10 ./Core/Src/main.o
                0x200001f4                masterTxBuf
 .bss.masterRxBuf
                0x20000204       0x10 ./Core/Src/main.o
                0x20000204                masterRxBuf
 .bss.uSP       0x20000214        0x4 ./Core/Src/main.o
                0x20000214                uSP
 .bss.iSP       0x20000218        0x4 ./Core/Src/main.o
                0x20000218                iSP
 .bss.outU      0x2000021c        0x4 ./Core/Src/main.o
                0x2000021c                outU
 .bss.outI      0x20000220        0x4 ./Core/Src/main.o
                0x20000220                outI
 .bss.on_off    0x20000224        0x1 ./Core/Src/main.o
                0x20000224                on_off
 .bss.on_off_slave_state
                0x20000225        0x1 ./Core/Src/main.o
                0x20000225                on_off_slave_state
 *fill*         0x20000226        0x2 
 .bss.tempCRC   0x20000228        0x4 ./Core/Src/main.o
                0x20000228                tempCRC
 .bss.i2cError  0x2000022c        0x1 ./Core/Src/main.o
                0x2000022c                i2cError
 *fill*         0x2000022d        0x3 
 .bss.uwTick    0x20000230        0x4 ./Drivers/STM32F1xx_HAL_Driver/Src/stm32f1xx_hal.o
                0x20000230                uwTick
 .bss.cfgidx.0  0x20000234        0x1 ./Middlewares/ST/STM32_USB_Device_Library/Core/Src/usbd_ctlreq.o
 *fill*         0x20000235        0x3 
 .bss.hUsbDeviceFS
                0x20000238      0x2c4 ./USB_DEVICE/App/usb_device.o
                0x20000238                hUsbDeviceFS
 .bss.UserRxBufferFS
                0x200004fc      0x400 ./USB_DEVICE/App/usbd_cdc_if.o
                0x200004fc                UserRxBufferFS
 .bss.UserTxBufferFS
                0x200008fc      0x400 ./USB_DEVICE/App/usbd_cdc_if.o
                0x200008fc                UserTxBufferFS
 .bss.usb_ON_Receiving
                0x20000cfc        0x1 ./USB_DEVICE/App/usbd_cdc_if.o
                0x20000cfc                usb_ON_Receiving
 *fill*         0x20000cfd        0x3 
 .bss.USBD_StrDesc
                0x20000d00      0x200 ./USB_DEVICE/App/usbd_desc.o
                0x20000d00                USBD_StrDesc
 .bss.usb_IS_Connected
                0x20000f00        0x1 ./USB_DEVICE/Target/usbd_conf.o
                0x20000f00                usb_IS_Connected
 *fill*         0x20000f01        0x3 
 .bss.hpcd_USB_FS
                0x20000f04      0x2d8 ./USB_DEVICE/Target/usbd_conf.o
                0x20000f04                hpcd_USB_FS
 .bss.mem.0     0x200011dc      0x220 ./USB_DEVICE/Target/usbd_conf.o
 *(COMMON)
                0x200013fc                        . = ALIGN (0x4)
                0x200013fc                        _ebss = .
                0x200013fc                        __bss_end__ = _ebss

._user_heap_stack
                0x200013fc      0x604 load address 0x08008c58
                0x20001400                        . = ALIGN (0x8)
 *fill*         0x200013fc        0x4 
                [!provide]                        PROVIDE (end = .)
                0x20001400                        PROVIDE (_end = .)
                0x20001600                        . = (. + _Min_Heap_Size)
 *fill*         0x20001400      0x200 
                0x20001a00                        . = (. + _Min_Stack_Size)
 *fill*         0x20001600      0x400 
                0x20001a00                        . = ALIGN (0x8)

/DISCARD/
 libc.a(*)
 libm.a(*)
 libgcc.a(*)

.ARM.attributes
                0x00000000       0x29
 *(.ARM.attributes)
 .ARM.attributes
                0x00000000       0x1d C:/ST/STM32CubeIDE_1.15.1/STM32CubeIDE/plugins/com.st.stm32cube.ide.mcu.externaltools.gnu-tools-for-stm32.12.3.rel1.win32_1.1.0.202410251130/tools/bin/../lib/gcc/arm-none-eabi/12.3.1/thumb/v7-m/nofp/crti.o
 .ARM.attributes
                0x0000001d       0x2d C:/ST/STM32CubeIDE_1.15.1/STM32CubeIDE/plugins/com.st.stm32cube.ide.mcu.externaltools.gnu-tools-for-stm32.12.3.rel1.win32_1.1.0.202410251130/tools/bin/../lib/gcc/arm-none-eabi/12.3.1/thumb/v7-m/nofp/crtbegin.o
 .ARM.attributes
                0x0000004a       0x2d ./Core/Src/main.o
 .ARM.attributes
                0x00000077       0x2d ./Core/Src/stm32f1xx_hal_msp.o
 .ARM.attributes
                0x000000a4       0x2d ./Core/Src/stm32f1xx_it.o
 .ARM.attributes
                0x000000d1       0x2d ./Core/Src/system_stm32f1xx.o
 .ARM.attributes
                0x000000fe       0x21 ./Core/Startup/startup_stm32f103c8tx.o
 .ARM.attributes
                0x0000011f       0x2d ./Drivers/STM32F1xx_HAL_Driver/Src/stm32f1xx_hal.o
 .ARM.attributes
                0x0000014c       0x2d ./Drivers/STM32F1xx_HAL_Driver/Src/stm32f1xx_hal_cortex.o
 .ARM.attributes
                0x00000179       0x2d ./Drivers/STM32F1xx_HAL_Driver/Src/stm32f1xx_hal_crc.o
 .ARM.attributes
                0x000001a6       0x2d ./Drivers/STM32F1xx_HAL_Driver/Src/stm32f1xx_hal_gpio.o
 .ARM.attributes
                0x000001d3       0x2d ./Drivers/STM32F1xx_HAL_Driver/Src/stm32f1xx_hal_i2c.o
 .ARM.attributes
                0x00000200       0x2d ./Drivers/STM32F1xx_HAL_Driver/Src/stm32f1xx_hal_pcd.o
 .ARM.attributes
                0x0000022d       0x2d ./Drivers/STM32F1xx_HAL_Driver/Src/stm32f1xx_hal_pcd_ex.o
 .ARM.attributes
                0x0000025a       0x2d ./Drivers/STM32F1xx_HAL_Driver/Src/stm32f1xx_hal_rcc.o
 .ARM.attributes
                0x00000287       0x2d ./Drivers/STM32F1xx_HAL_Driver/Src/stm32f1xx_hal_rcc_ex.o
 .ARM.attributes
                0x000002b4       0x2d ./Drivers/STM32F1xx_HAL_Driver/Src/stm32f1xx_ll_usb.o
 .ARM.attributes
                0x000002e1       0x2d ./Middlewares/ST/STM32_USB_Device_Library/Class/CDC/Src/usbd_cdc.o
 .ARM.attributes
                0x0000030e       0x2d ./Middlewares/ST/STM32_USB_Device_Library/Core/Src/usbd_core.o
 .ARM.attributes
                0x0000033b       0x2d ./Middlewares/ST/STM32_USB_Device_Library/Core/Src/usbd_ctlreq.o
 .ARM.attributes
                0x00000368       0x2d ./Middlewares/ST/STM32_USB_Device_Library/Core/Src/usbd_ioreq.o
 .ARM.attributes
                0x00000395       0x2d ./USB_DEVICE/App/usb_device.o
 .ARM.attributes
                0x000003c2       0x2d ./USB_DEVICE/App/usbd_cdc_if.o
 .ARM.attributes
                0x000003ef       0x2d ./USB_DEVICE/App/usbd_desc.o
 .ARM.attributes
                0x0000041c       0x2d ./USB_DEVICE/Target/usbd_conf.o
 .ARM.attributes
                0x00000449       0x2d C:/ST/STM32CubeIDE_1.15.1/STM32CubeIDE/plugins/com.st.stm32cube.ide.mcu.externaltools.gnu-tools-for-stm32.12.3.rel1.win32_1.1.0.202410251130/tools/bin/../lib/gcc/arm-none-eabi/12.3.1/../../../../arm-none-eabi/lib/thumb/v7-m/nofp\libc_nano.a(libc_a-memset.o)
 .ARM.attributes
                0x00000476       0x2d C:/ST/STM32CubeIDE_1.15.1/STM32CubeIDE/plugins/com.st.stm32cube.ide.mcu.externaltools.gnu-tools-for-stm32.12.3.rel1.win32_1.1.0.202410251130/tools/bin/../lib/gcc/arm-none-eabi/12.3.1/../../../../arm-none-eabi/lib/thumb/v7-m/nofp\libc_nano.a(libc_a-init.o)
 .ARM.attributes
                0x000004a3       0x1d C:/ST/STM32CubeIDE_1.15.1/STM32CubeIDE/plugins/com.st.stm32cube.ide.mcu.externaltools.gnu-tools-for-stm32.12.3.rel1.win32_1.1.0.202410251130/tools/bin/../lib/gcc/arm-none-eabi/12.3.1/thumb/v7-m/nofp/crtn.o
OUTPUT(iSTM32PSU-IIC.elf elf32-littlearm)
LOAD linker stubs
LOAD C:/ST/STM32CubeIDE_1.15.1/STM32CubeIDE/plugins/com.st.stm32cube.ide.mcu.externaltools.gnu-tools-for-stm32.12.3.rel1.win32_1.1.0.202410251130/tools/bin/../lib/gcc/arm-none-eabi/12.3.1/../../../../arm-none-eabi/lib/thumb/v7-m/nofp\libc.a
LOAD C:/ST/STM32CubeIDE_1.15.1/STM32CubeIDE/plugins/com.st.stm32cube.ide.mcu.externaltools.gnu-tools-for-stm32.12.3.rel1.win32_1.1.0.202410251130/tools/bin/../lib/gcc/arm-none-eabi/12.3.1/../../../../arm-none-eabi/lib/thumb/v7-m/nofp\libm.a
LOAD C:/ST/STM32CubeIDE_1.15.1/STM32CubeIDE/plugins/com.st.stm32cube.ide.mcu.externaltools.gnu-tools-for-stm32.12.3.rel1.win32_1.1.0.202410251130/tools/bin/../lib/gcc/arm-none-eabi/12.3.1/thumb/v7-m/nofp\libgcc.a

.debug_info     0x00000000     0xf54a
 .debug_info    0x00000000      0xd58 ./Core/Src/main.o
 .debug_info    0x00000d58      0x980 ./Core/Src/stm32f1xx_hal_msp.o
 .debug_info    0x000016d8      0x609 ./Core/Src/stm32f1xx_it.o
 .debug_info    0x00001ce1      0x222 ./Core/Src/system_stm32f1xx.o
 .debug_info    0x00001f03       0x30 ./Core/Startup/startup_stm32f103c8tx.o
 .debug_info    0x00001f33      0x704 ./Drivers/STM32F1xx_HAL_Driver/Src/stm32f1xx_hal.o
 .debug_info    0x00002637      0xa87 ./Drivers/STM32F1xx_HAL_Driver/Src/stm32f1xx_hal_cortex.o
 .debug_info    0x000030be      0x37f ./Drivers/STM32F1xx_HAL_Driver/Src/stm32f1xx_hal_crc.o
 .debug_info    0x0000343d      0x5ab ./Drivers/STM32F1xx_HAL_Driver/Src/stm32f1xx_hal_gpio.o
 .debug_info    0x000039e8     0x2524 ./Drivers/STM32F1xx_HAL_Driver/Src/stm32f1xx_hal_i2c.o
 .debug_info    0x00005f0c     0x16dc ./Drivers/STM32F1xx_HAL_Driver/Src/stm32f1xx_hal_pcd.o
 .debug_info    0x000075e8      0x6c3 ./Drivers/STM32F1xx_HAL_Driver/Src/stm32f1xx_hal_pcd_ex.o
 .debug_info    0x00007cab      0x7d5 ./Drivers/STM32F1xx_HAL_Driver/Src/stm32f1xx_hal_rcc.o
 .debug_info    0x00008480      0x3c0 ./Drivers/STM32F1xx_HAL_Driver/Src/stm32f1xx_hal_rcc_ex.o
 .debug_info    0x00008840     0x17ae ./Drivers/STM32F1xx_HAL_Driver/Src/stm32f1xx_ll_usb.o
 .debug_info    0x00009fee     0x1043 ./Middlewares/ST/STM32_USB_Device_Library/Class/CDC/Src/usbd_cdc.o
 .debug_info    0x0000b031      0xa52 ./Middlewares/ST/STM32_USB_Device_Library/Core/Src/usbd_core.o
 .debug_info    0x0000ba83      0x91c ./Middlewares/ST/STM32_USB_Device_Library/Core/Src/usbd_ctlreq.o
 .debug_info    0x0000c39f      0x6a0 ./Middlewares/ST/STM32_USB_Device_Library/Core/Src/usbd_ioreq.o
 .debug_info    0x0000ca3f      0x63d ./USB_DEVICE/App/usb_device.o
 .debug_info    0x0000d07c      0x806 ./USB_DEVICE/App/usbd_cdc_if.o
 .debug_info    0x0000d882      0x44a ./USB_DEVICE/App/usbd_desc.o
 .debug_info    0x0000dccc     0x187e ./USB_DEVICE/Target/usbd_conf.o

.debug_abbrev   0x00000000     0x2f19
 .debug_abbrev  0x00000000      0x2bc ./Core/Src/main.o
 .debug_abbrev  0x000002bc      0x1c0 ./Core/Src/stm32f1xx_hal_msp.o
 .debug_abbrev  0x0000047c      0x192 ./Core/Src/stm32f1xx_it.o
 .debug_abbrev  0x0000060e      0x13f ./Core/Src/system_stm32f1xx.o
 .debug_abbrev  0x0000074d       0x24 ./Core/Startup/startup_stm32f103c8tx.o
 .debug_abbrev  0x00000771      0x201 ./Drivers/STM32F1xx_HAL_Driver/Src/stm32f1xx_hal.o
 .debug_abbrev  0x00000972      0x2f8 ./Drivers/STM32F1xx_HAL_Driver/Src/stm32f1xx_hal_cortex.o
 .debug_abbrev  0x00000c6a      0x1b1 ./Drivers/STM32F1xx_HAL_Driver/Src/stm32f1xx_hal_crc.o
 .debug_abbrev  0x00000e1b      0x1ca ./Drivers/STM32F1xx_HAL_Driver/Src/stm32f1xx_hal_gpio.o
 .debug_abbrev  0x00000fe5      0x2a3 ./Drivers/STM32F1xx_HAL_Driver/Src/stm32f1xx_hal_i2c.o
 .debug_abbrev  0x00001288      0x2d6 ./Drivers/STM32F1xx_HAL_Driver/Src/stm32f1xx_hal_pcd.o
 .debug_abbrev  0x0000155e      0x189 ./Drivers/STM32F1xx_HAL_Driver/Src/stm32f1xx_hal_pcd_ex.o
 .debug_abbrev  0x000016e7      0x2b3 ./Drivers/STM32F1xx_HAL_Driver/Src/stm32f1xx_hal_rcc.o
 .debug_abbrev  0x0000199a      0x188 ./Drivers/STM32F1xx_HAL_Driver/Src/stm32f1xx_hal_rcc_ex.o
 .debug_abbrev  0x00001b22      0x1de ./Drivers/STM32F1xx_HAL_Driver/Src/stm32f1xx_ll_usb.o
 .debug_abbrev  0x00001d00      0x2d3 ./Middlewares/ST/STM32_USB_Device_Library/Class/CDC/Src/usbd_cdc.o
 .debug_abbrev  0x00001fd3      0x24a ./Middlewares/ST/STM32_USB_Device_Library/Core/Src/usbd_core.o
 .debug_abbrev  0x0000221d      0x26b ./Middlewares/ST/STM32_USB_Device_Library/Core/Src/usbd_ctlreq.o
 .debug_abbrev  0x00002488      0x192 ./Middlewares/ST/STM32_USB_Device_Library/Core/Src/usbd_ioreq.o
 .debug_abbrev  0x0000261a      0x18d ./USB_DEVICE/App/usb_device.o
 .debug_abbrev  0x000027a7      0x25c ./USB_DEVICE/App/usbd_cdc_if.o
 .debug_abbrev  0x00002a03      0x1ff ./USB_DEVICE/App/usbd_desc.o
 .debug_abbrev  0x00002c02      0x317 ./USB_DEVICE/Target/usbd_conf.o

.debug_aranges  0x00000000      0xd98
 .debug_aranges
                0x00000000       0x48 ./Core/Src/main.o
 .debug_aranges
                0x00000048       0x40 ./Core/Src/stm32f1xx_hal_msp.o
 .debug_aranges
                0x00000088       0x68 ./Core/Src/stm32f1xx_it.o
 .debug_aranges
                0x000000f0       0x28 ./Core/Src/system_stm32f1xx.o
 .debug_aranges
                0x00000118       0x28 ./Core/Startup/startup_stm32f103c8tx.o
 .debug_aranges
                0x00000140       0xe0 ./Drivers/STM32F1xx_HAL_Driver/Src/stm32f1xx_hal.o
 .debug_aranges
                0x00000220      0x100 ./Drivers/STM32F1xx_HAL_Driver/Src/stm32f1xx_hal_cortex.o
 .debug_aranges
                0x00000320       0x50 ./Drivers/STM32F1xx_HAL_Driver/Src/stm32f1xx_hal_crc.o
 .debug_aranges
                0x00000370       0x58 ./Drivers/STM32F1xx_HAL_Driver/Src/stm32f1xx_hal_gpio.o
 .debug_aranges
                0x000003c8      0x2a8 ./Drivers/STM32F1xx_HAL_Driver/Src/stm32f1xx_hal_i2c.o
 .debug_aranges
                0x00000670      0x140 ./Drivers/STM32F1xx_HAL_Driver/Src/stm32f1xx_hal_pcd.o
 .debug_aranges
                0x000007b0       0x38 ./Drivers/STM32F1xx_HAL_Driver/Src/stm32f1xx_hal_pcd_ex.o
 .debug_aranges
                0x000007e8       0x90 ./Drivers/STM32F1xx_HAL_Driver/Src/stm32f1xx_hal_rcc.o
 .debug_aranges
                0x00000878       0x30 ./Drivers/STM32F1xx_HAL_Driver/Src/stm32f1xx_hal_rcc_ex.o
 .debug_aranges
                0x000008a8       0xf8 ./Drivers/STM32F1xx_HAL_Driver/Src/stm32f1xx_ll_usb.o
 .debug_aranges
                0x000009a0       0x90 ./Middlewares/ST/STM32_USB_Device_Library/Class/CDC/Src/usbd_cdc.o
 .debug_aranges
                0x00000a30       0xb8 ./Middlewares/ST/STM32_USB_Device_Library/Core/Src/usbd_core.o
 .debug_aranges
                0x00000ae8       0x88 ./Middlewares/ST/STM32_USB_Device_Library/Core/Src/usbd_ctlreq.o
 .debug_aranges
                0x00000b70       0x50 ./Middlewares/ST/STM32_USB_Device_Library/Core/Src/usbd_ioreq.o
 .debug_aranges
                0x00000bc0       0x20 ./USB_DEVICE/App/usb_device.o
 .debug_aranges
                0x00000be0       0x40 ./USB_DEVICE/App/usbd_cdc_if.o
 .debug_aranges
                0x00000c20       0x60 ./USB_DEVICE/App/usbd_desc.o
 .debug_aranges
                0x00000c80      0x118 ./USB_DEVICE/Target/usbd_conf.o

.debug_rnglists
                0x00000000      0xa31
 .debug_rnglists
                0x00000000       0x34 ./Core/Src/main.o
 .debug_rnglists
                0x00000034       0x2b ./Core/Src/stm32f1xx_hal_msp.o
 .debug_rnglists
                0x0000005f       0x49 ./Core/Src/stm32f1xx_it.o
 .debug_rnglists
                0x000000a8       0x1a ./Core/Src/system_stm32f1xx.o
 .debug_rnglists
                0x000000c2       0x19 ./Core/Startup/startup_stm32f103c8tx.o
 .debug_rnglists
                0x000000db       0xa3 ./Drivers/STM32F1xx_HAL_Driver/Src/stm32f1xx_hal.o
 .debug_rnglists
                0x0000017e       0xbb ./Drivers/STM32F1xx_HAL_Driver/Src/stm32f1xx_hal_cortex.o
 .debug_rnglists
                0x00000239       0x37 ./Drivers/STM32F1xx_HAL_Driver/Src/stm32f1xx_hal_crc.o
 .debug_rnglists
                0x00000270       0x3f ./Drivers/STM32F1xx_HAL_Driver/Src/stm32f1xx_hal_gpio.o
 .debug_rnglists
                0x000002af      0x23c ./Drivers/STM32F1xx_HAL_Driver/Src/stm32f1xx_hal_i2c.o
 .debug_rnglists
                0x000004eb       0xf4 ./Drivers/STM32F1xx_HAL_Driver/Src/stm32f1xx_hal_pcd.o
 .debug_rnglists
                0x000005df       0x26 ./Drivers/STM32F1xx_HAL_Driver/Src/stm32f1xx_hal_pcd_ex.o
 .debug_rnglists
                0x00000605       0x6c ./Drivers/STM32F1xx_HAL_Driver/Src/stm32f1xx_hal_rcc.o
 .debug_rnglists
                0x00000671       0x21 ./Drivers/STM32F1xx_HAL_Driver/Src/stm32f1xx_hal_rcc_ex.o
 .debug_rnglists
                0x00000692       0xbd ./Drivers/STM32F1xx_HAL_Driver/Src/stm32f1xx_ll_usb.o
 .debug_rnglists
                0x0000074f       0x6a ./Middlewares/ST/STM32_USB_Device_Library/Class/CDC/Src/usbd_cdc.o
 .debug_rnglists
                0x000007b9       0x89 ./Middlewares/ST/STM32_USB_Device_Library/Core/Src/usbd_core.o
 .debug_rnglists
                0x00000842       0x68 ./Middlewares/ST/STM32_USB_Device_Library/Core/Src/usbd_ctlreq.o
 .debug_rnglists
                0x000008aa       0x37 ./Middlewares/ST/STM32_USB_Device_Library/Core/Src/usbd_ioreq.o
 .debug_rnglists
                0x000008e1       0x13 ./USB_DEVICE/App/usb_device.o
 .debug_rnglists
                0x000008f4       0x2c ./USB_DEVICE/App/usbd_cdc_if.o
 .debug_rnglists
                0x00000920       0x43 ./USB_DEVICE/App/usbd_desc.o
 .debug_rnglists
                0x00000963       0xce ./USB_DEVICE/Target/usbd_conf.o

.debug_macro    0x00000000    0x19b03
 .debug_macro   0x00000000      0x33e ./Core/Src/main.o
 .debug_macro   0x0000033e      0xaa8 ./Core/Src/main.o
 .debug_macro   0x00000de6      0x221 ./Core/Src/main.o
 .debug_macro   0x00001007       0x2e ./Core/Src/main.o
 .debug_macro   0x00001035       0x22 ./Core/Src/main.o
 .debug_macro   0x00001057       0x22 ./Core/Src/main.o
 .debug_macro   0x00001079       0x8e ./Core/Src/main.o
 .debug_macro   0x00001107       0x51 ./Core/Src/main.o
 .debug_macro   0x00001158      0x103 ./Core/Src/main.o
 .debug_macro   0x0000125b       0x6a ./Core/Src/main.o
 .debug_macro   0x000012c5      0x1df ./Core/Src/main.o
 .debug_macro   0x000014a4       0x1c ./Core/Src/main.o
 .debug_macro   0x000014c0       0x22 ./Core/Src/main.o
 .debug_macro   0x000014e2       0xbd ./Core/Src/main.o
 .debug_macro   0x0000159f      0xd23 ./Core/Src/main.o
 .debug_macro   0x000022c2     0xe09e ./Core/Src/main.o
 .debug_macro   0x00010360       0x6d ./Core/Src/main.o
 .debug_macro   0x000103cd     0x34a2 ./Core/Src/main.o
 .debug_macro   0x0001386f      0x189 ./Core/Src/main.o
 .debug_macro   0x000139f8       0x5c ./Core/Src/main.o
 .debug_macro   0x00013a54      0x5bc ./Core/Src/main.o
 .debug_macro   0x00014010      0x289 ./Core/Src/main.o
 .debug_macro   0x00014299      0x1cb ./Core/Src/main.o
 .debug_macro   0x00014464      0x114 ./Core/Src/main.o
 .debug_macro   0x00014578      0x1b2 ./Core/Src/main.o
 .debug_macro   0x0001472a       0x27 ./Core/Src/main.o
 .debug_macro   0x00014751      0x136 ./Core/Src/main.o
 .debug_macro   0x00014887      0x1bc ./Core/Src/main.o
 .debug_macro   0x00014a43       0x34 ./Core/Src/main.o
 .debug_macro   0x00014a77       0x3c ./Core/Src/main.o
 .debug_macro   0x00014ab3       0x57 ./Core/Src/main.o
 .debug_macro   0x00014b0a       0x22 ./Core/Src/main.o
 .debug_macro   0x00014b2c       0x87 ./Core/Src/main.o
 .debug_macro   0x00014bb3      0x240 ./Core/Src/main.o
 .debug_macro   0x00014df3      0x287 ./Core/Src/main.o
 .debug_macro   0x0001507a      0x140 ./Core/Src/main.o
 .debug_macro   0x000151ba       0xb7 ./Core/Src/main.o
 .debug_macro   0x00015271      0x242 ./Core/Src/main.o
 .debug_macro   0x000154b3       0x83 ./Core/Src/main.o
 .debug_macro   0x00015536       0x22 ./Core/Src/main.o
 .debug_macro   0x00015558       0x61 ./Core/Src/main.o
 .debug_macro   0x000155b9       0x24 ./Core/Src/main.o
 .debug_macro   0x000155dd       0x43 ./Core/Src/main.o
 .debug_macro   0x00015620       0x34 ./Core/Src/main.o
 .debug_macro   0x00015654       0x16 ./Core/Src/main.o
 .debug_macro   0x0001566a       0x43 ./Core/Src/main.o
 .debug_macro   0x000156ad       0x34 ./Core/Src/main.o
 .debug_macro   0x000156e1       0x10 ./Core/Src/main.o
 .debug_macro   0x000156f1       0x58 ./Core/Src/main.o
 .debug_macro   0x00015749       0x8e ./Core/Src/main.o
 .debug_macro   0x000157d7       0x1c ./Core/Src/main.o
 .debug_macro   0x000157f3      0x177 ./Core/Src/main.o
 .debug_macro   0x0001596a      0x369 ./Core/Src/main.o
 .debug_macro   0x00015cd3       0x10 ./Core/Src/main.o
 .debug_macro   0x00015ce3       0x35 ./Core/Src/main.o
 .debug_macro   0x00015d18       0x20 ./Core/Src/main.o
 .debug_macro   0x00015d38       0x10 ./Core/Src/main.o
 .debug_macro   0x00015d48       0x1c ./Core/Src/main.o
 .debug_macro   0x00015d64       0x10 ./Core/Src/main.o
 .debug_macro   0x00015d74       0x1c ./Core/Src/main.o
 .debug_macro   0x00015d90       0x16 ./Core/Src/main.o
 .debug_macro   0x00015da6      0x146 ./Core/Src/main.o
 .debug_macro   0x00015eec       0x16 ./Core/Src/main.o
 .debug_macro   0x00015f02       0x16 ./Core/Src/main.o
 .debug_macro   0x00015f18       0x29 ./Core/Src/main.o
 .debug_macro   0x00015f41       0x5f ./Core/Src/main.o
 .debug_macro   0x00015fa0      0x1c8 ./Core/Src/main.o
 .debug_macro   0x00016168      0x2a2 ./Core/Src/stm32f1xx_hal_msp.o
 .debug_macro   0x0001640a      0x2ac ./Core/Src/stm32f1xx_it.o
 .debug_macro   0x000166b6      0x1bc ./Core/Src/system_stm32f1xx.o
 .debug_macro   0x00016872      0x1e0 ./Drivers/STM32F1xx_HAL_Driver/Src/stm32f1xx_hal.o
 .debug_macro   0x00016a52      0x1bc ./Drivers/STM32F1xx_HAL_Driver/Src/stm32f1xx_hal_cortex.o
 .debug_macro   0x00016c0e      0x1bc ./Drivers/STM32F1xx_HAL_Driver/Src/stm32f1xx_hal_crc.o
 .debug_macro   0x00016dca      0x227 ./Drivers/STM32F1xx_HAL_Driver/Src/stm32f1xx_hal_gpio.o
 .debug_macro   0x00016ff1      0x20a ./Drivers/STM32F1xx_HAL_Driver/Src/stm32f1xx_hal_i2c.o
 .debug_macro   0x000171fb      0x1c8 ./Drivers/STM32F1xx_HAL_Driver/Src/stm32f1xx_hal_pcd.o
 .debug_macro   0x000173c3      0x1bc ./Drivers/STM32F1xx_HAL_Driver/Src/stm32f1xx_hal_pcd_ex.o
 .debug_macro   0x0001757f      0x1ce ./Drivers/STM32F1xx_HAL_Driver/Src/stm32f1xx_hal_rcc.o
 .debug_macro   0x0001774d      0x1bc ./Drivers/STM32F1xx_HAL_Driver/Src/stm32f1xx_hal_rcc_ex.o
 .debug_macro   0x00017909      0x1bc ./Drivers/STM32F1xx_HAL_Driver/Src/stm32f1xx_ll_usb.o
 .debug_macro   0x00017ac5      0x363 ./Middlewares/ST/STM32_USB_Device_Library/Class/CDC/Src/usbd_cdc.o
 .debug_macro   0x00017e28       0x16 ./Middlewares/ST/STM32_USB_Device_Library/Class/CDC/Src/usbd_cdc.o
 .debug_macro   0x00017e3e       0x9e ./Middlewares/ST/STM32_USB_Device_Library/Class/CDC/Src/usbd_cdc.o
 .debug_macro   0x00017edc      0x10b ./Middlewares/ST/STM32_USB_Device_Library/Class/CDC/Src/usbd_cdc.o
 .debug_macro   0x00017fe7       0x16 ./Middlewares/ST/STM32_USB_Device_Library/Class/CDC/Src/usbd_cdc.o
 .debug_macro   0x00017ffd       0x16 ./Middlewares/ST/STM32_USB_Device_Library/Class/CDC/Src/usbd_cdc.o
 .debug_macro   0x00018013       0x56 ./Middlewares/ST/STM32_USB_Device_Library/Class/CDC/Src/usbd_cdc.o
 .debug_macro   0x00018069       0x8f ./Middlewares/ST/STM32_USB_Device_Library/Class/CDC/Src/usbd_cdc.o
 .debug_macro   0x000180f8      0x34a ./Middlewares/ST/STM32_USB_Device_Library/Core/Src/usbd_core.o
 .debug_macro   0x00018442      0x1ce ./Middlewares/ST/STM32_USB_Device_Library/Core/Src/usbd_core.o
 .debug_macro   0x00018610      0x354 ./Middlewares/ST/STM32_USB_Device_Library/Core/Src/usbd_ctlreq.o
 .debug_macro   0x00018964      0x350 ./Middlewares/ST/STM32_USB_Device_Library/Core/Src/usbd_ioreq.o
 .debug_macro   0x00018cb4      0x389 ./USB_DEVICE/App/usb_device.o
 .debug_macro   0x0001903d       0x22 ./USB_DEVICE/App/usb_device.o
 .debug_macro   0x0001905f       0x16 ./USB_DEVICE/App/usb_device.o
 .debug_macro   0x00019075      0x36e ./USB_DEVICE/App/usbd_cdc_if.o
 .debug_macro   0x000193e3       0x10 ./USB_DEVICE/App/usbd_cdc_if.o
 .debug_macro   0x000193f3      0x387 ./USB_DEVICE/App/usbd_desc.o
 .debug_macro   0x0001977a       0x1c ./USB_DEVICE/App/usbd_desc.o
 .debug_macro   0x00019796      0x36d ./USB_DEVICE/Target/usbd_conf.o

.debug_line     0x00000000    0x130c0
 .debug_line    0x00000000      0xad3 ./Core/Src/main.o
 .debug_line    0x00000ad3      0x924 ./Core/Src/stm32f1xx_hal_msp.o
 .debug_line    0x000013f7      0x97b ./Core/Src/stm32f1xx_it.o
 .debug_line    0x00001d72      0x7af ./Core/Src/system_stm32f1xx.o
 .debug_line    0x00002521       0x78 ./Core/Startup/startup_stm32f103c8tx.o
 .debug_line    0x00002599      0x9dc ./Drivers/STM32F1xx_HAL_Driver/Src/stm32f1xx_hal.o
 .debug_line    0x00002f75      0xbc8 ./Drivers/STM32F1xx_HAL_Driver/Src/stm32f1xx_hal_cortex.o
 .debug_line    0x00003b3d      0x877 ./Drivers/STM32F1xx_HAL_Driver/Src/stm32f1xx_hal_crc.o
 .debug_line    0x000043b4      0xa75 ./Drivers/STM32F1xx_HAL_Driver/Src/stm32f1xx_hal_gpio.o
 .debug_line    0x00004e29     0x3c79 ./Drivers/STM32F1xx_HAL_Driver/Src/stm32f1xx_hal_i2c.o
 .debug_line    0x00008aa2     0x1431 ./Drivers/STM32F1xx_HAL_Driver/Src/stm32f1xx_hal_pcd.o
 .debug_line    0x00009ed3      0x7aa ./Drivers/STM32F1xx_HAL_Driver/Src/stm32f1xx_hal_pcd_ex.o
 .debug_line    0x0000a67d      0xde5 ./Drivers/STM32F1xx_HAL_Driver/Src/stm32f1xx_hal_rcc.o
 .debug_line    0x0000b462      0x926 ./Drivers/STM32F1xx_HAL_Driver/Src/stm32f1xx_hal_rcc_ex.o
 .debug_line    0x0000bd88     0x10ad ./Drivers/STM32F1xx_HAL_Driver/Src/stm32f1xx_ll_usb.o
 .debug_line    0x0000ce35      0xd41 ./Middlewares/ST/STM32_USB_Device_Library/Class/CDC/Src/usbd_cdc.o
 .debug_line    0x0000db76      0xdbd ./Middlewares/ST/STM32_USB_Device_Library/Core/Src/usbd_core.o
 .debug_line    0x0000e933      0xffd ./Middlewares/ST/STM32_USB_Device_Library/Core/Src/usbd_ctlreq.o
 .debug_line    0x0000f930      0xa53 ./Middlewares/ST/STM32_USB_Device_Library/Core/Src/usbd_ioreq.o
 .debug_line    0x00010383      0xa13 ./USB_DEVICE/App/usb_device.o
 .debug_line    0x00010d96      0xa57 ./USB_DEVICE/App/usbd_cdc_if.o
 .debug_line    0x000117ed      0xadc ./USB_DEVICE/App/usbd_desc.o
 .debug_line    0x000122c9      0xdf7 ./USB_DEVICE/Target/usbd_conf.o

.debug_str      0x00000000    0x87239
 .debug_str     0x00000000    0x83905 ./Core/Src/main.o
                              0x83d2b (size before relaxing)
 .debug_str     0x00083905       0xa9 ./Core/Src/stm32f1xx_hal_msp.o
                              0x82923 (size before relaxing)
 .debug_str     0x000839ae      0x3ce ./Core/Src/stm32f1xx_it.o
                              0x82735 (size before relaxing)
 .debug_str     0x00083d7c       0x7e ./Core/Src/system_stm32f1xx.o
                              0x7f1d2 (size before relaxing)
 .debug_str     0x00083dfa       0x44 ./Core/Startup/startup_stm32f103c8tx.o
                                 0x80 (size before relaxing)
 .debug_str     0x00083e3e      0x607 ./Drivers/STM32F1xx_HAL_Driver/Src/stm32f1xx_hal.o
                              0x7f905 (size before relaxing)
 .debug_str     0x00084445      0x293 ./Drivers/STM32F1xx_HAL_Driver/Src/stm32f1xx_hal_cortex.o
                              0x7f851 (size before relaxing)
 .debug_str     0x000846d8       0x85 ./Drivers/STM32F1xx_HAL_Driver/Src/stm32f1xx_hal_crc.o
                              0x7f314 (size before relaxing)
 .debug_str     0x0008475d      0x2ce ./Drivers/STM32F1xx_HAL_Driver/Src/stm32f1xx_hal_gpio.o
                              0x7f558 (size before relaxing)
 .debug_str     0x00084a2b      0xb8e ./Drivers/STM32F1xx_HAL_Driver/Src/stm32f1xx_hal_i2c.o
                              0x80299 (size before relaxing)
 .debug_str     0x000855b9      0x5bd ./Drivers/STM32F1xx_HAL_Driver/Src/stm32f1xx_hal_pcd.o
                              0x7faef (size before relaxing)
 .debug_str     0x00085b76      0x170 ./Drivers/STM32F1xx_HAL_Driver/Src/stm32f1xx_hal_pcd_ex.o
                              0x7f651 (size before relaxing)
 .debug_str     0x00085ce6      0x209 ./Drivers/STM32F1xx_HAL_Driver/Src/stm32f1xx_hal_rcc.o
                              0x7f601 (size before relaxing)
 .debug_str     0x00085eef       0x9f ./Drivers/STM32F1xx_HAL_Driver/Src/stm32f1xx_hal_rcc_ex.o
                              0x7f351 (size before relaxing)
 .debug_str     0x00085f8e      0x129 ./Drivers/STM32F1xx_HAL_Driver/Src/stm32f1xx_ll_usb.o
                              0x7f6a3 (size before relaxing)
 .debug_str     0x000860b7      0x967 ./Middlewares/ST/STM32_USB_Device_Library/Class/CDC/Src/usbd_cdc.o
                              0x84109 (size before relaxing)
 .debug_str     0x00086a1e      0x281 ./Middlewares/ST/STM32_USB_Device_Library/Core/Src/usbd_core.o
                              0x83a39 (size before relaxing)
 .debug_str     0x00086c9f      0x120 ./Middlewares/ST/STM32_USB_Device_Library/Core/Src/usbd_ctlreq.o
                              0x83953 (size before relaxing)
 .debug_str     0x00086dbf       0x51 ./Middlewares/ST/STM32_USB_Device_Library/Core/Src/usbd_ioreq.o
                              0x83880 (size before relaxing)
 .debug_str     0x00086e10      0x105 ./USB_DEVICE/App/usb_device.o
                              0x83c0b (size before relaxing)
 .debug_str     0x00086f15       0x5f ./USB_DEVICE/App/usbd_cdc_if.o
                              0x83c48 (size before relaxing)
 .debug_str     0x00086f74      0x24d ./USB_DEVICE/App/usbd_desc.o
                              0x837b1 (size before relaxing)
 .debug_str     0x000871c1       0x78 ./USB_DEVICE/Target/usbd_conf.o
                              0x846ad (size before relaxing)

.comment        0x00000000       0x86
 .comment       0x00000000       0x43 ./Core/Src/main.o
                                 0x44 (size before relaxing)
 .comment       0x00000043       0x43 ./Core/Src/stm32f1xx_hal_msp.o
                                 0x44 (size before relaxing)
 .comment       0x00000086       0x44 ./Core/Src/stm32f1xx_it.o
 .comment       0x00000086       0x44 ./Core/Src/system_stm32f1xx.o
 .comment       0x00000086       0x44 ./Drivers/STM32F1xx_HAL_Driver/Src/stm32f1xx_hal.o
 .comment       0x00000086       0x44 ./Drivers/STM32F1xx_HAL_Driver/Src/stm32f1xx_hal_cortex.o
 .comment       0x00000086       0x44 ./Drivers/STM32F1xx_HAL_Driver/Src/stm32f1xx_hal_crc.o
 .comment       0x00000086       0x44 ./Drivers/STM32F1xx_HAL_Driver/Src/stm32f1xx_hal_gpio.o
 .comment       0x00000086       0x44 ./Drivers/STM32F1xx_HAL_Driver/Src/stm32f1xx_hal_i2c.o
 .comment       0x00000086       0x44 ./Drivers/STM32F1xx_HAL_Driver/Src/stm32f1xx_hal_pcd.o
 .comment       0x00000086       0x44 ./Drivers/STM32F1xx_HAL_Driver/Src/stm32f1xx_hal_pcd_ex.o
 .comment       0x00000086       0x44 ./Drivers/STM32F1xx_HAL_Driver/Src/stm32f1xx_hal_rcc.o
 .comment       0x00000086       0x44 ./Drivers/STM32F1xx_HAL_Driver/Src/stm32f1xx_hal_rcc_ex.o
 .comment       0x00000086       0x44 ./Drivers/STM32F1xx_HAL_Driver/Src/stm32f1xx_ll_usb.o
 .comment       0x00000086       0x44 ./Middlewares/ST/STM32_USB_Device_Library/Class/CDC/Src/usbd_cdc.o
 .comment       0x00000086       0x44 ./Middlewares/ST/STM32_USB_Device_Library/Core/Src/usbd_core.o
 .comment       0x00000086       0x44 ./Middlewares/ST/STM32_USB_Device_Library/Core/Src/usbd_ctlreq.o
 .comment       0x00000086       0x44 ./Middlewares/ST/STM32_USB_Device_Library/Core/Src/usbd_ioreq.o
 .comment       0x00000086       0x44 ./USB_DEVICE/App/usb_device.o
 .comment       0x00000086       0x44 ./USB_DEVICE/App/usbd_cdc_if.o
 .comment       0x00000086       0x44 ./USB_DEVICE/App/usbd_desc.o
 .comment       0x00000086       0x44 ./USB_DEVICE/Target/usbd_conf.o

.debug_frame    0x00000000     0x364c
 .debug_frame   0x00000000       0xc8 ./Core/Src/main.o
 .debug_frame   0x000000c8       0xd0 ./Core/Src/stm32f1xx_hal_msp.o
 .debug_frame   0x00000198      0x120 ./Core/Src/stm32f1xx_it.o
 .debug_frame   0x000002b8       0x58 ./Core/Src/system_stm32f1xx.o
 .debug_frame   0x00000310      0x334 ./Drivers/STM32F1xx_HAL_Driver/Src/stm32f1xx_hal.o
 .debug_frame   0x00000644      0x428 ./Drivers/STM32F1xx_HAL_Driver/Src/stm32f1xx_hal_cortex.o
 .debug_frame   0x00000a6c      0x120 ./Drivers/STM32F1xx_HAL_Driver/Src/stm32f1xx_hal_crc.o
 .debug_frame   0x00000b8c      0x14c ./Drivers/STM32F1xx_HAL_Driver/Src/stm32f1xx_hal_gpio.o
 .debug_frame   0x00000cd8      0xc84 ./Drivers/STM32F1xx_HAL_Driver/Src/stm32f1xx_hal_i2c.o
 .debug_frame   0x0000195c      0x594 ./Drivers/STM32F1xx_HAL_Driver/Src/stm32f1xx_hal_pcd.o
 .debug_frame   0x00001ef0       0xb0 ./Drivers/STM32F1xx_HAL_Driver/Src/stm32f1xx_hal_pcd_ex.o
 .debug_frame   0x00001fa0      0x218 ./Drivers/STM32F1xx_HAL_Driver/Src/stm32f1xx_hal_rcc.o
 .debug_frame   0x000021b8       0x80 ./Drivers/STM32F1xx_HAL_Driver/Src/stm32f1xx_hal_rcc_ex.o
 .debug_frame   0x00002238      0x470 ./Drivers/STM32F1xx_HAL_Driver/Src/stm32f1xx_ll_usb.o
 .debug_frame   0x000026a8      0x248 ./Middlewares/ST/STM32_USB_Device_Library/Class/CDC/Src/usbd_cdc.o
 .debug_frame   0x000028f0      0x300 ./Middlewares/ST/STM32_USB_Device_Library/Core/Src/usbd_core.o
 .debug_frame   0x00002bf0      0x218 ./Middlewares/ST/STM32_USB_Device_Library/Core/Src/usbd_ctlreq.o
 .debug_frame   0x00002e08      0x10c ./Middlewares/ST/STM32_USB_Device_Library/Core/Src/usbd_ioreq.o
 .debug_frame   0x00002f14       0x2c ./USB_DEVICE/App/usb_device.o
 .debug_frame   0x00002f40       0xbc ./USB_DEVICE/App/usbd_cdc_if.o
 .debug_frame   0x00002ffc      0x160 ./USB_DEVICE/App/usbd_desc.o
 .debug_frame   0x0000315c      0x4a4 ./USB_DEVICE/Target/usbd_conf.o
 .debug_frame   0x00003600       0x20 C:/ST/STM32CubeIDE_1.15.1/STM32CubeIDE/plugins/com.st.stm32cube.ide.mcu.externaltools.gnu-tools-for-stm32.12.3.rel1.win32_1.1.0.202410251130/tools/bin/../lib/gcc/arm-none-eabi/12.3.1/../../../../arm-none-eabi/lib/thumb/v7-m/nofp\libc_nano.a(libc_a-memset.o)
 .debug_frame   0x00003620       0x2c C:/ST/STM32CubeIDE_1.15.1/STM32CubeIDE/plugins/com.st.stm32cube.ide.mcu.externaltools.gnu-tools-for-stm32.12.3.rel1.win32_1.1.0.202410251130/tools/bin/../lib/gcc/arm-none-eabi/12.3.1/../../../../arm-none-eabi/lib/thumb/v7-m/nofp\libc_nano.a(libc_a-init.o)

.debug_line_str
                0x00000000       0x64
 .debug_line_str
                0x00000000       0x64 ./Core/Startup/startup_stm32f103c8tx.o
